[2026-08-06 14:37:42] ╔══════════════════════════════════════════════════════════════╗
[2026-08-06 14:37:42] ║        BURST QUOTA WARMUP — SUSTAINED LOAD GENERATOR        ║
[2026-08-06 14:37:42] ╠══════════════════════════════════════════════════════════════╣
[2026-08-06 14:37:42] ║  Waves:         6
[2026-08-06 14:37:42] ║  Interval:      35 minutes
[2026-08-06 14:37:42] ║  Total runtime: ~210 minutes
[2026-08-06 14:37:42] ║  Results:       /home/ubuntu/projects/microvm/KubeMicroVM/uat/results/burst-warmup/20260806-143742
[2026-08-06 14:37:42] ║  Started:       Thu Aug  6 14:37:42 UTC 2026
[2026-08-06 14:37:42] ╚══════════════════════════════════════════════════════════════╝
[2026-08-06 14:37:42] 
[2026-08-06 14:37:42] Pre-flight: verifying operator is running...
[2026-08-06 14:37:42] Pre-flight: operator ready ✓
[2026-08-06 14:37:42] 
[2026-08-06 14:37:42] ━━━━━━━━━━━━━━━━━━━━━━━━━━━━━━━━━━━━━━━━━━━━━━━━━━━━━━━━━━
[2026-08-06 14:37:42] WAVE 1/6 — starting at 14:37:42
[2026-08-06 14:37:42] ━━━━━━━━━━━━━━━━━━━━━━━━━━━━━━━━━━━━━━━━━━━━━━━━━━━━━━━━━━
[2026-08-06 14:51:03] Wave 1 complete: duration=801s max_concurrent=? peak_rate=?/s
[2026-08-06 14:51:03] 
[2026-08-06 14:51:03] Waiting 1299s until next wave (interval=35min)...
[2026-08-06 14:51:03] Next wave at: 15:12:42
[2026-08-06 15:12:42] ━━━━━━━━━━━━━━━━━━━━━━━━━━━━━━━━━━━━━━━━━━━━━━━━━━━━━━━━━━
[2026-08-06 15:12:42] WAVE 2/6 — starting at 15:12:42
[2026-08-06 15:12:42] ━━━━━━━━━━━━━━━━━━━━━━━━━━━━━━━━━━━━━━━━━━━━━━━━━━━━━━━━━━
[2026-08-06 15:26:02] Wave 2 complete: duration=800s max_concurrent=? peak_rate=?/s
[2026-08-06 15:26:02] 
[2026-08-06 15:26:02] Waiting 1300s until next wave (interval=35min)...
[2026-08-06 15:26:02] Next wave at: 15:47:42
[2026-08-06 15:47:42] ━━━━━━━━━━━━━━━━━━━━━━━━━━━━━━━━━━━━━━━━━━━━━━━━━━━━━━━━━━
[2026-08-06 15:47:42] WAVE 3/6 — starting at 15:47:42
[2026-08-06 15:47:42] ━━━━━━━━━━━━━━━━━━━━━━━━━━━━━━━━━━━━━━━━━━━━━━━━━━━━━━━━━━
[2026-08-06 16:01:03] Wave 3 complete: duration=801s max_concurrent=? peak_rate=?/s
[2026-08-06 16:01:03] 
[2026-08-06 16:01:03] Waiting 1299s until next wave (interval=35min)...
[2026-08-06 16:01:03] Next wave at: 16:22:42
