[2026-08-06 19:43:00] ╔══════════════════════════════════════════════════════════════╗
[2026-08-06 19:43:00] ║     RunMicrovm API PRESSURE GENERATOR                       ║
[2026-08-06 19:43:00] ╠══════════════════════════════════════════════════════════════╣
[2026-08-06 19:43:00] ║  Parallel calls/batch: 100
[2026-08-06 19:43:00] ║  Batches per wave:     20
[2026-08-06 19:43:00] ║  Gap between batches:  2s
[2026-08-06 19:43:00] ║  Total calls/wave:     2000
[2026-08-06 19:43:00] ║  Waves:                20
[2026-08-06 19:43:00] ║  Wave interval:        35 min
[2026-08-06 19:43:00] ║  Region:               us-east-1
[2026-08-06 19:43:00] ║  Images:               3
[2026-08-06 19:43:00] ╚══════════════════════════════════════════════════════════════╝
[2026-08-06 19:43:00] 
[2026-08-06 19:43:00] ━━━━━━━━━━━━━━━━━━━━━━━━━━━━━━━━━━━━━━━━━━━━━━━━━━━━━━━━━━
[2026-08-06 19:43:00] WAVE 1/20 — 100 parallel × 20 batches = 2000 calls
[2026-08-06 19:43:00] ━━━━━━━━━━━━━━━━━━━━━━━━━━━━━━━━━━━━━━━━━━━━━━━━━━━━━━━━━━
[2026-08-06 19:43:12]   Batch 1/20: +43 ok, +55 THROTTLED, +0 limit, + err | cumulative: 43 ok, 55 throttled [12s]
[2026-08-06 19:43:27]   Batch 2/20: +39 ok, +61 THROTTLED, +0 limit, + err | cumulative: 82 ok, 116 throttled [27s]
[2026-08-06 19:43:42]   Batch 3/20: +43 ok, +57 THROTTLED, +0 limit, + err | cumulative: 125 ok, 173 throttled [42s]
[2026-08-06 19:43:57]   Batch 4/20: +43 ok, +56 THROTTLED, +0 limit, + err | cumulative: 168 ok, 229 throttled [57s]
[2026-08-06 19:44:11]   Batch 5/20: +60 ok, +39 THROTTLED, +0 limit, + err | cumulative: 228 ok, 268 throttled [71s]
[2026-08-06 19:44:26]   Batch 6/20: +43 ok, +57 THROTTLED, +0 limit, + err | cumulative: 271 ok, 325 throttled [86s]
[2026-08-06 19:44:40]   Batch 7/20: +44 ok, +56 THROTTLED, +0 limit, + err | cumulative: 315 ok, 381 throttled [100s]
[2026-08-06 19:44:54]   Batch 8/20: +46 ok, +54 THROTTLED, +0 limit, + err | cumulative: 361 ok, 435 throttled [114s]
[2026-08-06 19:45:09]   Batch 9/20: +54 ok, +46 THROTTLED, +0 limit, + err | cumulative: 415 ok, 481 throttled [129s]
[2026-08-06 19:45:33]   Batch 10/20: +74 ok, +17 THROTTLED, +0 limit, + err | cumulative: 489 ok, 498 throttled [153s]
[2026-08-06 19:45:56]   Batch 11/20: +23 ok, +41 THROTTLED, +0 limit, + err | cumulative: 512 ok, 539 throttled [176s]
[2026-08-06 19:46:20]   Batch 12/20: +0 ok, + THROTTLED, + limit, + err | cumulative: 512 ok, 539 throttled [200s]
[2026-08-06 19:46:44]   Batch 13/20: +0 ok, + THROTTLED, + limit, + err | cumulative: 512 ok, 539 throttled [224s]
[2026-08-06 19:47:09]   Batch 14/20: +0 ok, + THROTTLED, + limit, + err | cumulative: 512 ok, 539 throttled [249s]
[2026-08-06 19:47:33]   Batch 15/20: +0 ok, + THROTTLED, + limit, + err | cumulative: 512 ok, 539 throttled [273s]
[2026-08-06 19:47:47]   Batch 16/20: +0 ok, + THROTTLED, + limit, + err | cumulative: 512 ok, 539 throttled [287s]
[2026-08-06 19:48:01]   Batch 17/20: +0 ok, + THROTTLED, + limit, + err | cumulative: 512 ok, 539 throttled [301s]
[2026-08-06 19:48:15]   Batch 18/20: +0 ok, + THROTTLED, + limit, + err | cumulative: 512 ok, 539 throttled [315s]
[2026-08-06 19:48:30]   Batch 19/20: +0 ok, + THROTTLED, + limit, + err | cumulative: 512 ok, 539 throttled [330s]
[2026-08-06 19:48:43]   Batch 20/20: +0 ok, + THROTTLED, + limit, + err | cumulative: 512 ok, 539 throttled [343s]
[2026-08-06 19:48:43] 
[2026-08-06 19:48:43] Wave 1 complete in 343s:
[2026-08-06 19:48:43]   ✓ Success:    512
[2026-08-06 19:48:43]   ⚡ Throttled:  539  ← THIS IS THE SIGNAL AWS SEES
[2026-08-06 19:48:43]   🚫 Limit hit:  0
[2026-08-06 19:48:43]   ✗ Errors:     0
[2026-08-06 19:48:43]   Rate:         3.0 calls/s
[2026-08-06 19:48:43] 
[2026-08-06 19:48:43] Terminating 512 created VMs...
[2026-08-06 19:49:57] Terminated 512 VMs in 74s
[2026-08-06 19:49:57] Waiting 5m 38s until next wave (randomized 5-7 min)...
[2026-08-06 19:55:35] ━━━━━━━━━━━━━━━━━━━━━━━━━━━━━━━━━━━━━━━━━━━━━━━━━━━━━━━━━━
[2026-08-06 19:55:35] WAVE 2/20 — 100 parallel × 20 batches = 2000 calls
[2026-08-06 19:55:35] ━━━━━━━━━━━━━━━━━━━━━━━━━━━━━━━━━━━━━━━━━━━━━━━━━━━━━━━━━━
[2026-08-06 19:55:47]   Batch 1/20: +48 ok, +49 THROTTLED, +0 limit, + err | cumulative: 48 ok, 49 throttled [12s]
[2026-08-06 19:56:01]   Batch 2/20: +40 ok, +59 THROTTLED, +0 limit, + err | cumulative: 88 ok, 108 throttled [26s]
[2026-08-06 19:56:16]   Batch 3/20: +42 ok, +55 THROTTLED, +0 limit, + err | cumulative: 130 ok, 163 throttled [41s]
[2026-08-06 19:56:31]   Batch 4/20: +41 ok, +55 THROTTLED, +0 limit, + err | cumulative: 171 ok, 218 throttled [56s]
[2026-08-06 19:56:46]   Batch 5/20: +46 ok, +48 THROTTLED, +0 limit, + err | cumulative: 217 ok, 266 throttled [71s]
[2026-08-06 19:57:00]   Batch 6/20: +50 ok, +45 THROTTLED, +0 limit, + err | cumulative: 267 ok, 311 throttled [85s]
[2026-08-06 19:57:14]   Batch 7/20: +43 ok, +53 THROTTLED, +0 limit, + err | cumulative: 310 ok, 364 throttled [99s]
[2026-08-06 19:57:28]   Batch 8/20: +38 ok, +59 THROTTLED, +0 limit, + err | cumulative: 348 ok, 423 throttled [113s]
[2026-08-06 19:57:43]   Batch 9/20: +42 ok, +53 THROTTLED, +0 limit, + err | cumulative: 390 ok, 476 throttled [128s]
[2026-08-06 19:57:57]   Batch 10/20: +44 ok, +51 THROTTLED, +0 limit, + err | cumulative: 434 ok, 527 throttled [142s]
[2026-08-06 19:58:12]   Batch 11/20: +49 ok, +51 THROTTLED, +0 limit, + err | cumulative: 483 ok, 578 throttled [157s]
[2026-08-06 19:58:26]   Batch 12/20: +29 ok, +40 THROTTLED, +0 limit, + err | cumulative: 512 ok, 618 throttled [171s]
[2026-08-06 19:58:40]   Batch 13/20: +0 ok, + THROTTLED, + limit, + err | cumulative: 512 ok, 618 throttled [185s]
[2026-08-06 19:58:56]   Batch 14/20: +0 ok, + THROTTLED, + limit, + err | cumulative: 512 ok, 618 throttled [201s]
[2026-08-06 19:59:10]   Batch 15/20: +0 ok, + THROTTLED, + limit, + err | cumulative: 512 ok, 618 throttled [215s]
[2026-08-06 19:59:25]   Batch 16/20: +0 ok, + THROTTLED, + limit, + err | cumulative: 512 ok, 618 throttled [230s]
[2026-08-06 19:59:40]   Batch 17/20: +0 ok, + THROTTLED, + limit, + err | cumulative: 512 ok, 618 throttled [245s]
[2026-08-06 19:59:54]   Batch 18/20: +0 ok, + THROTTLED, + limit, + err | cumulative: 512 ok, 618 throttled [259s]
[2026-08-06 20:00:08]   Batch 19/20: +0 ok, + THROTTLED, + limit, + err | cumulative: 512 ok, 618 throttled [273s]
[2026-08-06 20:00:23]   Batch 20/20: +0 ok, + THROTTLED, + limit, + err | cumulative: 512 ok, 618 throttled [288s]
[2026-08-06 20:00:23] 
[2026-08-06 20:00:23] Wave 2 complete in 288s:
[2026-08-06 20:00:23]   ✓ Success:    512
[2026-08-06 20:00:23]   ⚡ Throttled:  618  ← THIS IS THE SIGNAL AWS SEES
[2026-08-06 20:00:23]   🚫 Limit hit:  0
[2026-08-06 20:00:23]   ✗ Errors:     0
[2026-08-06 20:00:23]   Rate:         3.9 calls/s
[2026-08-06 20:00:23] 
[2026-08-06 20:00:23] Terminating 512 created VMs...
[2026-08-06 20:01:30] Terminated 512 VMs in 67s
[2026-08-06 20:01:30] Waiting 5m 56s until next wave (randomized 5-7 min)...
[2026-08-06 20:07:26] ━━━━━━━━━━━━━━━━━━━━━━━━━━━━━━━━━━━━━━━━━━━━━━━━━━━━━━━━━━
[2026-08-06 20:07:26] WAVE 3/20 — 100 parallel × 20 batches = 2000 calls
[2026-08-06 20:07:26] ━━━━━━━━━━━━━━━━━━━━━━━━━━━━━━━━━━━━━━━━━━━━━━━━━━━━━━━━━━
[2026-08-06 20:07:38]   Batch 1/20: +58 ok, +41 THROTTLED, +0 limit, + err | cumulative: 58 ok, 41 throttled [12s]
[2026-08-06 20:07:52]   Batch 2/20: +48 ok, +50 THROTTLED, +0 limit, + err | cumulative: 106 ok, 91 throttled [26s]
[2026-08-06 20:08:06]   Batch 3/20: +45 ok, +54 THROTTLED, +0 limit, + err | cumulative: 151 ok, 145 throttled [40s]
[2026-08-06 20:08:20]   Batch 4/20: +49 ok, +50 THROTTLED, +0 limit, + err | cumulative: 200 ok, 195 throttled [54s]
[2026-08-06 20:08:34]   Batch 5/20: +44 ok, +55 THROTTLED, +0 limit, + err | cumulative: 244 ok, 250 throttled [68s]
[2026-08-06 20:08:49]   Batch 6/20: +42 ok, +56 THROTTLED, +0 limit, + err | cumulative: 286 ok, 306 throttled [83s]
[2026-08-06 20:09:03]   Batch 7/20: +50 ok, +46 THROTTLED, +0 limit, + err | cumulative: 336 ok, 352 throttled [97s]
[2026-08-06 20:09:17]   Batch 8/20: +49 ok, +48 THROTTLED, +0 limit, + err | cumulative: 385 ok, 400 throttled [111s]
[2026-08-06 20:09:33]   Batch 9/20: +42 ok, +57 THROTTLED, +0 limit, + err | cumulative: 427 ok, 457 throttled [127s]
[2026-08-06 20:09:47]   Batch 10/20: +41 ok, +57 THROTTLED, +0 limit, + err | cumulative: 468 ok, 514 throttled [141s]
[2026-08-06 20:10:05]   Batch 11/20: +39 ok, +58 THROTTLED, +0 limit, + err | cumulative: 507 ok, 572 throttled [159s]
[2026-08-06 20:10:19]   Batch 12/20: +4 ok, +56 THROTTLED, +0 limit, + err | cumulative: 511 ok, 628 throttled [173s]
[2026-08-06 20:10:32]   Batch 13/20: +0 ok, + THROTTLED, + limit, + err | cumulative: 511 ok, 628 throttled [186s]
[2026-08-06 20:10:47]   Batch 14/20: +0 ok, + THROTTLED, + limit, + err | cumulative: 511 ok, 628 throttled [201s]
[2026-08-06 20:11:01]   Batch 15/20: +0 ok, + THROTTLED, + limit, + err | cumulative: 511 ok, 628 throttled [215s]
[2026-08-06 20:11:16]   Batch 16/20: +0 ok, + THROTTLED, + limit, + err | cumulative: 511 ok, 628 throttled [230s]
[2026-08-06 20:11:31]   Batch 17/20: +0 ok, + THROTTLED, + limit, + err | cumulative: 511 ok, 628 throttled [245s]
[2026-08-06 20:11:46]   Batch 18/20: +0 ok, + THROTTLED, + limit, + err | cumulative: 511 ok, 628 throttled [260s]
[2026-08-06 20:12:00]   Batch 19/20: +0 ok, + THROTTLED, + limit, + err | cumulative: 511 ok, 628 throttled [274s]
[2026-08-06 20:12:15]   Batch 20/20: +0 ok, + THROTTLED, + limit, + err | cumulative: 511 ok, 628 throttled [289s]
[2026-08-06 20:12:15] 
[2026-08-06 20:12:15] Wave 3 complete in 289s:
[2026-08-06 20:12:15]   ✓ Success:    511
[2026-08-06 20:12:15]   ⚡ Throttled:  628  ← THIS IS THE SIGNAL AWS SEES
[2026-08-06 20:12:15]   🚫 Limit hit:  0
[2026-08-06 20:12:15]   ✗ Errors:     0
[2026-08-06 20:12:15]   Rate:         3.9 calls/s
[2026-08-06 20:12:15] 
[2026-08-06 20:12:15] Terminating 511 created VMs...
[2026-08-06 20:13:28] Terminated 511 VMs in 73s
[2026-08-06 20:13:28] Waiting 6m 21s until next wave (randomized 5-7 min)...
[2026-08-06 20:19:49] ━━━━━━━━━━━━━━━━━━━━━━━━━━━━━━━━━━━━━━━━━━━━━━━━━━━━━━━━━━
[2026-08-06 20:19:49] WAVE 4/20 — 100 parallel × 20 batches = 2000 calls
[2026-08-06 20:19:49] ━━━━━━━━━━━━━━━━━━━━━━━━━━━━━━━━━━━━━━━━━━━━━━━━━━━━━━━━━━
[2026-08-06 20:20:02]   Batch 1/20: +42 ok, +55 THROTTLED, +0 limit, + err | cumulative: 42 ok, 55 throttled [13s]
[2026-08-06 20:20:16]   Batch 2/20: +40 ok, +59 THROTTLED, +0 limit, + err | cumulative: 82 ok, 114 throttled [27s]
[2026-08-06 20:20:31]   Batch 3/20: +45 ok, +55 THROTTLED, +0 limit, + err | cumulative: 127 ok, 169 throttled [42s]
[2026-08-06 20:20:46]   Batch 4/20: +42 ok, +57 THROTTLED, +0 limit, + err | cumulative: 169 ok, 226 throttled [57s]
[2026-08-06 20:21:00]   Batch 5/20: +40 ok, +60 THROTTLED, +0 limit, + err | cumulative: 209 ok, 286 throttled [71s]
[2026-08-06 20:21:14]   Batch 6/20: +50 ok, +50 THROTTLED, +0 limit, + err | cumulative: 259 ok, 336 throttled [85s]
[2026-08-06 20:21:28]   Batch 7/20: +50 ok, +49 THROTTLED, +0 limit, + err | cumulative: 309 ok, 385 throttled [99s]
[2026-08-06 20:21:43]   Batch 8/20: +45 ok, +55 THROTTLED, +0 limit, + err | cumulative: 354 ok, 440 throttled [114s]
[2026-08-06 20:21:57]   Batch 9/20: +52 ok, +48 THROTTLED, +0 limit, + err | cumulative: 406 ok, 488 throttled [128s]
[2026-08-06 20:22:12]   Batch 10/20: +51 ok, +41 THROTTLED, +0 limit, + err | cumulative: 457 ok, 529 throttled [143s]
[2026-08-06 20:22:27]   Batch 11/20: +52 ok, +44 THROTTLED, +0 limit, + err | cumulative: 509 ok, 573 throttled [158s]
[2026-08-06 20:22:41]   Batch 12/20: +3 ok, +53 THROTTLED, +0 limit, + err | cumulative: 512 ok, 626 throttled [172s]
[2026-08-06 20:22:56]   Batch 13/20: +0 ok, + THROTTLED, + limit, + err | cumulative: 512 ok, 626 throttled [187s]
[2026-08-06 20:23:10]   Batch 14/20: +0 ok, + THROTTLED, + limit, + err | cumulative: 512 ok, 626 throttled [201s]
[2026-08-06 20:23:26]   Batch 15/20: +0 ok, + THROTTLED, + limit, + err | cumulative: 512 ok, 626 throttled [217s]
[2026-08-06 20:23:39]   Batch 16/20: +0 ok, + THROTTLED, + limit, + err | cumulative: 512 ok, 626 throttled [230s]
[2026-08-06 20:23:53]   Batch 17/20: +0 ok, + THROTTLED, + limit, + err | cumulative: 512 ok, 626 throttled [244s]
[2026-08-06 20:24:09]   Batch 18/20: +0 ok, + THROTTLED, + limit, + err | cumulative: 512 ok, 626 throttled [260s]
[2026-08-06 20:24:23]   Batch 19/20: +0 ok, + THROTTLED, + limit, + err | cumulative: 512 ok, 626 throttled [274s]
[2026-08-06 20:24:39]   Batch 20/20: +0 ok, + THROTTLED, + limit, + err | cumulative: 512 ok, 626 throttled [290s]
[2026-08-06 20:24:39] 
[2026-08-06 20:24:39] Wave 4 complete in 290s:
[2026-08-06 20:24:39]   ✓ Success:    512
[2026-08-06 20:24:39]   ⚡ Throttled:  626  ← THIS IS THE SIGNAL AWS SEES
[2026-08-06 20:24:39]   🚫 Limit hit:  0
[2026-08-06 20:24:39]   ✗ Errors:     0
[2026-08-06 20:24:39]   Rate:         3.9 calls/s
[2026-08-06 20:24:39] 
[2026-08-06 20:24:39] Terminating 512 created VMs...
[2026-08-06 20:25:47] Terminated 512 VMs in 68s
[2026-08-06 20:25:47] Waiting 5m 5s until next wave (randomized 5-7 min)...
[2026-08-06 20:30:52] ━━━━━━━━━━━━━━━━━━━━━━━━━━━━━━━━━━━━━━━━━━━━━━━━━━━━━━━━━━
[2026-08-06 20:30:52] WAVE 5/20 — 100 parallel × 20 batches = 2000 calls
[2026-08-06 20:30:52] ━━━━━━━━━━━━━━━━━━━━━━━━━━━━━━━━━━━━━━━━━━━━━━━━━━━━━━━━━━
[2026-08-06 20:31:04]   Batch 1/20: +55 ok, +39 THROTTLED, +0 limit, + err | cumulative: 55 ok, 39 throttled [12s]
[2026-08-06 20:31:18]   Batch 2/20: +48 ok, +43 THROTTLED, +0 limit, + err | cumulative: 103 ok, 82 throttled [26s]
[2026-08-06 20:31:32]   Batch 3/20: +43 ok, +48 THROTTLED, +0 limit, + err | cumulative: 146 ok, 130 throttled [40s]
[2026-08-06 20:31:47]   Batch 4/20: +41 ok, +55 THROTTLED, +0 limit, + err | cumulative: 187 ok, 185 throttled [55s]
[2026-08-06 20:32:00]   Batch 5/20: +46 ok, +53 THROTTLED, +0 limit, + err | cumulative: 233 ok, 238 throttled [68s]
[2026-08-06 20:32:15]   Batch 6/20: +43 ok, +57 THROTTLED, +0 limit, + err | cumulative: 276 ok, 295 throttled [83s]
[2026-08-06 20:32:29]   Batch 7/20: +55 ok, +44 THROTTLED, +0 limit, + err | cumulative: 331 ok, 339 throttled [97s]
[2026-08-06 20:32:43]   Batch 8/20: +44 ok, +55 THROTTLED, +0 limit, + err | cumulative: 375 ok, 394 throttled [111s]
[2026-08-06 20:32:58]   Batch 9/20: +52 ok, +48 THROTTLED, +0 limit, + err | cumulative: 427 ok, 442 throttled [126s]
[2026-08-06 20:33:13]   Batch 10/20: +44 ok, +56 THROTTLED, +0 limit, + err | cumulative: 471 ok, 498 throttled [141s]
[2026-08-06 20:33:27]   Batch 11/20: +41 ok, +54 THROTTLED, +0 limit, + err | cumulative: 512 ok, 552 throttled [155s]
[2026-08-06 20:33:42]   Batch 12/20: +0 ok, + THROTTLED, + limit, + err | cumulative: 512 ok, 552 throttled [170s]
[2026-08-06 20:33:56]   Batch 13/20: +0 ok, + THROTTLED, + limit, + err | cumulative: 512 ok, 552 throttled [184s]
[2026-08-06 20:34:10]   Batch 14/20: +0 ok, + THROTTLED, + limit, + err | cumulative: 512 ok, 552 throttled [198s]
[2026-08-06 20:34:24]   Batch 15/20: +0 ok, + THROTTLED, + limit, + err | cumulative: 512 ok, 552 throttled [212s]
[2026-08-06 20:34:38]   Batch 16/20: +0 ok, + THROTTLED, + limit, + err | cumulative: 512 ok, 552 throttled [226s]
[2026-08-06 20:34:52]   Batch 17/20: +0 ok, + THROTTLED, + limit, + err | cumulative: 512 ok, 552 throttled [240s]
[2026-08-06 20:35:06]   Batch 18/20: +0 ok, + THROTTLED, + limit, + err | cumulative: 512 ok, 552 throttled [254s]
[2026-08-06 20:35:20]   Batch 19/20: +0 ok, + THROTTLED, + limit, + err | cumulative: 512 ok, 552 throttled [268s]
[2026-08-06 20:35:35]   Batch 20/20: +0 ok, + THROTTLED, + limit, + err | cumulative: 512 ok, 552 throttled [283s]
[2026-08-06 20:35:35] 
[2026-08-06 20:35:35] Wave 5 complete in 283s:
[2026-08-06 20:35:35]   ✓ Success:    512
[2026-08-06 20:35:35]   ⚡ Throttled:  552  ← THIS IS THE SIGNAL AWS SEES
[2026-08-06 20:35:35]   🚫 Limit hit:  0
[2026-08-06 20:35:35]   ✗ Errors:     0
[2026-08-06 20:35:35]   Rate:         3.7 calls/s
[2026-08-06 20:35:35] 
[2026-08-06 20:35:35] Terminating 512 created VMs...
[2026-08-06 20:36:44] Terminated 512 VMs in 69s
[2026-08-06 20:36:44] Waiting 5m 50s until next wave (randomized 5-7 min)...
[2026-08-06 20:42:34] ━━━━━━━━━━━━━━━━━━━━━━━━━━━━━━━━━━━━━━━━━━━━━━━━━━━━━━━━━━
[2026-08-06 20:42:34] WAVE 6/20 — 100 parallel × 20 batches = 2000 calls
[2026-08-06 20:42:34] ━━━━━━━━━━━━━━━━━━━━━━━━━━━━━━━━━━━━━━━━━━━━━━━━━━━━━━━━━━
[2026-08-06 20:42:46]   Batch 1/20: +51 ok, +48 THROTTLED, +0 limit, + err | cumulative: 51 ok, 48 throttled [12s]
[2026-08-06 20:43:00]   Batch 2/20: +39 ok, +59 THROTTLED, +0 limit, + err | cumulative: 90 ok, 107 throttled [26s]
[2026-08-06 20:43:15]   Batch 3/20: +44 ok, +54 THROTTLED, +0 limit, + err | cumulative: 134 ok, 161 throttled [41s]
[2026-08-06 20:43:29]   Batch 4/20: +45 ok, +54 THROTTLED, +0 limit, + err | cumulative: 179 ok, 215 throttled [55s]
[2026-08-06 20:43:43]   Batch 5/20: +45 ok, +55 THROTTLED, +0 limit, + err | cumulative: 224 ok, 270 throttled [69s]
[2026-08-06 20:43:58]   Batch 6/20: +39 ok, +58 THROTTLED, +0 limit, + err | cumulative: 263 ok, 328 throttled [84s]
[2026-08-06 20:44:12]   Batch 7/20: +49 ok, +50 THROTTLED, +0 limit, + err | cumulative: 312 ok, 378 throttled [98s]
[2026-08-06 20:44:27]   Batch 8/20: +44 ok, +54 THROTTLED, +0 limit, + err | cumulative: 356 ok, 432 throttled [113s]
[2026-08-06 20:44:40]   Batch 9/20: +44 ok, +56 THROTTLED, +0 limit, + err | cumulative: 400 ok, 488 throttled [126s]
[2026-08-06 20:44:54]   Batch 10/20: +45 ok, +54 THROTTLED, +0 limit, + err | cumulative: 445 ok, 542 throttled [140s]
[2026-08-06 20:45:09]   Batch 11/20: +40 ok, +57 THROTTLED, +0 limit, + err | cumulative: 485 ok, 599 throttled [155s]
[2026-08-06 20:45:23]   Batch 12/20: +27 ok, +57 THROTTLED, +0 limit, + err | cumulative: 512 ok, 656 throttled [169s]
[2026-08-06 20:45:37]   Batch 13/20: +0 ok, + THROTTLED, + limit, + err | cumulative: 512 ok, 656 throttled [183s]
[2026-08-06 20:45:51]   Batch 14/20: +0 ok, + THROTTLED, + limit, + err | cumulative: 512 ok, 656 throttled [197s]
[2026-08-06 20:46:07]   Batch 15/20: +0 ok, + THROTTLED, + limit, + err | cumulative: 512 ok, 656 throttled [213s]
[2026-08-06 20:46:22]   Batch 16/20: +0 ok, + THROTTLED, + limit, + err | cumulative: 512 ok, 656 throttled [228s]
[2026-08-06 20:46:36]   Batch 17/20: +0 ok, + THROTTLED, + limit, + err | cumulative: 512 ok, 656 throttled [242s]
[2026-08-06 20:46:50]   Batch 18/20: +0 ok, + THROTTLED, + limit, + err | cumulative: 512 ok, 656 throttled [256s]
[2026-08-06 20:47:04]   Batch 19/20: +0 ok, + THROTTLED, + limit, + err | cumulative: 512 ok, 656 throttled [270s]
[2026-08-06 20:47:18]   Batch 20/20: +0 ok, + THROTTLED, + limit, + err | cumulative: 512 ok, 656 throttled [284s]
[2026-08-06 20:47:18] 
[2026-08-06 20:47:18] Wave 6 complete in 284s:
[2026-08-06 20:47:18]   ✓ Success:    512
[2026-08-06 20:47:18]   ⚡ Throttled:  656  ← THIS IS THE SIGNAL AWS SEES
[2026-08-06 20:47:18]   🚫 Limit hit:  0
[2026-08-06 20:47:18]   ✗ Errors:     0
[2026-08-06 20:47:18]   Rate:         4.1 calls/s
[2026-08-06 20:47:18] 
[2026-08-06 20:47:18] Terminating 512 created VMs...
[2026-08-06 20:48:28] Terminated 512 VMs in 70s
[2026-08-06 20:48:28] Waiting 6m 9s until next wave (randomized 5-7 min)...
[2026-08-06 20:54:37] ━━━━━━━━━━━━━━━━━━━━━━━━━━━━━━━━━━━━━━━━━━━━━━━━━━━━━━━━━━
[2026-08-06 20:54:37] WAVE 7/20 — 100 parallel × 20 batches = 2000 calls
[2026-08-06 20:54:37] ━━━━━━━━━━━━━━━━━━━━━━━━━━━━━━━━━━━━━━━━━━━━━━━━━━━━━━━━━━
[2026-08-06 20:54:50]   Batch 1/20: +44 ok, +53 THROTTLED, +0 limit, + err | cumulative: 44 ok, 53 throttled [13s]
[2026-08-06 20:55:04]   Batch 2/20: +47 ok, +53 THROTTLED, +0 limit, + err | cumulative: 91 ok, 106 throttled [27s]
[2026-08-06 20:55:18]   Batch 3/20: +41 ok, +55 THROTTLED, +0 limit, + err | cumulative: 132 ok, 161 throttled [41s]
[2026-08-06 20:55:32]   Batch 4/20: +46 ok, +54 THROTTLED, +0 limit, + err | cumulative: 178 ok, 215 throttled [55s]
[2026-08-06 20:55:46]   Batch 5/20: +52 ok, +45 THROTTLED, +0 limit, + err | cumulative: 230 ok, 260 throttled [69s]
[2026-08-06 20:56:01]   Batch 6/20: +42 ok, +54 THROTTLED, +0 limit, + err | cumulative: 272 ok, 314 throttled [84s]
[2026-08-06 20:56:16]   Batch 7/20: +39 ok, +59 THROTTLED, +0 limit, + err | cumulative: 311 ok, 373 throttled [99s]
[2026-08-06 20:56:30]   Batch 8/20: +48 ok, +46 THROTTLED, +0 limit, + err | cumulative: 359 ok, 419 throttled [113s]
[2026-08-06 20:56:44]   Batch 9/20: +44 ok, +52 THROTTLED, +0 limit, + err | cumulative: 403 ok, 471 throttled [127s]
[2026-08-06 20:56:59]   Batch 10/20: +43 ok, +57 THROTTLED, +0 limit, + err | cumulative: 446 ok, 528 throttled [142s]
[2026-08-06 20:57:13]   Batch 11/20: +49 ok, +46 THROTTLED, +0 limit, + err | cumulative: 495 ok, 574 throttled [156s]
[2026-08-06 20:57:27]   Batch 12/20: +17 ok, +53 THROTTLED, +0 limit, + err | cumulative: 512 ok, 627 throttled [170s]
[2026-08-06 20:57:41]   Batch 13/20: +0 ok, + THROTTLED, + limit, + err | cumulative: 512 ok, 627 throttled [184s]
[2026-08-06 20:57:55]   Batch 14/20: +0 ok, + THROTTLED, + limit, + err | cumulative: 512 ok, 627 throttled [198s]
[2026-08-06 20:58:10]   Batch 15/20: +0 ok, + THROTTLED, + limit, + err | cumulative: 512 ok, 627 throttled [213s]
[2026-08-06 20:58:24]   Batch 16/20: +0 ok, + THROTTLED, + limit, + err | cumulative: 512 ok, 627 throttled [227s]
[2026-08-06 20:58:39]   Batch 17/20: +0 ok, + THROTTLED, + limit, + err | cumulative: 512 ok, 627 throttled [242s]
[2026-08-06 20:58:54]   Batch 18/20: +0 ok, + THROTTLED, + limit, + err | cumulative: 512 ok, 627 throttled [257s]
[2026-08-06 20:59:07]   Batch 19/20: +0 ok, + THROTTLED, + limit, + err | cumulative: 512 ok, 627 throttled [270s]
[2026-08-06 20:59:22]   Batch 20/20: +0 ok, + THROTTLED, + limit, + err | cumulative: 512 ok, 627 throttled [285s]
[2026-08-06 20:59:22] 
[2026-08-06 20:59:22] Wave 7 complete in 285s:
[2026-08-06 20:59:22]   ✓ Success:    512
[2026-08-06 20:59:22]   ⚡ Throttled:  627  ← THIS IS THE SIGNAL AWS SEES
[2026-08-06 20:59:22]   🚫 Limit hit:  0
[2026-08-06 20:59:22]   ✗ Errors:     0
[2026-08-06 20:59:22]   Rate:         3.9 calls/s
[2026-08-06 20:59:22] 
[2026-08-06 20:59:22] Terminating 512 created VMs...
[2026-08-06 21:00:40] Terminated 512 VMs in 78s
[2026-08-06 21:00:40] Waiting 6m 57s until next wave (randomized 5-7 min)...
[2026-08-06 21:07:37] ━━━━━━━━━━━━━━━━━━━━━━━━━━━━━━━━━━━━━━━━━━━━━━━━━━━━━━━━━━
[2026-08-06 21:07:37] WAVE 8/20 — 100 parallel × 20 batches = 2000 calls
[2026-08-06 21:07:37] ━━━━━━━━━━━━━━━━━━━━━━━━━━━━━━━━━━━━━━━━━━━━━━━━━━━━━━━━━━
[2026-08-06 21:07:50]   Batch 1/20: +45 ok, +47 THROTTLED, +0 limit, + err | cumulative: 45 ok, 47 throttled [13s]
[2026-08-06 21:08:06]   Batch 2/20: +51 ok, +47 THROTTLED, +0 limit, + err | cumulative: 96 ok, 94 throttled [29s]
[2026-08-06 21:08:20]   Batch 3/20: +46 ok, +54 THROTTLED, +0 limit, + err | cumulative: 142 ok, 148 throttled [43s]
[2026-08-06 21:08:36]   Batch 4/20: +47 ok, +50 THROTTLED, +0 limit, + err | cumulative: 189 ok, 198 throttled [59s]
[2026-08-06 21:08:50]   Batch 5/20: +42 ok, +54 THROTTLED, +0 limit, + err | cumulative: 231 ok, 252 throttled [73s]
[2026-08-06 21:09:05]   Batch 6/20: +51 ok, +47 THROTTLED, +0 limit, + err | cumulative: 282 ok, 299 throttled [88s]
[2026-08-06 21:09:19]   Batch 7/20: +46 ok, +50 THROTTLED, +0 limit, + err | cumulative: 328 ok, 349 throttled [102s]
[2026-08-06 21:09:33]   Batch 8/20: +45 ok, +50 THROTTLED, +0 limit, + err | cumulative: 373 ok, 399 throttled [116s]
[2026-08-06 21:09:47]   Batch 9/20: +45 ok, +54 THROTTLED, +0 limit, + err | cumulative: 418 ok, 453 throttled [130s]
[2026-08-06 21:10:01]   Batch 10/20: +50 ok, +49 THROTTLED, +0 limit, + err | cumulative: 468 ok, 502 throttled [144s]
[2026-08-06 21:10:16]   Batch 11/20: +44 ok, +53 THROTTLED, +0 limit, + err | cumulative: 512 ok, 555 throttled [159s]
[2026-08-06 21:10:31]   Batch 12/20: +0 ok, + THROTTLED, + limit, + err | cumulative: 512 ok, 555 throttled [174s]
[2026-08-06 21:10:45]   Batch 13/20: +0 ok, + THROTTLED, + limit, + err | cumulative: 512 ok, 555 throttled [188s]
[2026-08-06 21:11:00]   Batch 14/20: +0 ok, + THROTTLED, + limit, + err | cumulative: 512 ok, 555 throttled [203s]
[2026-08-06 21:11:15]   Batch 15/20: +0 ok, + THROTTLED, + limit, + err | cumulative: 512 ok, 555 throttled [218s]
[2026-08-06 21:11:29]   Batch 16/20: +0 ok, + THROTTLED, + limit, + err | cumulative: 512 ok, 555 throttled [232s]
[2026-08-06 21:11:42]   Batch 17/20: +0 ok, + THROTTLED, + limit, + err | cumulative: 512 ok, 555 throttled [245s]
[2026-08-06 21:11:56]   Batch 18/20: +0 ok, + THROTTLED, + limit, + err | cumulative: 512 ok, 555 throttled [259s]
[2026-08-06 21:12:10]   Batch 19/20: +0 ok, + THROTTLED, + limit, + err | cumulative: 512 ok, 555 throttled [273s]
[2026-08-06 21:12:25]   Batch 20/20: +0 ok, + THROTTLED, + limit, + err | cumulative: 512 ok, 555 throttled [288s]
[2026-08-06 21:12:25] 
[2026-08-06 21:12:25] Wave 8 complete in 288s:
[2026-08-06 21:12:25]   ✓ Success:    512
[2026-08-06 21:12:25]   ⚡ Throttled:  555  ← THIS IS THE SIGNAL AWS SEES
[2026-08-06 21:12:25]   🚫 Limit hit:  0
[2026-08-06 21:12:25]   ✗ Errors:     0
[2026-08-06 21:12:25]   Rate:         3.7 calls/s
[2026-08-06 21:12:25] 
[2026-08-06 21:12:25] Terminating 512 created VMs...
[2026-08-06 21:13:37] Terminated 512 VMs in 72s
[2026-08-06 21:13:37] Waiting 6m 49s until next wave (randomized 5-7 min)...
[2026-08-06 21:20:26] ━━━━━━━━━━━━━━━━━━━━━━━━━━━━━━━━━━━━━━━━━━━━━━━━━━━━━━━━━━
[2026-08-06 21:20:26] WAVE 9/20 — 100 parallel × 20 batches = 2000 calls
[2026-08-06 21:20:26] ━━━━━━━━━━━━━━━━━━━━━━━━━━━━━━━━━━━━━━━━━━━━━━━━━━━━━━━━━━
[2026-08-06 21:20:40]   Batch 1/20: +45 ok, +55 THROTTLED, +0 limit, + err | cumulative: 45 ok, 55 throttled [14s]
[2026-08-06 21:20:53]   Batch 2/20: +38 ok, +59 THROTTLED, +0 limit, + err | cumulative: 83 ok, 114 throttled [27s]
[2026-08-06 21:21:07]   Batch 3/20: +46 ok, +52 THROTTLED, +0 limit, + err | cumulative: 129 ok, 166 throttled [41s]
[2026-08-06 21:21:21]   Batch 4/20: +51 ok, +47 THROTTLED, +0 limit, + err | cumulative: 180 ok, 213 throttled [55s]
[2026-08-06 21:21:35]   Batch 5/20: +48 ok, +51 THROTTLED, +0 limit, + err | cumulative: 228 ok, 264 throttled [69s]
[2026-08-06 21:21:49]   Batch 6/20: +42 ok, +57 THROTTLED, +0 limit, + err | cumulative: 270 ok, 321 throttled [83s]
[2026-08-06 21:22:04]   Batch 7/20: +48 ok, +51 THROTTLED, +0 limit, + err | cumulative: 318 ok, 372 throttled [98s]
[2026-08-06 21:22:18]   Batch 8/20: +44 ok, +55 THROTTLED, +0 limit, + err | cumulative: 362 ok, 427 throttled [112s]
[2026-08-06 21:22:32]   Batch 9/20: +40 ok, +54 THROTTLED, +0 limit, + err | cumulative: 402 ok, 481 throttled [126s]
[2026-08-06 21:22:47]   Batch 10/20: +45 ok, +49 THROTTLED, +0 limit, + err | cumulative: 447 ok, 530 throttled [141s]
[2026-08-06 21:23:01]   Batch 11/20: +40 ok, +57 THROTTLED, +0 limit, + err | cumulative: 487 ok, 587 throttled [155s]
[2026-08-06 21:23:15]   Batch 12/20: +25 ok, +52 THROTTLED, +0 limit, + err | cumulative: 512 ok, 639 throttled [169s]
[2026-08-06 21:23:30]   Batch 13/20: +0 ok, + THROTTLED, + limit, + err | cumulative: 512 ok, 639 throttled [184s]
[2026-08-06 21:23:44]   Batch 14/20: +0 ok, + THROTTLED, + limit, + err | cumulative: 512 ok, 639 throttled [198s]
[2026-08-06 21:23:58]   Batch 15/20: +0 ok, + THROTTLED, + limit, + err | cumulative: 512 ok, 639 throttled [212s]
[2026-08-06 21:24:13]   Batch 16/20: +0 ok, + THROTTLED, + limit, + err | cumulative: 512 ok, 639 throttled [227s]
[2026-08-06 21:24:27]   Batch 17/20: +0 ok, + THROTTLED, + limit, + err | cumulative: 512 ok, 639 throttled [241s]
[2026-08-06 21:24:41]   Batch 18/20: +0 ok, + THROTTLED, + limit, + err | cumulative: 512 ok, 639 throttled [255s]
[2026-08-06 21:24:56]   Batch 19/20: +0 ok, + THROTTLED, + limit, + err | cumulative: 512 ok, 639 throttled [270s]
[2026-08-06 21:25:09]   Batch 20/20: +0 ok, + THROTTLED, + limit, + err | cumulative: 512 ok, 639 throttled [283s]
[2026-08-06 21:25:09] 
[2026-08-06 21:25:09] Wave 9 complete in 283s:
[2026-08-06 21:25:09]   ✓ Success:    512
[2026-08-06 21:25:09]   ⚡ Throttled:  639  ← THIS IS THE SIGNAL AWS SEES
[2026-08-06 21:25:09]   🚫 Limit hit:  0
[2026-08-06 21:25:09]   ✗ Errors:     0
[2026-08-06 21:25:09]   Rate:         4.0 calls/s
[2026-08-06 21:25:09] 
[2026-08-06 21:25:09] Terminating 512 created VMs...
[2026-08-06 21:26:17] Terminated 512 VMs in 68s
[2026-08-06 21:26:17] Waiting 6m 49s until next wave (randomized 5-7 min)...
[2026-08-06 21:33:06] ━━━━━━━━━━━━━━━━━━━━━━━━━━━━━━━━━━━━━━━━━━━━━━━━━━━━━━━━━━
[2026-08-06 21:33:06] WAVE 10/20 — 100 parallel × 20 batches = 2000 calls
[2026-08-06 21:33:06] ━━━━━━━━━━━━━━━━━━━━━━━━━━━━━━━━━━━━━━━━━━━━━━━━━━━━━━━━━━
[2026-08-06 21:33:18]   Batch 1/20: +48 ok, +47 THROTTLED, +0 limit, + err | cumulative: 48 ok, 47 throttled [12s]
[2026-08-06 21:33:33]   Batch 2/20: +48 ok, +50 THROTTLED, +0 limit, + err | cumulative: 96 ok, 97 throttled [27s]
[2026-08-06 21:33:47]   Batch 3/20: +40 ok, +60 THROTTLED, +0 limit, + err | cumulative: 136 ok, 157 throttled [41s]
[2026-08-06 21:34:01]   Batch 4/20: +46 ok, +53 THROTTLED, +0 limit, + err | cumulative: 182 ok, 210 throttled [55s]
[2026-08-06 21:34:15]   Batch 5/20: +42 ok, +57 THROTTLED, +0 limit, + err | cumulative: 224 ok, 267 throttled [69s]
[2026-08-06 21:34:29]   Batch 6/20: +50 ok, +50 THROTTLED, +0 limit, + err | cumulative: 274 ok, 317 throttled [83s]
[2026-08-06 21:34:43]   Batch 7/20: +48 ok, +52 THROTTLED, +0 limit, + err | cumulative: 322 ok, 369 throttled [97s]
[2026-08-06 21:34:58]   Batch 8/20: +47 ok, +50 THROTTLED, +0 limit, + err | cumulative: 369 ok, 419 throttled [112s]
[2026-08-06 21:35:12]   Batch 9/20: +44 ok, +54 THROTTLED, +0 limit, + err | cumulative: 413 ok, 473 throttled [126s]
[2026-08-06 21:35:26]   Batch 10/20: +48 ok, +47 THROTTLED, +0 limit, + err | cumulative: 461 ok, 520 throttled [140s]
[2026-08-06 21:35:40]   Batch 11/20: +41 ok, +57 THROTTLED, +0 limit, + err | cumulative: 502 ok, 577 throttled [154s]
[2026-08-06 21:35:55]   Batch 12/20: +10 ok, +49 THROTTLED, +0 limit, + err | cumulative: 512 ok, 626 throttled [169s]
[2026-08-06 21:36:09]   Batch 13/20: +0 ok, + THROTTLED, + limit, + err | cumulative: 512 ok, 626 throttled [183s]
[2026-08-06 21:36:23]   Batch 14/20: +0 ok, + THROTTLED, + limit, + err | cumulative: 512 ok, 626 throttled [197s]
[2026-08-06 21:36:37]   Batch 15/20: +0 ok, + THROTTLED, + limit, + err | cumulative: 512 ok, 626 throttled [211s]
[2026-08-06 21:36:51]   Batch 16/20: +0 ok, + THROTTLED, + limit, + err | cumulative: 512 ok, 626 throttled [225s]
[2026-08-06 21:37:05]   Batch 17/20: +0 ok, + THROTTLED, + limit, + err | cumulative: 512 ok, 626 throttled [239s]
[2026-08-06 21:37:19]   Batch 18/20: +0 ok, + THROTTLED, + limit, + err | cumulative: 512 ok, 626 throttled [253s]
[2026-08-06 21:37:34]   Batch 19/20: +0 ok, + THROTTLED, + limit, + err | cumulative: 512 ok, 626 throttled [268s]
[2026-08-06 21:37:48]   Batch 20/20: +0 ok, + THROTTLED, + limit, + err | cumulative: 512 ok, 626 throttled [282s]
[2026-08-06 21:37:48] 
[2026-08-06 21:37:48] Wave 10 complete in 282s:
[2026-08-06 21:37:48]   ✓ Success:    512
[2026-08-06 21:37:48]   ⚡ Throttled:  626  ← THIS IS THE SIGNAL AWS SEES
[2026-08-06 21:37:48]   🚫 Limit hit:  0
[2026-08-06 21:37:48]   ✗ Errors:     0
[2026-08-06 21:37:48]   Rate:         4.0 calls/s
[2026-08-06 21:37:48] 
[2026-08-06 21:37:48] Terminating 512 created VMs...
[2026-08-06 21:39:01] Terminated 512 VMs in 73s
[2026-08-06 21:39:01] Waiting 5m 49s until next wave (randomized 5-7 min)...
[2026-08-06 21:44:50] ━━━━━━━━━━━━━━━━━━━━━━━━━━━━━━━━━━━━━━━━━━━━━━━━━━━━━━━━━━
[2026-08-06 21:44:50] WAVE 11/20 — 100 parallel × 20 batches = 2000 calls
[2026-08-06 21:44:50] ━━━━━━━━━━━━━━━━━━━━━━━━━━━━━━━━━━━━━━━━━━━━━━━━━━━━━━━━━━
[2026-08-06 21:45:02]   Batch 1/20: +44 ok, +56 THROTTLED, +0 limit, + err | cumulative: 44 ok, 56 throttled [12s]
[2026-08-06 21:45:17]   Batch 2/20: +49 ok, +50 THROTTLED, +0 limit, + err | cumulative: 93 ok, 106 throttled [27s]
[2026-08-06 21:45:31]   Batch 3/20: +54 ok, +46 THROTTLED, +0 limit, + err | cumulative: 147 ok, 152 throttled [41s]
[2026-08-06 21:45:45]   Batch 4/20: +45 ok, +55 THROTTLED, +0 limit, + err | cumulative: 192 ok, 207 throttled [55s]
[2026-08-06 21:45:59]   Batch 5/20: +42 ok, +58 THROTTLED, +0 limit, + err | cumulative: 234 ok, 265 throttled [69s]
[2026-08-06 21:46:14]   Batch 6/20: +40 ok, +58 THROTTLED, +0 limit, + err | cumulative: 274 ok, 323 throttled [84s]
[2026-08-06 21:46:28]   Batch 7/20: +46 ok, +54 THROTTLED, +0 limit, + err | cumulative: 320 ok, 377 throttled [98s]
[2026-08-06 21:46:42]   Batch 8/20: +53 ok, +47 THROTTLED, +0 limit, + err | cumulative: 373 ok, 424 throttled [112s]
[2026-08-06 21:46:57]   Batch 9/20: +46 ok, +51 THROTTLED, +0 limit, + err | cumulative: 419 ok, 475 throttled [127s]
[2026-08-06 21:47:10]   Batch 10/20: +42 ok, +58 THROTTLED, +0 limit, + err | cumulative: 461 ok, 533 throttled [140s]
[2026-08-06 21:47:24]   Batch 11/20: +46 ok, +53 THROTTLED, +0 limit, + err | cumulative: 507 ok, 586 throttled [154s]
[2026-08-06 21:47:38]   Batch 12/20: +5 ok, +47 THROTTLED, +0 limit, + err | cumulative: 512 ok, 633 throttled [168s]
[2026-08-06 21:47:52]   Batch 13/20: +0 ok, + THROTTLED, + limit, + err | cumulative: 512 ok, 633 throttled [182s]
[2026-08-06 21:48:07]   Batch 14/20: +0 ok, + THROTTLED, + limit, + err | cumulative: 512 ok, 633 throttled [197s]
[2026-08-06 21:48:22]   Batch 15/20: +0 ok, + THROTTLED, + limit, + err | cumulative: 512 ok, 633 throttled [212s]
[2026-08-06 21:48:35]   Batch 16/20: +0 ok, + THROTTLED, + limit, + err | cumulative: 512 ok, 633 throttled [225s]
[2026-08-06 21:48:50]   Batch 17/20: +0 ok, + THROTTLED, + limit, + err | cumulative: 512 ok, 633 throttled [240s]
[2026-08-06 21:49:05]   Batch 18/20: +0 ok, + THROTTLED, + limit, + err | cumulative: 512 ok, 633 throttled [255s]
[2026-08-06 21:49:21]   Batch 19/20: +0 ok, + THROTTLED, + limit, + err | cumulative: 512 ok, 633 throttled [271s]
[2026-08-06 21:49:35]   Batch 20/20: +0 ok, + THROTTLED, + limit, + err | cumulative: 512 ok, 633 throttled [285s]
[2026-08-06 21:49:35] 
[2026-08-06 21:49:35] Wave 11 complete in 285s:
[2026-08-06 21:49:35]   ✓ Success:    512
[2026-08-06 21:49:35]   ⚡ Throttled:  633  ← THIS IS THE SIGNAL AWS SEES
[2026-08-06 21:49:35]   🚫 Limit hit:  0
[2026-08-06 21:49:35]   ✗ Errors:     0
[2026-08-06 21:49:35]   Rate:         4.0 calls/s
[2026-08-06 21:49:35] 
[2026-08-06 21:49:35] Terminating 512 created VMs...
[2026-08-06 21:50:47] Terminated 512 VMs in 72s
[2026-08-06 21:50:47] Waiting 6m 39s until next wave (randomized 5-7 min)...
[2026-08-06 21:57:26] ━━━━━━━━━━━━━━━━━━━━━━━━━━━━━━━━━━━━━━━━━━━━━━━━━━━━━━━━━━
[2026-08-06 21:57:26] WAVE 12/20 — 100 parallel × 20 batches = 2000 calls
[2026-08-06 21:57:26] ━━━━━━━━━━━━━━━━━━━━━━━━━━━━━━━━━━━━━━━━━━━━━━━━━━━━━━━━━━
[2026-08-06 21:57:39]   Batch 1/20: +46 ok, +52 THROTTLED, +0 limit, + err | cumulative: 46 ok, 52 throttled [13s]
[2026-08-06 21:57:54]   Batch 2/20: +46 ok, +52 THROTTLED, +0 limit, + err | cumulative: 92 ok, 104 throttled [28s]
[2026-08-06 21:58:08]   Batch 3/20: +65 ok, +33 THROTTLED, +0 limit, + err | cumulative: 157 ok, 137 throttled [42s]
[2026-08-06 21:58:23]   Batch 4/20: +48 ok, +51 THROTTLED, +0 limit, + err | cumulative: 205 ok, 188 throttled [57s]
[2026-08-06 21:58:38]   Batch 5/20: +46 ok, +52 THROTTLED, +0 limit, + err | cumulative: 251 ok, 240 throttled [72s]
[2026-08-06 21:58:52]   Batch 6/20: +51 ok, +47 THROTTLED, +0 limit, + err | cumulative: 302 ok, 287 throttled [86s]
[2026-08-06 21:59:06]   Batch 7/20: +40 ok, +60 THROTTLED, +0 limit, + err | cumulative: 342 ok, 347 throttled [100s]
[2026-08-06 21:59:20]   Batch 8/20: +44 ok, +56 THROTTLED, +0 limit, + err | cumulative: 386 ok, 403 throttled [114s]
[2026-08-06 21:59:36]   Batch 9/20: +44 ok, +51 THROTTLED, +0 limit, + err | cumulative: 430 ok, 454 throttled [130s]
[2026-08-06 21:59:50]   Batch 10/20: +47 ok, +52 THROTTLED, +0 limit, + err | cumulative: 477 ok, 506 throttled [144s]
[2026-08-06 22:00:04]   Batch 11/20: +35 ok, +56 THROTTLED, +0 limit, + err | cumulative: 512 ok, 562 throttled [158s]
[2026-08-06 22:00:19]   Batch 12/20: +0 ok, + THROTTLED, + limit, + err | cumulative: 512 ok, 562 throttled [173s]
[2026-08-06 22:00:33]   Batch 13/20: +0 ok, + THROTTLED, + limit, + err | cumulative: 512 ok, 562 throttled [187s]
[2026-08-06 22:00:47]   Batch 14/20: +0 ok, + THROTTLED, + limit, + err | cumulative: 512 ok, 562 throttled [201s]
[2026-08-06 22:01:02]   Batch 15/20: +0 ok, + THROTTLED, + limit, + err | cumulative: 512 ok, 562 throttled [216s]
[2026-08-06 22:01:16]   Batch 16/20: +0 ok, + THROTTLED, + limit, + err | cumulative: 512 ok, 562 throttled [230s]
[2026-08-06 22:01:30]   Batch 17/20: +0 ok, + THROTTLED, + limit, + err | cumulative: 512 ok, 562 throttled [244s]
[2026-08-06 22:01:44]   Batch 18/20: +0 ok, + THROTTLED, + limit, + err | cumulative: 512 ok, 562 throttled [258s]
[2026-08-06 22:01:58]   Batch 19/20: +0 ok, + THROTTLED, + limit, + err | cumulative: 512 ok, 562 throttled [272s]
[2026-08-06 22:02:13]   Batch 20/20: +0 ok, + THROTTLED, + limit, + err | cumulative: 512 ok, 562 throttled [287s]
[2026-08-06 22:02:13] 
[2026-08-06 22:02:13] Wave 12 complete in 287s:
[2026-08-06 22:02:13]   ✓ Success:    512
[2026-08-06 22:02:13]   ⚡ Throttled:  562  ← THIS IS THE SIGNAL AWS SEES
[2026-08-06 22:02:13]   🚫 Limit hit:  0
[2026-08-06 22:02:13]   ✗ Errors:     0
[2026-08-06 22:02:13]   Rate:         3.7 calls/s
[2026-08-06 22:02:13] 
[2026-08-06 22:02:13] Terminating 512 created VMs...
[2026-08-06 22:03:23] Terminated 512 VMs in 70s
[2026-08-06 22:03:23] Waiting 5m 3s until next wave (randomized 5-7 min)...
[2026-08-06 22:08:26] ━━━━━━━━━━━━━━━━━━━━━━━━━━━━━━━━━━━━━━━━━━━━━━━━━━━━━━━━━━
[2026-08-06 22:08:26] WAVE 13/20 — 100 parallel × 20 batches = 2000 calls
[2026-08-06 22:08:26] ━━━━━━━━━━━━━━━━━━━━━━━━━━━━━━━━━━━━━━━━━━━━━━━━━━━━━━━━━━
[2026-08-06 22:08:38]   Batch 1/20: +57 ok, +42 THROTTLED, +0 limit, + err | cumulative: 57 ok, 42 throttled [12s]
[2026-08-06 22:08:53]   Batch 2/20: +45 ok, +53 THROTTLED, +0 limit, + err | cumulative: 102 ok, 95 throttled [27s]
[2026-08-06 22:09:07]   Batch 3/20: +39 ok, +61 THROTTLED, +0 limit, + err | cumulative: 141 ok, 156 throttled [41s]
[2026-08-06 22:09:21]   Batch 4/20: +49 ok, +51 THROTTLED, +0 limit, + err | cumulative: 190 ok, 207 throttled [55s]
[2026-08-06 22:09:35]   Batch 5/20: +43 ok, +55 THROTTLED, +0 limit, + err | cumulative: 233 ok, 262 throttled [69s]
[2026-08-06 22:09:49]   Batch 6/20: +51 ok, +48 THROTTLED, +0 limit, + err | cumulative: 284 ok, 310 throttled [83s]
[2026-08-06 22:10:04]   Batch 7/20: +56 ok, +40 THROTTLED, +0 limit, + err | cumulative: 340 ok, 350 throttled [98s]
[2026-08-06 22:10:18]   Batch 8/20: +53 ok, +41 THROTTLED, +0 limit, + err | cumulative: 393 ok, 391 throttled [112s]
[2026-08-06 22:10:33]   Batch 9/20: +43 ok, +55 THROTTLED, +0 limit, + err | cumulative: 436 ok, 446 throttled [127s]
[2026-08-06 22:10:47]   Batch 10/20: +41 ok, +57 THROTTLED, +0 limit, + err | cumulative: 477 ok, 503 throttled [141s]
[2026-08-06 22:11:01]   Batch 11/20: +35 ok, +59 THROTTLED, +0 limit, + err | cumulative: 512 ok, 562 throttled [155s]
[2026-08-06 22:11:16]   Batch 12/20: +0 ok, + THROTTLED, + limit, + err | cumulative: 512 ok, 562 throttled [170s]
[2026-08-06 22:11:31]   Batch 13/20: +0 ok, + THROTTLED, + limit, + err | cumulative: 512 ok, 562 throttled [185s]
[2026-08-06 22:11:44]   Batch 14/20: +0 ok, + THROTTLED, + limit, + err | cumulative: 512 ok, 562 throttled [198s]
[2026-08-06 22:11:59]   Batch 15/20: +0 ok, + THROTTLED, + limit, + err | cumulative: 512 ok, 562 throttled [213s]
[2026-08-06 22:12:12]   Batch 16/20: +0 ok, + THROTTLED, + limit, + err | cumulative: 512 ok, 562 throttled [226s]
[2026-08-06 22:12:27]   Batch 17/20: +0 ok, + THROTTLED, + limit, + err | cumulative: 512 ok, 562 throttled [241s]
[2026-08-06 22:12:42]   Batch 18/20: +0 ok, + THROTTLED, + limit, + err | cumulative: 512 ok, 562 throttled [256s]
[2026-08-06 22:12:56]   Batch 19/20: +0 ok, + THROTTLED, + limit, + err | cumulative: 512 ok, 562 throttled [270s]
[2026-08-06 22:13:11]   Batch 20/20: +0 ok, + THROTTLED, + limit, + err | cumulative: 512 ok, 562 throttled [285s]
[2026-08-06 22:13:11] 
[2026-08-06 22:13:11] Wave 13 complete in 285s:
[2026-08-06 22:13:11]   ✓ Success:    512
[2026-08-06 22:13:11]   ⚡ Throttled:  562  ← THIS IS THE SIGNAL AWS SEES
[2026-08-06 22:13:11]   🚫 Limit hit:  0
[2026-08-06 22:13:11]   ✗ Errors:     0
[2026-08-06 22:13:11]   Rate:         3.7 calls/s
[2026-08-06 22:13:11] 
[2026-08-06 22:13:11] Terminating 512 created VMs...
[2026-08-06 22:14:38] Terminated 512 VMs in 87s
[2026-08-06 22:14:38] Waiting 6m 14s until next wave (randomized 5-7 min)...
[2026-08-06 22:20:52] ━━━━━━━━━━━━━━━━━━━━━━━━━━━━━━━━━━━━━━━━━━━━━━━━━━━━━━━━━━
[2026-08-06 22:20:52] WAVE 14/20 — 100 parallel × 20 batches = 2000 calls
[2026-08-06 22:20:52] ━━━━━━━━━━━━━━━━━━━━━━━━━━━━━━━━━━━━━━━━━━━━━━━━━━━━━━━━━━
[2026-08-06 22:21:05]   Batch 1/20: +50 ok, +48 THROTTLED, +0 limit, + err | cumulative: 50 ok, 48 throttled [13s]
[2026-08-06 22:21:20]   Batch 2/20: +49 ok, +50 THROTTLED, +0 limit, + err | cumulative: 99 ok, 98 throttled [28s]
[2026-08-06 22:21:34]   Batch 3/20: +40 ok, +56 THROTTLED, +0 limit, + err | cumulative: 139 ok, 154 throttled [42s]
[2026-08-06 22:21:49]   Batch 4/20: +52 ok, +46 THROTTLED, +0 limit, + err | cumulative: 191 ok, 200 throttled [57s]
[2026-08-06 22:22:03]   Batch 5/20: +45 ok, +53 THROTTLED, +0 limit, + err | cumulative: 236 ok, 253 throttled [71s]
[2026-08-06 22:22:18]   Batch 6/20: +49 ok, +47 THROTTLED, +0 limit, + err | cumulative: 285 ok, 300 throttled [86s]
[2026-08-06 22:22:32]   Batch 7/20: +49 ok, +50 THROTTLED, +0 limit, + err | cumulative: 334 ok, 350 throttled [100s]
[2026-08-06 22:22:46]   Batch 8/20: +43 ok, +53 THROTTLED, +0 limit, + err | cumulative: 377 ok, 403 throttled [114s]
[2026-08-06 22:23:01]   Batch 9/20: +45 ok, +52 THROTTLED, +0 limit, + err | cumulative: 422 ok, 455 throttled [129s]
[2026-08-06 22:23:15]   Batch 10/20: +51 ok, +46 THROTTLED, +0 limit, + err | cumulative: 473 ok, 501 throttled [143s]
[2026-08-06 22:23:30]   Batch 11/20: +39 ok, +36 THROTTLED, +0 limit, + err | cumulative: 512 ok, 537 throttled [158s]
[2026-08-06 22:23:45]   Batch 12/20: +0 ok, + THROTTLED, + limit, + err | cumulative: 512 ok, 537 throttled [173s]
[2026-08-06 22:23:58]   Batch 13/20: +0 ok, + THROTTLED, + limit, + err | cumulative: 512 ok, 537 throttled [186s]
[2026-08-06 22:24:13]   Batch 14/20: +0 ok, + THROTTLED, + limit, + err | cumulative: 512 ok, 537 throttled [201s]
[2026-08-06 22:24:27]   Batch 15/20: +0 ok, + THROTTLED, + limit, + err | cumulative: 512 ok, 537 throttled [215s]
[2026-08-06 22:24:40]   Batch 16/20: +0 ok, + THROTTLED, + limit, + err | cumulative: 512 ok, 537 throttled [228s]
[2026-08-06 22:24:54]   Batch 17/20: +0 ok, + THROTTLED, + limit, + err | cumulative: 512 ok, 537 throttled [242s]
[2026-08-06 22:25:09]   Batch 18/20: +0 ok, + THROTTLED, + limit, + err | cumulative: 512 ok, 537 throttled [257s]
[2026-08-06 22:25:23]   Batch 19/20: +0 ok, + THROTTLED, + limit, + err | cumulative: 512 ok, 537 throttled [271s]
[2026-08-06 22:25:37]   Batch 20/20: +0 ok, + THROTTLED, + limit, + err | cumulative: 512 ok, 537 throttled [285s]
[2026-08-06 22:25:37] 
[2026-08-06 22:25:37] Wave 14 complete in 285s:
[2026-08-06 22:25:37]   ✓ Success:    512
[2026-08-06 22:25:37]   ⚡ Throttled:  537  ← THIS IS THE SIGNAL AWS SEES
[2026-08-06 22:25:37]   🚫 Limit hit:  0
[2026-08-06 22:25:37]   ✗ Errors:     0
[2026-08-06 22:25:37]   Rate:         3.6 calls/s
[2026-08-06 22:25:37] 
[2026-08-06 22:25:37] Terminating 512 created VMs...
[2026-08-06 22:26:49] Terminated 512 VMs in 72s
[2026-08-06 22:26:49] Waiting 6m 2s until next wave (randomized 5-7 min)...
[2026-08-06 22:32:51] ━━━━━━━━━━━━━━━━━━━━━━━━━━━━━━━━━━━━━━━━━━━━━━━━━━━━━━━━━━
[2026-08-06 22:32:51] WAVE 15/20 — 100 parallel × 20 batches = 2000 calls
[2026-08-06 22:32:51] ━━━━━━━━━━━━━━━━━━━━━━━━━━━━━━━━━━━━━━━━━━━━━━━━━━━━━━━━━━
[2026-08-06 22:33:04]   Batch 1/20: +55 ok, +43 THROTTLED, +0 limit, + err | cumulative: 55 ok, 43 throttled [13s]
[2026-08-06 22:33:19]   Batch 2/20: +50 ok, +49 THROTTLED, +0 limit, + err | cumulative: 105 ok, 92 throttled [28s]
[2026-08-06 22:33:33]   Batch 3/20: +47 ok, +53 THROTTLED, +0 limit, + err | cumulative: 152 ok, 145 throttled [42s]
[2026-08-06 22:33:47]   Batch 4/20: +55 ok, +41 THROTTLED, +0 limit, + err | cumulative: 207 ok, 186 throttled [56s]
[2026-08-06 22:34:01]   Batch 5/20: +47 ok, +49 THROTTLED, +0 limit, + err | cumulative: 254 ok, 235 throttled [70s]
[2026-08-06 22:34:15]   Batch 6/20: +63 ok, +32 THROTTLED, +0 limit, + err | cumulative: 317 ok, 267 throttled [84s]
[2026-08-06 22:34:30]   Batch 7/20: +65 ok, +33 THROTTLED, +0 limit, + err | cumulative: 382 ok, 300 throttled [99s]
[2026-08-06 22:34:45]   Batch 8/20: +45 ok, +54 THROTTLED, +0 limit, + err | cumulative: 427 ok, 354 throttled [114s]
[2026-08-06 22:34:59]   Batch 9/20: +62 ok, +38 THROTTLED, +0 limit, + err | cumulative: 489 ok, 392 throttled [128s]
[2026-08-06 22:35:14]   Batch 10/20: +23 ok, +44 THROTTLED, +0 limit, + err | cumulative: 512 ok, 436 throttled [143s]
[2026-08-06 22:35:29]   Batch 11/20: +0 ok, + THROTTLED, + limit, + err | cumulative: 512 ok, 436 throttled [158s]
[2026-08-06 22:35:44]   Batch 12/20: +0 ok, + THROTTLED, + limit, + err | cumulative: 512 ok, 436 throttled [173s]
[2026-08-06 22:35:58]   Batch 13/20: +0 ok, + THROTTLED, + limit, + err | cumulative: 512 ok, 436 throttled [187s]
[2026-08-06 22:36:12]   Batch 14/20: +0 ok, + THROTTLED, + limit, + err | cumulative: 512 ok, 436 throttled [201s]
[2026-08-06 22:36:27]   Batch 15/20: +0 ok, + THROTTLED, + limit, + err | cumulative: 512 ok, 436 throttled [216s]
[2026-08-06 22:36:41]   Batch 16/20: +0 ok, + THROTTLED, + limit, + err | cumulative: 512 ok, 436 throttled [230s]
[2026-08-06 22:36:54]   Batch 17/20: +0 ok, + THROTTLED, + limit, + err | cumulative: 512 ok, 436 throttled [243s]
[2026-08-06 22:37:09]   Batch 18/20: +0 ok, + THROTTLED, + limit, + err | cumulative: 512 ok, 436 throttled [258s]
[2026-08-06 22:37:24]   Batch 19/20: +0 ok, + THROTTLED, + limit, + err | cumulative: 512 ok, 436 throttled [273s]
[2026-08-06 22:37:38]   Batch 20/20: +0 ok, + THROTTLED, + limit, + err | cumulative: 512 ok, 436 throttled [287s]
[2026-08-06 22:37:38] 
[2026-08-06 22:37:38] Wave 15 complete in 287s:
[2026-08-06 22:37:38]   ✓ Success:    512
[2026-08-06 22:37:38]   ⚡ Throttled:  436  ← THIS IS THE SIGNAL AWS SEES
[2026-08-06 22:37:38]   🚫 Limit hit:  0
[2026-08-06 22:37:38]   ✗ Errors:     0
[2026-08-06 22:37:38]   Rate:         3.3 calls/s
[2026-08-06 22:37:38] 
[2026-08-06 22:37:38] Terminating 512 created VMs...
[2026-08-06 22:38:50] Terminated 512 VMs in 72s
[2026-08-06 22:38:50] Waiting 6m 29s until next wave (randomized 5-7 min)...
[2026-08-06 22:45:19] ━━━━━━━━━━━━━━━━━━━━━━━━━━━━━━━━━━━━━━━━━━━━━━━━━━━━━━━━━━
[2026-08-06 22:45:19] WAVE 16/20 — 100 parallel × 20 batches = 2000 calls
[2026-08-06 22:45:19] ━━━━━━━━━━━━━━━━━━━━━━━━━━━━━━━━━━━━━━━━━━━━━━━━━━━━━━━━━━
[2026-08-06 22:45:31]   Batch 1/20: +47 ok, +52 THROTTLED, +0 limit, + err | cumulative: 47 ok, 52 throttled [12s]
[2026-08-06 22:45:46]   Batch 2/20: +49 ok, +50 THROTTLED, +0 limit, + err | cumulative: 96 ok, 102 throttled [27s]
[2026-08-06 22:46:02]   Batch 3/20: +48 ok, +45 THROTTLED, +0 limit, + err | cumulative: 144 ok, 147 throttled [43s]
[2026-08-06 22:46:17]   Batch 4/20: +48 ok, +50 THROTTLED, +0 limit, + err | cumulative: 192 ok, 197 throttled [58s]
[2026-08-06 22:46:31]   Batch 5/20: +53 ok, +45 THROTTLED, +0 limit, + err | cumulative: 245 ok, 242 throttled [72s]
[2026-08-06 22:46:46]   Batch 6/20: +43 ok, +56 THROTTLED, +0 limit, + err | cumulative: 288 ok, 298 throttled [87s]
[2026-08-06 22:47:00]   Batch 7/20: +53 ok, +45 THROTTLED, +0 limit, + err | cumulative: 341 ok, 343 throttled [101s]
[2026-08-06 22:47:15]   Batch 8/20: +47 ok, +51 THROTTLED, +0 limit, + err | cumulative: 388 ok, 394 throttled [116s]
[2026-08-06 22:47:29]   Batch 9/20: +41 ok, +59 THROTTLED, +0 limit, + err | cumulative: 429 ok, 453 throttled [130s]
[2026-08-06 22:47:44]   Batch 10/20: +42 ok, +56 THROTTLED, +0 limit, + err | cumulative: 471 ok, 509 throttled [145s]
[2026-08-06 22:47:57]   Batch 11/20: +38 ok, +61 THROTTLED, +0 limit, + err | cumulative: 509 ok, 570 throttled [158s]
[2026-08-06 22:48:11]   Batch 12/20: +3 ok, +44 THROTTLED, +0 limit, + err | cumulative: 512 ok, 614 throttled [172s]
[2026-08-06 22:48:26]   Batch 13/20: +0 ok, + THROTTLED, + limit, + err | cumulative: 512 ok, 614 throttled [187s]
[2026-08-06 22:48:40]   Batch 14/20: +0 ok, + THROTTLED, + limit, + err | cumulative: 512 ok, 614 throttled [201s]
[2026-08-06 22:48:55]   Batch 15/20: +0 ok, + THROTTLED, + limit, + err | cumulative: 512 ok, 614 throttled [216s]
[2026-08-06 22:49:09]   Batch 16/20: +0 ok, + THROTTLED, + limit, + err | cumulative: 512 ok, 614 throttled [230s]
[2026-08-06 22:49:24]   Batch 17/20: +0 ok, + THROTTLED, + limit, + err | cumulative: 512 ok, 614 throttled [245s]
[2026-08-06 22:49:38]   Batch 18/20: +0 ok, + THROTTLED, + limit, + err | cumulative: 512 ok, 614 throttled [259s]
[2026-08-06 22:49:51]   Batch 19/20: +0 ok, + THROTTLED, + limit, + err | cumulative: 512 ok, 614 throttled [272s]
[2026-08-06 22:50:06]   Batch 20/20: +0 ok, + THROTTLED, + limit, + err | cumulative: 512 ok, 614 throttled [287s]
[2026-08-06 22:50:06] 
[2026-08-06 22:50:06] Wave 16 complete in 287s:
[2026-08-06 22:50:06]   ✓ Success:    512
[2026-08-06 22:50:06]   ⚡ Throttled:  614  ← THIS IS THE SIGNAL AWS SEES
[2026-08-06 22:50:06]   🚫 Limit hit:  0
[2026-08-06 22:50:06]   ✗ Errors:     0
[2026-08-06 22:50:06]   Rate:         3.9 calls/s
[2026-08-06 22:50:06] 
[2026-08-06 22:50:06] Terminating 512 created VMs...
[2026-08-06 22:51:21] Terminated 512 VMs in 75s
[2026-08-06 22:51:21] Waiting 6m 49s until next wave (randomized 5-7 min)...
[2026-08-06 22:58:10] ━━━━━━━━━━━━━━━━━━━━━━━━━━━━━━━━━━━━━━━━━━━━━━━━━━━━━━━━━━
[2026-08-06 22:58:10] WAVE 17/20 — 100 parallel × 20 batches = 2000 calls
[2026-08-06 22:58:10] ━━━━━━━━━━━━━━━━━━━━━━━━━━━━━━━━━━━━━━━━━━━━━━━━━━━━━━━━━━
[2026-08-06 22:58:23]   Batch 1/20: +48 ok, +48 THROTTLED, +0 limit, + err | cumulative: 48 ok, 48 throttled [13s]
[2026-08-06 22:58:38]   Batch 2/20: +46 ok, +54 THROTTLED, +0 limit, + err | cumulative: 94 ok, 102 throttled [28s]
[2026-08-06 22:58:52]   Batch 3/20: +47 ok, +51 THROTTLED, +0 limit, + err | cumulative: 141 ok, 153 throttled [42s]
[2026-08-06 22:59:06]   Batch 4/20: +45 ok, +55 THROTTLED, +0 limit, + err | cumulative: 186 ok, 208 throttled [56s]
[2026-08-06 22:59:21]   Batch 5/20: +51 ok, +48 THROTTLED, +0 limit, + err | cumulative: 237 ok, 256 throttled [71s]
[2026-08-06 22:59:36]   Batch 6/20: +51 ok, +47 THROTTLED, +0 limit, + err | cumulative: 288 ok, 303 throttled [86s]
[2026-08-06 22:59:51]   Batch 7/20: +47 ok, +52 THROTTLED, +0 limit, + err | cumulative: 335 ok, 355 throttled [101s]
[2026-08-06 23:00:06]   Batch 8/20: +42 ok, +56 THROTTLED, +0 limit, + err | cumulative: 377 ok, 411 throttled [116s]
[2026-08-06 23:00:20]   Batch 9/20: +38 ok, +62 THROTTLED, +0 limit, + err | cumulative: 415 ok, 473 throttled [130s]
[2026-08-06 23:00:35]   Batch 10/20: +41 ok, +58 THROTTLED, +0 limit, + err | cumulative: 456 ok, 531 throttled [145s]
[2026-08-06 23:00:50]   Batch 11/20: +42 ok, +56 THROTTLED, +0 limit, + err | cumulative: 498 ok, 587 throttled [160s]
[2026-08-06 23:01:04]   Batch 12/20: +14 ok, +55 THROTTLED, +0 limit, + err | cumulative: 512 ok, 642 throttled [174s]
[2026-08-06 23:01:19]   Batch 13/20: +0 ok, + THROTTLED, + limit, + err | cumulative: 512 ok, 642 throttled [189s]
[2026-08-06 23:01:34]   Batch 14/20: +0 ok, + THROTTLED, + limit, + err | cumulative: 512 ok, 642 throttled [204s]
[2026-08-06 23:01:48]   Batch 15/20: +0 ok, + THROTTLED, + limit, + err | cumulative: 512 ok, 642 throttled [218s]
[2026-08-06 23:02:03]   Batch 16/20: +0 ok, + THROTTLED, + limit, + err | cumulative: 512 ok, 642 throttled [233s]
[2026-08-06 23:02:17]   Batch 17/20: +0 ok, + THROTTLED, + limit, + err | cumulative: 512 ok, 642 throttled [247s]
[2026-08-06 23:02:32]   Batch 18/20: +0 ok, + THROTTLED, + limit, + err | cumulative: 512 ok, 642 throttled [262s]
[2026-08-06 23:02:47]   Batch 19/20: +0 ok, + THROTTLED, + limit, + err | cumulative: 512 ok, 642 throttled [277s]
[2026-08-06 23:03:01]   Batch 20/20: +0 ok, + THROTTLED, + limit, + err | cumulative: 512 ok, 642 throttled [291s]
[2026-08-06 23:03:01] 
[2026-08-06 23:03:01] Wave 17 complete in 291s:
[2026-08-06 23:03:01]   ✓ Success:    512
[2026-08-06 23:03:01]   ⚡ Throttled:  642  ← THIS IS THE SIGNAL AWS SEES
[2026-08-06 23:03:01]   🚫 Limit hit:  0
[2026-08-06 23:03:01]   ✗ Errors:     0
[2026-08-06 23:03:01]   Rate:         3.9 calls/s
[2026-08-06 23:03:01] 
[2026-08-06 23:03:01] Terminating 512 created VMs...
[2026-08-06 23:04:14] Terminated 512 VMs in 73s
[2026-08-06 23:04:14] Waiting 6m 20s until next wave (randomized 5-7 min)...
[2026-08-06 23:10:34] ━━━━━━━━━━━━━━━━━━━━━━━━━━━━━━━━━━━━━━━━━━━━━━━━━━━━━━━━━━
[2026-08-06 23:10:34] WAVE 18/20 — 100 parallel × 20 batches = 2000 calls
[2026-08-06 23:10:34] ━━━━━━━━━━━━━━━━━━━━━━━━━━━━━━━━━━━━━━━━━━━━━━━━━━━━━━━━━━
[2026-08-06 23:10:47]   Batch 1/20: +42 ok, +57 THROTTLED, +0 limit, + err | cumulative: 42 ok, 57 throttled [13s]
[2026-08-06 23:11:01]   Batch 2/20: +44 ok, +53 THROTTLED, +0 limit, + err | cumulative: 86 ok, 110 throttled [27s]
[2026-08-06 23:11:16]   Batch 3/20: +45 ok, +55 THROTTLED, +0 limit, + err | cumulative: 131 ok, 165 throttled [42s]
[2026-08-06 23:11:31]   Batch 4/20: +45 ok, +54 THROTTLED, +0 limit, + err | cumulative: 176 ok, 219 throttled [57s]
[2026-08-06 23:11:46]   Batch 5/20: +48 ok, +48 THROTTLED, +0 limit, + err | cumulative: 224 ok, 267 throttled [72s]
[2026-08-06 23:12:00]   Batch 6/20: +42 ok, +52 THROTTLED, +0 limit, + err | cumulative: 266 ok, 319 throttled [86s]
[2026-08-06 23:12:14]   Batch 7/20: +45 ok, +54 THROTTLED, +0 limit, + err | cumulative: 311 ok, 373 throttled [100s]
[2026-08-06 23:12:29]   Batch 8/20: +42 ok, +53 THROTTLED, +0 limit, + err | cumulative: 353 ok, 426 throttled [115s]
[2026-08-06 23:12:44]   Batch 9/20: +42 ok, +55 THROTTLED, +0 limit, + err | cumulative: 395 ok, 481 throttled [130s]
[2026-08-06 23:12:58]   Batch 10/20: +51 ok, +48 THROTTLED, +0 limit, + err | cumulative: 446 ok, 529 throttled [144s]
[2026-08-06 23:13:13]   Batch 11/20: +48 ok, +51 THROTTLED, +0 limit, + err | cumulative: 494 ok, 580 throttled [159s]
[2026-08-06 23:13:27]   Batch 12/20: +18 ok, +50 THROTTLED, +0 limit, + err | cumulative: 512 ok, 630 throttled [173s]
[2026-08-06 23:13:42]   Batch 13/20: +0 ok, + THROTTLED, + limit, + err | cumulative: 512 ok, 630 throttled [188s]
[2026-08-06 23:13:56]   Batch 14/20: +0 ok, + THROTTLED, + limit, + err | cumulative: 512 ok, 630 throttled [202s]
[2026-08-06 23:14:10]   Batch 15/20: +0 ok, + THROTTLED, + limit, + err | cumulative: 512 ok, 630 throttled [216s]
[2026-08-06 23:14:25]   Batch 16/20: +0 ok, + THROTTLED, + limit, + err | cumulative: 512 ok, 630 throttled [231s]
[2026-08-06 23:14:41]   Batch 17/20: +0 ok, + THROTTLED, + limit, + err | cumulative: 512 ok, 630 throttled [247s]
[2026-08-06 23:14:55]   Batch 18/20: +0 ok, + THROTTLED, + limit, + err | cumulative: 512 ok, 630 throttled [261s]
[2026-08-06 23:15:10]   Batch 19/20: +0 ok, + THROTTLED, + limit, + err | cumulative: 512 ok, 630 throttled [276s]
[2026-08-06 23:15:24]   Batch 20/20: +0 ok, + THROTTLED, + limit, + err | cumulative: 512 ok, 630 throttled [290s]
[2026-08-06 23:15:24] 
[2026-08-06 23:15:24] Wave 18 complete in 290s:
[2026-08-06 23:15:24]   ✓ Success:    512
[2026-08-06 23:15:24]   ⚡ Throttled:  630  ← THIS IS THE SIGNAL AWS SEES
[2026-08-06 23:15:24]   🚫 Limit hit:  0
[2026-08-06 23:15:24]   ✗ Errors:     0
[2026-08-06 23:15:24]   Rate:         3.9 calls/s
[2026-08-06 23:15:24] 
[2026-08-06 23:15:24] Terminating 512 created VMs...
[2026-08-06 23:17:10] Terminated 512 VMs in 106s
[2026-08-06 23:17:10] Waiting 5m 2s until next wave (randomized 5-7 min)...
[2026-08-06 23:22:12] ━━━━━━━━━━━━━━━━━━━━━━━━━━━━━━━━━━━━━━━━━━━━━━━━━━━━━━━━━━
[2026-08-06 23:22:12] WAVE 19/20 — 100 parallel × 20 batches = 2000 calls
[2026-08-06 23:22:12] ━━━━━━━━━━━━━━━━━━━━━━━━━━━━━━━━━━━━━━━━━━━━━━━━━━━━━━━━━━
[2026-08-06 23:22:24]   Batch 1/20: +50 ok, +47 THROTTLED, +0 limit, + err | cumulative: 50 ok, 47 throttled [12s]
[2026-08-06 23:22:38]   Batch 2/20: +39 ok, +61 THROTTLED, +0 limit, + err | cumulative: 89 ok, 108 throttled [26s]
[2026-08-06 23:22:53]   Batch 3/20: +43 ok, +49 THROTTLED, +0 limit, + err | cumulative: 132 ok, 157 throttled [41s]
[2026-08-06 23:23:07]   Batch 4/20: +42 ok, +53 THROTTLED, +0 limit, + err | cumulative: 174 ok, 210 throttled [55s]
[2026-08-06 23:23:21]   Batch 5/20: +43 ok, +56 THROTTLED, +0 limit, + err | cumulative: 217 ok, 266 throttled [69s]
[2026-08-06 23:23:36]   Batch 6/20: +52 ok, +46 THROTTLED, +0 limit, + err | cumulative: 269 ok, 312 throttled [84s]
[2026-08-06 23:23:51]   Batch 7/20: +45 ok, +54 THROTTLED, +0 limit, + err | cumulative: 314 ok, 366 throttled [99s]
[2026-08-06 23:24:06]   Batch 8/20: +51 ok, +46 THROTTLED, +0 limit, + err | cumulative: 365 ok, 412 throttled [114s]
[2026-08-06 23:24:20]   Batch 9/20: +42 ok, +55 THROTTLED, +0 limit, + err | cumulative: 407 ok, 467 throttled [128s]
[2026-08-06 23:24:35]   Batch 10/20: +44 ok, +55 THROTTLED, +0 limit, + err | cumulative: 451 ok, 522 throttled [143s]
[2026-08-06 23:24:50]   Batch 11/20: +49 ok, +51 THROTTLED, +0 limit, + err | cumulative: 500 ok, 573 throttled [158s]
[2026-08-06 23:25:04]   Batch 12/20: +12 ok, +57 THROTTLED, +0 limit, + err | cumulative: 512 ok, 630 throttled [172s]
[2026-08-06 23:25:18]   Batch 13/20: +0 ok, + THROTTLED, + limit, + err | cumulative: 512 ok, 630 throttled [186s]
[2026-08-06 23:25:31]   Batch 14/20: +0 ok, + THROTTLED, + limit, + err | cumulative: 512 ok, 630 throttled [199s]
[2026-08-06 23:25:45]   Batch 15/20: +0 ok, + THROTTLED, + limit, + err | cumulative: 512 ok, 630 throttled [213s]
[2026-08-06 23:26:00]   Batch 16/20: +0 ok, + THROTTLED, + limit, + err | cumulative: 512 ok, 630 throttled [228s]
[2026-08-06 23:26:14]   Batch 17/20: +0 ok, + THROTTLED, + limit, + err | cumulative: 512 ok, 630 throttled [242s]
[2026-08-06 23:26:28]   Batch 18/20: +0 ok, + THROTTLED, + limit, + err | cumulative: 512 ok, 630 throttled [256s]
[2026-08-06 23:26:43]   Batch 19/20: +0 ok, + THROTTLED, + limit, + err | cumulative: 512 ok, 630 throttled [271s]
[2026-08-06 23:26:57]   Batch 20/20: +0 ok, + THROTTLED, + limit, + err | cumulative: 512 ok, 630 throttled [285s]
[2026-08-06 23:26:57] 
[2026-08-06 23:26:57] Wave 19 complete in 285s:
[2026-08-06 23:26:57]   ✓ Success:    512
[2026-08-06 23:26:57]   ⚡ Throttled:  630  ← THIS IS THE SIGNAL AWS SEES
[2026-08-06 23:26:57]   🚫 Limit hit:  0
[2026-08-06 23:26:57]   ✗ Errors:     0
[2026-08-06 23:26:57]   Rate:         4.0 calls/s
[2026-08-06 23:26:57] 
[2026-08-06 23:26:57] Terminating 512 created VMs...
[2026-08-06 23:28:13] Terminated 512 VMs in 76s
[2026-08-06 23:28:13] Waiting 5m 19s until next wave (randomized 5-7 min)...
[2026-08-06 23:33:32] ━━━━━━━━━━━━━━━━━━━━━━━━━━━━━━━━━━━━━━━━━━━━━━━━━━━━━━━━━━
[2026-08-06 23:33:32] WAVE 20/20 — 100 parallel × 20 batches = 2000 calls
[2026-08-06 23:33:32] ━━━━━━━━━━━━━━━━━━━━━━━━━━━━━━━━━━━━━━━━━━━━━━━━━━━━━━━━━━
[2026-08-06 23:33:45]   Batch 1/20: +43 ok, +51 THROTTLED, +0 limit, + err | cumulative: 43 ok, 51 throttled [13s]
[2026-08-06 23:33:59]   Batch 2/20: +43 ok, +55 THROTTLED, +0 limit, + err | cumulative: 86 ok, 106 throttled [27s]
[2026-08-06 23:34:14]   Batch 3/20: +40 ok, +60 THROTTLED, +0 limit, + err | cumulative: 126 ok, 166 throttled [42s]
[2026-08-06 23:34:28]   Batch 4/20: +57 ok, +42 THROTTLED, +0 limit, + err | cumulative: 183 ok, 208 throttled [56s]
[2026-08-06 23:34:42]   Batch 5/20: +47 ok, +51 THROTTLED, +0 limit, + err | cumulative: 230 ok, 259 throttled [70s]
[2026-08-06 23:34:56]   Batch 6/20: +54 ok, +46 THROTTLED, +0 limit, + err | cumulative: 284 ok, 305 throttled [84s]
[2026-08-06 23:35:10]   Batch 7/20: +43 ok, +56 THROTTLED, +0 limit, + err | cumulative: 327 ok, 361 throttled [98s]
[2026-08-06 23:35:25]   Batch 8/20: +53 ok, +47 THROTTLED, +0 limit, + err | cumulative: 380 ok, 408 throttled [113s]
[2026-08-06 23:35:39]   Batch 9/20: +40 ok, +57 THROTTLED, +0 limit, + err | cumulative: 420 ok, 465 throttled [127s]
[2026-08-06 23:35:54]   Batch 10/20: +42 ok, +57 THROTTLED, +0 limit, + err | cumulative: 462 ok, 522 throttled [142s]
[2026-08-06 23:36:08]   Batch 11/20: +43 ok, +57 THROTTLED, +0 limit, + err | cumulative: 505 ok, 579 throttled [156s]
[2026-08-06 23:36:22]   Batch 12/20: +7 ok, +55 THROTTLED, +0 limit, + err | cumulative: 512 ok, 634 throttled [170s]
[2026-08-06 23:36:36]   Batch 13/20: +0 ok, + THROTTLED, + limit, + err | cumulative: 512 ok, 634 throttled [184s]
[2026-08-06 23:36:51]   Batch 14/20: +0 ok, + THROTTLED, + limit, + err | cumulative: 512 ok, 634 throttled [199s]
[2026-08-06 23:37:05]   Batch 15/20: +0 ok, + THROTTLED, + limit, + err | cumulative: 512 ok, 634 throttled [213s]
[2026-08-06 23:37:19]   Batch 16/20: +0 ok, + THROTTLED, + limit, + err | cumulative: 512 ok, 634 throttled [227s]
[2026-08-06 23:37:33]   Batch 17/20: +0 ok, + THROTTLED, + limit, + err | cumulative: 512 ok, 634 throttled [241s]
[2026-08-06 23:37:47]   Batch 18/20: +0 ok, + THROTTLED, + limit, + err | cumulative: 512 ok, 634 throttled [255s]
[2026-08-06 23:38:01]   Batch 19/20: +0 ok, + THROTTLED, + limit, + err | cumulative: 512 ok, 634 throttled [269s]
[2026-08-06 23:38:15]   Batch 20/20: +0 ok, + THROTTLED, + limit, + err | cumulative: 512 ok, 634 throttled [283s]
[2026-08-06 23:38:15] 
[2026-08-06 23:38:15] Wave 20 complete in 283s:
[2026-08-06 23:38:15]   ✓ Success:    512
[2026-08-06 23:38:15]   ⚡ Throttled:  634  ← THIS IS THE SIGNAL AWS SEES
[2026-08-06 23:38:15]   🚫 Limit hit:  0
[2026-08-06 23:38:15]   ✗ Errors:     0
[2026-08-06 23:38:15]   Rate:         4.0 calls/s
[2026-08-06 23:38:15] 
[2026-08-06 23:38:15] Terminating 512 created VMs...
[2026-08-06 23:39:29] Terminated 512 VMs in 74s
[2026-08-06 23:39:29] 
[2026-08-06 23:39:29] ╔══════════════════════════════════════════════════════════════╗
[2026-08-06 23:39:29] ║              PRESSURE TEST COMPLETE                         ║
[2026-08-06 23:39:29] ╠══════════════════════════════════════════════════════════════╣
[2026-08-06 23:39:29] ║  Total API calls:   22185
[2026-08-06 23:39:29] ║  Successful:        10239
[2026-08-06 23:39:29] ║  THROTTLED (429):   11946  ← quota increase signal
[2026-08-06 23:39:29] ║  Limit hit:         0
[2026-08-06 23:39:29] ║  Errors:            0
[2026-08-06 23:39:29] ║  Waves completed:   20
[2026-08-06 23:39:29] ╠══════════════════════════════════════════════════════════════╣
[2026-08-06 23:39:29] ║  ATTACH THIS LOG TO AWS SUPPORT TICKET                     ║
[2026-08-06 23:39:29] ║  Evidence: sustained throttling = sustained demand          ║
[2026-08-06 23:39:29] ╚══════════════════════════════════════════════════════════════╝
[2026-08-06 23:39:29] Results: /home/ubuntu/projects/microvm/KubeMicroVM/uat/results/burst-warmup/20260806-194300-pressure
