[2026-08-06 17:07:32] ╔══════════════════════════════════════════════════════════════╗
[2026-08-06 17:07:32] ║     RunMicrovm API PRESSURE GENERATOR                       ║
[2026-08-06 17:07:32] ╠══════════════════════════════════════════════════════════════╣
[2026-08-06 17:07:32] ║  Parallel calls/batch: 50
[2026-08-06 17:07:32] ║  Batches per wave:     20
[2026-08-06 17:07:32] ║  Gap between batches:  3s
[2026-08-06 17:07:32] ║  Total calls/wave:     1000
[2026-08-06 17:07:32] ║  Waves:                6
[2026-08-06 17:07:32] ║  Wave interval:        35 min
[2026-08-06 17:07:32] ║  Region:               us-east-1
[2026-08-06 17:07:32] ║  Images:               3
[2026-08-06 17:07:32] ╚══════════════════════════════════════════════════════════════╝
[2026-08-06 17:07:32] 
[2026-08-06 17:07:32] ━━━━━━━━━━━━━━━━━━━━━━━━━━━━━━━━━━━━━━━━━━━━━━━━━━━━━━━━━━
[2026-08-06 17:07:32] WAVE 1/6 — 50 parallel × 20 batches = 1000 calls
[2026-08-06 17:07:32] ━━━━━━━━━━━━━━━━━━━━━━━━━━━━━━━━━━━━━━━━━━━━━━━━━━━━━━━━━━
[2026-08-06 17:07:39]   Batch 1/20: +39 ok, +11 THROTTLED, +0 limit, + err | cumulative: 39 ok, 11 throttled [7s]
[2026-08-06 17:07:49]   Batch 2/20: +42 ok, +8 THROTTLED, +0 limit, + err | cumulative: 81 ok, 19 throttled [17s]
[2026-08-06 17:08:00]   Batch 3/20: +9 ok, +9 THROTTLED, +0 limit, + err | cumulative: 90 ok, 28 throttled [28s]
[2026-08-06 17:08:10]   Batch 4/20: +0 ok, + THROTTLED, + limit, + err | cumulative: 90 ok, 28 throttled [38s]
[2026-08-06 17:08:21]   Batch 5/20: +0 ok, + THROTTLED, + limit, + err | cumulative: 90 ok, 28 throttled [49s]
[2026-08-06 17:08:32]   Batch 6/20: +0 ok, + THROTTLED, + limit, + err | cumulative: 90 ok, 28 throttled [60s]
[2026-08-06 17:08:41]   Batch 7/20: +0 ok, + THROTTLED, + limit, + err | cumulative: 90 ok, 28 throttled [69s]
[2026-08-06 17:08:52]   Batch 8/20: +0 ok, + THROTTLED, + limit, + err | cumulative: 90 ok, 28 throttled [80s]
[2026-08-06 17:09:02]   Batch 9/20: +0 ok, + THROTTLED, + limit, + err | cumulative: 90 ok, 28 throttled [90s]
[2026-08-06 17:09:12]   Batch 10/20: +0 ok, + THROTTLED, + limit, + err | cumulative: 90 ok, 28 throttled [100s]
[2026-08-06 17:09:23]   Batch 11/20: +0 ok, + THROTTLED, + limit, + err | cumulative: 90 ok, 28 throttled [111s]
[2026-08-06 17:09:33]   Batch 12/20: +0 ok, + THROTTLED, + limit, + err | cumulative: 90 ok, 28 throttled [121s]
[2026-08-06 17:09:44]   Batch 13/20: +0 ok, + THROTTLED, + limit, + err | cumulative: 90 ok, 28 throttled [132s]
[2026-08-06 17:09:53]   Batch 14/20: +0 ok, + THROTTLED, + limit, + err | cumulative: 90 ok, 28 throttled [141s]
[2026-08-06 17:10:04]   Batch 15/20: +0 ok, + THROTTLED, + limit, + err | cumulative: 90 ok, 28 throttled [152s]
[2026-08-06 17:10:14]   Batch 16/20: +0 ok, + THROTTLED, + limit, + err | cumulative: 90 ok, 28 throttled [162s]
[2026-08-06 17:10:26]   Batch 17/20: +0 ok, + THROTTLED, + limit, + err | cumulative: 90 ok, 28 throttled [174s]
[2026-08-06 17:10:37]   Batch 18/20: +0 ok, + THROTTLED, + limit, + err | cumulative: 90 ok, 28 throttled [185s]
[2026-08-06 17:10:48]   Batch 19/20: +0 ok, + THROTTLED, + limit, + err | cumulative: 90 ok, 28 throttled [196s]
[2026-08-06 17:10:57]   Batch 20/20: +0 ok, + THROTTLED, + limit, + err | cumulative: 90 ok, 28 throttled [205s]
[2026-08-06 17:10:57] 
[2026-08-06 17:10:57] Wave 1 complete in 205s:
[2026-08-06 17:10:57]   ✓ Success:    90
[2026-08-06 17:10:57]   ⚡ Throttled:  28  ← THIS IS THE SIGNAL AWS SEES
[2026-08-06 17:10:57]   🚫 Limit hit:  0
[2026-08-06 17:10:57]   ✗ Errors:     0
[2026-08-06 17:10:57]   Rate:         .5 calls/s
[2026-08-06 17:10:57] 
[2026-08-06 17:10:57] Terminating 90 created VMs...
[2026-08-06 17:11:08] Terminated 90 VMs in 11s
[2026-08-06 17:11:08] Waiting 6m 15s until next wave (randomized 5-7 min)...
[2026-08-06 17:17:23] ━━━━━━━━━━━━━━━━━━━━━━━━━━━━━━━━━━━━━━━━━━━━━━━━━━━━━━━━━━
[2026-08-06 17:17:23] WAVE 2/6 — 50 parallel × 20 batches = 1000 calls
[2026-08-06 17:17:23] ━━━━━━━━━━━━━━━━━━━━━━━━━━━━━━━━━━━━━━━━━━━━━━━━━━━━━━━━━━
[2026-08-06 17:17:30]   Batch 1/20: +41 ok, +9 THROTTLED, +0 limit, + err | cumulative: 41 ok, 9 throttled [7s]
[2026-08-06 17:17:40]   Batch 2/20: +42 ok, +7 THROTTLED, +0 limit, + err | cumulative: 83 ok, 16 throttled [17s]
[2026-08-06 17:17:50]   Batch 3/20: +43 ok, +7 THROTTLED, +0 limit, + err | cumulative: 126 ok, 23 throttled [27s]
[2026-08-06 17:18:01]   Batch 4/20: +35 ok, +15 THROTTLED, +0 limit, + err | cumulative: 161 ok, 38 throttled [38s]
[2026-08-06 17:18:11]   Batch 5/20: +38 ok, +12 THROTTLED, +0 limit, + err | cumulative: 199 ok, 50 throttled [48s]
[2026-08-06 17:18:22]   Batch 6/20: +35 ok, +15 THROTTLED, +0 limit, + err | cumulative: 234 ok, 65 throttled [59s]
[2026-08-06 17:18:33]   Batch 7/20: +33 ok, +17 THROTTLED, +0 limit, + err | cumulative: 267 ok, 82 throttled [70s]
[2026-08-06 17:18:44]   Batch 8/20: +38 ok, +12 THROTTLED, +0 limit, + err | cumulative: 305 ok, 94 throttled [81s]
[2026-08-06 17:18:54]   Batch 9/20: +38 ok, +12 THROTTLED, +0 limit, + err | cumulative: 343 ok, 106 throttled [91s]
[2026-08-06 17:19:04]   Batch 10/20: +37 ok, +13 THROTTLED, +0 limit, + err | cumulative: 380 ok, 119 throttled [101s]
[2026-08-06 17:19:14]   Batch 11/20: +44 ok, +6 THROTTLED, +0 limit, + err | cumulative: 424 ok, 125 throttled [111s]
[2026-08-06 17:19:24]   Batch 12/20: +43 ok, +7 THROTTLED, +0 limit, + err | cumulative: 467 ok, 132 throttled [121s]
[2026-08-06 17:19:34]   Batch 13/20: +32 ok, +17 THROTTLED, +0 limit, + err | cumulative: 499 ok, 149 throttled [131s]
[2026-08-06 17:19:44]   Batch 14/20: +13 ok, +8 THROTTLED, +0 limit, + err | cumulative: 512 ok, 157 throttled [141s]
[2026-08-06 17:19:54]   Batch 15/20: +0 ok, + THROTTLED, + limit, + err | cumulative: 512 ok, 157 throttled [151s]
[2026-08-06 17:20:04]   Batch 16/20: +0 ok, + THROTTLED, + limit, + err | cumulative: 512 ok, 157 throttled [161s]
[2026-08-06 17:20:15]   Batch 17/20: +0 ok, + THROTTLED, + limit, + err | cumulative: 512 ok, 157 throttled [172s]
[2026-08-06 17:20:25]   Batch 18/20: +0 ok, + THROTTLED, + limit, + err | cumulative: 512 ok, 157 throttled [182s]
[2026-08-06 17:20:35]   Batch 19/20: +0 ok, + THROTTLED, + limit, + err | cumulative: 512 ok, 157 throttled [192s]
[2026-08-06 17:20:45]   Batch 20/20: +0 ok, + THROTTLED, + limit, + err | cumulative: 512 ok, 157 throttled [202s]
[2026-08-06 17:20:45] 
[2026-08-06 17:20:45] Wave 2 complete in 202s:
[2026-08-06 17:20:45]   ✓ Success:    512
[2026-08-06 17:20:45]   ⚡ Throttled:  157  ← THIS IS THE SIGNAL AWS SEES
[2026-08-06 17:20:45]   🚫 Limit hit:  0
[2026-08-06 17:20:45]   ✗ Errors:     0
[2026-08-06 17:20:45]   Rate:         3.3 calls/s
[2026-08-06 17:20:45] 
[2026-08-06 17:20:45] Terminating 512 created VMs...
[2026-08-06 17:21:52] Terminated 512 VMs in 67s
[2026-08-06 17:21:52] Waiting 5m 41s until next wave (randomized 5-7 min)...
[2026-08-06 17:27:33] ━━━━━━━━━━━━━━━━━━━━━━━━━━━━━━━━━━━━━━━━━━━━━━━━━━━━━━━━━━
[2026-08-06 17:27:33] WAVE 3/6 — 50 parallel × 20 batches = 1000 calls
[2026-08-06 17:27:33] ━━━━━━━━━━━━━━━━━━━━━━━━━━━━━━━━━━━━━━━━━━━━━━━━━━━━━━━━━━
[2026-08-06 17:27:40]   Batch 1/20: +41 ok, +8 THROTTLED, +0 limit, + err | cumulative: 41 ok, 8 throttled [7s]
[2026-08-06 17:27:51]   Batch 2/20: +43 ok, +7 THROTTLED, +0 limit, + err | cumulative: 84 ok, 15 throttled [18s]
[2026-08-06 17:27:59]   Batch 3/20: +46 ok, +3 THROTTLED, +0 limit, + err | cumulative: 130 ok, 18 throttled [26s]
[2026-08-06 17:28:10]   Batch 4/20: +30 ok, +20 THROTTLED, +0 limit, + err | cumulative: 160 ok, 38 throttled [37s]
[2026-08-06 17:28:21]   Batch 5/20: +37 ok, +13 THROTTLED, +0 limit, + err | cumulative: 197 ok, 51 throttled [48s]
[2026-08-06 17:28:32]   Batch 6/20: +39 ok, +11 THROTTLED, +0 limit, + err | cumulative: 236 ok, 62 throttled [59s]
[2026-08-06 17:28:42]   Batch 7/20: +43 ok, +7 THROTTLED, +0 limit, + err | cumulative: 279 ok, 69 throttled [69s]
[2026-08-06 17:28:52]   Batch 8/20: +40 ok, +10 THROTTLED, +0 limit, + err | cumulative: 319 ok, 79 throttled [79s]
[2026-08-06 17:29:03]   Batch 9/20: +46 ok, +4 THROTTLED, +0 limit, + err | cumulative: 365 ok, 83 throttled [90s]
[2026-08-06 17:29:13]   Batch 10/20: +39 ok, +11 THROTTLED, +0 limit, + err | cumulative: 404 ok, 94 throttled [100s]
[2026-08-06 17:29:24]   Batch 11/20: +47 ok, +3 THROTTLED, +0 limit, + err | cumulative: 451 ok, 97 throttled [111s]
[2026-08-06 17:29:34]   Batch 12/20: +45 ok, +5 THROTTLED, +0 limit, + err | cumulative: 496 ok, 102 throttled [121s]
[2026-08-06 17:29:46]   Batch 13/20: +16 ok, +9 THROTTLED, +0 limit, + err | cumulative: 512 ok, 111 throttled [133s]
[2026-08-06 17:29:56]   Batch 14/20: +0 ok, + THROTTLED, + limit, + err | cumulative: 512 ok, 111 throttled [143s]
[2026-08-06 17:30:06]   Batch 15/20: +0 ok, + THROTTLED, + limit, + err | cumulative: 512 ok, 111 throttled [153s]
[2026-08-06 17:30:16]   Batch 16/20: +0 ok, + THROTTLED, + limit, + err | cumulative: 512 ok, 111 throttled [163s]
[2026-08-06 17:30:27]   Batch 17/20: +0 ok, + THROTTLED, + limit, + err | cumulative: 512 ok, 111 throttled [174s]
[2026-08-06 17:30:37]   Batch 18/20: +0 ok, + THROTTLED, + limit, + err | cumulative: 512 ok, 111 throttled [184s]
[2026-08-06 17:30:48]   Batch 19/20: +0 ok, + THROTTLED, + limit, + err | cumulative: 512 ok, 111 throttled [195s]
[2026-08-06 17:30:58]   Batch 20/20: +0 ok, + THROTTLED, + limit, + err | cumulative: 512 ok, 111 throttled [205s]
[2026-08-06 17:30:58] 
[2026-08-06 17:30:58] Wave 3 complete in 205s:
[2026-08-06 17:30:58]   ✓ Success:    512
[2026-08-06 17:30:58]   ⚡ Throttled:  111  ← THIS IS THE SIGNAL AWS SEES
[2026-08-06 17:30:58]   🚫 Limit hit:  0
[2026-08-06 17:30:58]   ✗ Errors:     0
[2026-08-06 17:30:58]   Rate:         3.0 calls/s
[2026-08-06 17:30:58] 
[2026-08-06 17:30:58] Terminating 512 created VMs...
[2026-08-06 17:32:04] Terminated 512 VMs in 66s
[2026-08-06 17:32:04] Waiting 5m 51s until next wave (randomized 5-7 min)...
[2026-08-06 17:37:55] ━━━━━━━━━━━━━━━━━━━━━━━━━━━━━━━━━━━━━━━━━━━━━━━━━━━━━━━━━━
[2026-08-06 17:37:55] WAVE 4/6 — 50 parallel × 20 batches = 1000 calls
[2026-08-06 17:37:55] ━━━━━━━━━━━━━━━━━━━━━━━━━━━━━━━━━━━━━━━━━━━━━━━━━━━━━━━━━━
[2026-08-06 17:38:02]   Batch 1/20: +42 ok, +8 THROTTLED, +0 limit, + err | cumulative: 42 ok, 8 throttled [7s]
[2026-08-06 17:38:11]   Batch 2/20: +48 ok, +2 THROTTLED, +0 limit, + err | cumulative: 90 ok, 10 throttled [16s]
[2026-08-06 17:38:21]   Batch 3/20: +41 ok, +8 THROTTLED, +0 limit, + err | cumulative: 131 ok, 18 throttled [26s]
[2026-08-06 17:38:31]   Batch 4/20: +33 ok, +16 THROTTLED, +0 limit, + err | cumulative: 164 ok, 34 throttled [36s]
[2026-08-06 17:38:42]   Batch 5/20: +40 ok, +9 THROTTLED, +0 limit, + err | cumulative: 204 ok, 43 throttled [47s]
[2026-08-06 17:38:52]   Batch 6/20: +42 ok, +7 THROTTLED, +0 limit, + err | cumulative: 246 ok, 50 throttled [57s]
[2026-08-06 17:39:03]   Batch 7/20: +41 ok, +9 THROTTLED, +0 limit, + err | cumulative: 287 ok, 59 throttled [68s]
[2026-08-06 17:39:13]   Batch 8/20: +45 ok, +5 THROTTLED, +0 limit, + err | cumulative: 332 ok, 64 throttled [78s]
[2026-08-06 17:39:23]   Batch 9/20: +37 ok, +12 THROTTLED, +0 limit, + err | cumulative: 369 ok, 76 throttled [88s]
[2026-08-06 17:39:33]   Batch 10/20: +33 ok, +15 THROTTLED, +0 limit, + err | cumulative: 402 ok, 91 throttled [98s]
[2026-08-06 17:39:44]   Batch 11/20: +42 ok, +7 THROTTLED, +0 limit, + err | cumulative: 444 ok, 98 throttled [109s]
[2026-08-06 17:39:56]   Batch 12/20: +34 ok, +13 THROTTLED, +0 limit, + err | cumulative: 478 ok, 111 throttled [121s]
[2026-08-06 17:40:06]   Batch 13/20: +34 ok, +7 THROTTLED, +0 limit, + err | cumulative: 512 ok, 118 throttled [131s]
[2026-08-06 17:40:16]   Batch 14/20: +0 ok, + THROTTLED, + limit, + err | cumulative: 512 ok, 118 throttled [141s]
[2026-08-06 17:40:27]   Batch 15/20: +0 ok, + THROTTLED, + limit, + err | cumulative: 512 ok, 118 throttled [152s]
[2026-08-06 17:40:37]   Batch 16/20: +0 ok, + THROTTLED, + limit, + err | cumulative: 512 ok, 118 throttled [162s]
[2026-08-06 17:40:47]   Batch 17/20: +0 ok, + THROTTLED, + limit, + err | cumulative: 512 ok, 118 throttled [172s]
[2026-08-06 17:40:58]   Batch 18/20: +0 ok, + THROTTLED, + limit, + err | cumulative: 512 ok, 118 throttled [183s]
[2026-08-06 17:41:07]   Batch 19/20: +0 ok, + THROTTLED, + limit, + err | cumulative: 512 ok, 118 throttled [192s]
[2026-08-06 17:41:18]   Batch 20/20: +0 ok, + THROTTLED, + limit, + err | cumulative: 512 ok, 118 throttled [203s]
[2026-08-06 17:41:18] 
[2026-08-06 17:41:18] Wave 4 complete in 203s:
[2026-08-06 17:41:18]   ✓ Success:    512
[2026-08-06 17:41:18]   ⚡ Throttled:  118  ← THIS IS THE SIGNAL AWS SEES
[2026-08-06 17:41:18]   🚫 Limit hit:  0
[2026-08-06 17:41:18]   ✗ Errors:     0
[2026-08-06 17:41:18]   Rate:         3.1 calls/s
[2026-08-06 17:41:18] 
[2026-08-06 17:41:18] Terminating 512 created VMs...
[2026-08-06 17:42:35] Terminated 512 VMs in 77s
[2026-08-06 17:42:35] Waiting 5m 29s until next wave (randomized 5-7 min)...
[2026-08-06 17:48:04] ━━━━━━━━━━━━━━━━━━━━━━━━━━━━━━━━━━━━━━━━━━━━━━━━━━━━━━━━━━
[2026-08-06 17:48:04] WAVE 5/6 — 50 parallel × 20 batches = 1000 calls
[2026-08-06 17:48:04] ━━━━━━━━━━━━━━━━━━━━━━━━━━━━━━━━━━━━━━━━━━━━━━━━━━━━━━━━━━
[2026-08-06 17:48:11]   Batch 1/20: +41 ok, +9 THROTTLED, +0 limit, + err | cumulative: 41 ok, 9 throttled [7s]
[2026-08-06 17:48:21]   Batch 2/20: +47 ok, +3 THROTTLED, +0 limit, + err | cumulative: 88 ok, 12 throttled [17s]
[2026-08-06 17:48:32]   Batch 3/20: +42 ok, +8 THROTTLED, +0 limit, + err | cumulative: 130 ok, 20 throttled [28s]
[2026-08-06 17:48:44]   Batch 4/20: +42 ok, +8 THROTTLED, +0 limit, + err | cumulative: 172 ok, 28 throttled [40s]
[2026-08-06 17:48:54]   Batch 5/20: +44 ok, +5 THROTTLED, +0 limit, + err | cumulative: 216 ok, 33 throttled [50s]
[2026-08-06 17:49:04]   Batch 6/20: +45 ok, +5 THROTTLED, +0 limit, + err | cumulative: 261 ok, 38 throttled [60s]
[2026-08-06 17:49:18]   Batch 7/20: +39 ok, +10 THROTTLED, +0 limit, + err | cumulative: 300 ok, 48 throttled [74s]
[2026-08-06 17:49:28]   Batch 8/20: +39 ok, +10 THROTTLED, +0 limit, + err | cumulative: 339 ok, 58 throttled [84s]
[2026-08-06 17:49:39]   Batch 9/20: +42 ok, +8 THROTTLED, +0 limit, + err | cumulative: 381 ok, 66 throttled [95s]
[2026-08-06 17:49:49]   Batch 10/20: +35 ok, +14 THROTTLED, +0 limit, + err | cumulative: 416 ok, 80 throttled [105s]
[2026-08-06 17:49:59]   Batch 11/20: +41 ok, +9 THROTTLED, +0 limit, + err | cumulative: 457 ok, 89 throttled [115s]
[2026-08-06 17:50:09]   Batch 12/20: +39 ok, +11 THROTTLED, +0 limit, + err | cumulative: 496 ok, 100 throttled [125s]
[2026-08-06 17:50:20]   Batch 13/20: +16 ok, +16 THROTTLED, +0 limit, + err | cumulative: 512 ok, 116 throttled [136s]
[2026-08-06 17:50:30]   Batch 14/20: +0 ok, + THROTTLED, + limit, + err | cumulative: 512 ok, 116 throttled [146s]
[2026-08-06 17:50:40]   Batch 15/20: +0 ok, + THROTTLED, + limit, + err | cumulative: 512 ok, 116 throttled [156s]
[2026-08-06 17:50:50]   Batch 16/20: +0 ok, + THROTTLED, + limit, + err | cumulative: 512 ok, 116 throttled [166s]
[2026-08-06 17:51:01]   Batch 17/20: +0 ok, + THROTTLED, + limit, + err | cumulative: 512 ok, 116 throttled [177s]
[2026-08-06 17:51:11]   Batch 18/20: +0 ok, + THROTTLED, + limit, + err | cumulative: 512 ok, 116 throttled [187s]
[2026-08-06 17:51:23]   Batch 19/20: +0 ok, + THROTTLED, + limit, + err | cumulative: 512 ok, 116 throttled [199s]
[2026-08-06 17:51:33]   Batch 20/20: +0 ok, + THROTTLED, + limit, + err | cumulative: 512 ok, 116 throttled [209s]
[2026-08-06 17:51:33] 
[2026-08-06 17:51:33] Wave 5 complete in 209s:
[2026-08-06 17:51:33]   ✓ Success:    512
[2026-08-06 17:51:33]   ⚡ Throttled:  116  ← THIS IS THE SIGNAL AWS SEES
[2026-08-06 17:51:33]   🚫 Limit hit:  0
[2026-08-06 17:51:33]   ✗ Errors:     0
[2026-08-06 17:51:33]   Rate:         3.0 calls/s
[2026-08-06 17:51:33] 
[2026-08-06 17:51:33] Terminating 512 created VMs...
[2026-08-06 17:52:37] Terminated 512 VMs in 64s
[2026-08-06 17:52:37] Waiting 5m 35s until next wave (randomized 5-7 min)...
[2026-08-06 17:58:12] ━━━━━━━━━━━━━━━━━━━━━━━━━━━━━━━━━━━━━━━━━━━━━━━━━━━━━━━━━━
[2026-08-06 17:58:12] WAVE 6/6 — 50 parallel × 20 batches = 1000 calls
[2026-08-06 17:58:12] ━━━━━━━━━━━━━━━━━━━━━━━━━━━━━━━━━━━━━━━━━━━━━━━━━━━━━━━━━━
[2026-08-06 17:58:20]   Batch 1/20: +37 ok, +13 THROTTLED, +0 limit, + err | cumulative: 37 ok, 13 throttled [7s]
[2026-08-06 17:58:30]   Batch 2/20: +46 ok, +4 THROTTLED, +0 limit, + err | cumulative: 83 ok, 17 throttled [18s]
[2026-08-06 17:58:40]   Batch 3/20: +41 ok, +9 THROTTLED, +0 limit, + err | cumulative: 124 ok, 26 throttled [28s]
[2026-08-06 17:58:51]   Batch 4/20: +43 ok, +7 THROTTLED, +0 limit, + err | cumulative: 167 ok, 33 throttled [39s]
[2026-08-06 17:59:01]   Batch 5/20: +42 ok, +8 THROTTLED, +0 limit, + err | cumulative: 209 ok, 41 throttled [49s]
[2026-08-06 17:59:11]   Batch 6/20: +37 ok, +13 THROTTLED, +0 limit, + err | cumulative: 246 ok, 54 throttled [59s]
[2026-08-06 17:59:21]   Batch 7/20: +48 ok, +1 THROTTLED, +0 limit, + err | cumulative: 294 ok, 55 throttled [69s]
[2026-08-06 17:59:32]   Batch 8/20: +43 ok, +7 THROTTLED, +0 limit, + err | cumulative: 337 ok, 62 throttled [80s]
[2026-08-06 17:59:42]   Batch 9/20: +44 ok, +6 THROTTLED, +0 limit, + err | cumulative: 381 ok, 68 throttled [90s]
[2026-08-06 17:59:52]   Batch 10/20: +43 ok, +6 THROTTLED, +0 limit, + err | cumulative: 424 ok, 74 throttled [100s]
[2026-08-06 18:00:03]   Batch 11/20: +44 ok, +6 THROTTLED, +0 limit, + err | cumulative: 468 ok, 80 throttled [111s]
[2026-08-06 18:00:13]   Batch 12/20: +44 ok, +4 THROTTLED, +0 limit, + err | cumulative: 512 ok, 84 throttled [121s]
[2026-08-06 18:00:22]   Batch 13/20: +0 ok, + THROTTLED, + limit, + err | cumulative: 512 ok, 84 throttled [130s]
[2026-08-06 18:00:34]   Batch 14/20: +0 ok, + THROTTLED, + limit, + err | cumulative: 512 ok, 84 throttled [142s]
[2026-08-06 18:00:45]   Batch 15/20: +0 ok, + THROTTLED, + limit, + err | cumulative: 512 ok, 84 throttled [153s]
[2026-08-06 18:00:55]   Batch 16/20: +0 ok, + THROTTLED, + limit, + err | cumulative: 512 ok, 84 throttled [163s]
[2026-08-06 18:01:06]   Batch 17/20: +0 ok, + THROTTLED, + limit, + err | cumulative: 512 ok, 84 throttled [174s]
[2026-08-06 18:01:18]   Batch 18/20: +0 ok, + THROTTLED, + limit, + err | cumulative: 512 ok, 84 throttled [186s]
[2026-08-06 18:01:28]   Batch 19/20: +0 ok, + THROTTLED, + limit, + err | cumulative: 512 ok, 84 throttled [196s]
[2026-08-06 18:01:39]   Batch 20/20: +0 ok, + THROTTLED, + limit, + err | cumulative: 512 ok, 84 throttled [207s]
[2026-08-06 18:01:39] 
[2026-08-06 18:01:39] Wave 6 complete in 207s:
[2026-08-06 18:01:39]   ✓ Success:    512
[2026-08-06 18:01:39]   ⚡ Throttled:  84  ← THIS IS THE SIGNAL AWS SEES
[2026-08-06 18:01:39]   🚫 Limit hit:  0
[2026-08-06 18:01:39]   ✗ Errors:     0
[2026-08-06 18:01:39]   Rate:         2.8 calls/s
[2026-08-06 18:01:39] 
[2026-08-06 18:01:39] Terminating 512 created VMs...
[2026-08-06 18:03:01] Terminated 512 VMs in 82s
[2026-08-06 18:03:01] 
[2026-08-06 18:03:01] ╔══════════════════════════════════════════════════════════════╗
[2026-08-06 18:03:01] ║              PRESSURE TEST COMPLETE                         ║
[2026-08-06 18:03:01] ╠══════════════════════════════════════════════════════════════╣
[2026-08-06 18:03:01] ║  Total API calls:   3264
[2026-08-06 18:03:01] ║  Successful:        2650
[2026-08-06 18:03:01] ║  THROTTLED (429):   614  ← quota increase signal
[2026-08-06 18:03:01] ║  Limit hit:         0
[2026-08-06 18:03:01] ║  Errors:            0
[2026-08-06 18:03:01] ║  Waves completed:   6
[2026-08-06 18:03:01] ╠══════════════════════════════════════════════════════════════╣
[2026-08-06 18:03:01] ║  ATTACH THIS LOG TO AWS SUPPORT TICKET                     ║
[2026-08-06 18:03:01] ║  Evidence: sustained throttling = sustained demand          ║
[2026-08-06 18:03:01] ╚══════════════════════════════════════════════════════════════╝
[2026-08-06 18:03:01] Results: /home/ubuntu/projects/microvm/KubeMicroVM/uat/results/burst-warmup/20260806-170732-pressure
