[2026-08-06 23:40:11] ╔══════════════════════════════════════════════════════════════╗
[2026-08-06 23:40:11] ║     RunMicrovm API PRESSURE GENERATOR                       ║
[2026-08-06 23:40:11] ╠══════════════════════════════════════════════════════════════╣
[2026-08-06 23:40:11] ║  Parallel calls/batch: 100
[2026-08-06 23:40:11] ║  Batches per wave:     20
[2026-08-06 23:40:11] ║  Gap between batches:  2s
[2026-08-06 23:40:11] ║  Total calls/wave:     2000
[2026-08-06 23:40:11] ║  Waves:                20
[2026-08-06 23:40:11] ║  Wave interval:        35 min
[2026-08-06 23:40:11] ║  Region:               us-east-1
[2026-08-06 23:40:11] ║  Images:               3
[2026-08-06 23:40:11] ╚══════════════════════════════════════════════════════════════╝
[2026-08-06 23:40:11] 
[2026-08-06 23:40:11] ━━━━━━━━━━━━━━━━━━━━━━━━━━━━━━━━━━━━━━━━━━━━━━━━━━━━━━━━━━
[2026-08-06 23:40:11] WAVE 1/20 — 100 parallel × 20 batches = 2000 calls
[2026-08-06 23:40:11] ━━━━━━━━━━━━━━━━━━━━━━━━━━━━━━━━━━━━━━━━━━━━━━━━━━━━━━━━━━
[2026-08-06 23:40:24]   Batch 1/20: +41 ok, +57 THROTTLED, +0 limit, + err | cumulative: 41 ok, 57 throttled [13s]
[2026-08-06 23:40:38]   Batch 2/20: +49 ok, +44 THROTTLED, +0 limit, + err | cumulative: 90 ok, 101 throttled [27s]
[2026-08-06 23:40:53]   Batch 3/20: +46 ok, +50 THROTTLED, +0 limit, + err | cumulative: 136 ok, 151 throttled [42s]
[2026-08-06 23:41:07]   Batch 4/20: +47 ok, +50 THROTTLED, +0 limit, + err | cumulative: 183 ok, 201 throttled [56s]
[2026-08-06 23:41:21]   Batch 5/20: +43 ok, +52 THROTTLED, +0 limit, + err | cumulative: 226 ok, 253 throttled [70s]
[2026-08-06 23:41:34]   Batch 6/20: +49 ok, +51 THROTTLED, +0 limit, + err | cumulative: 275 ok, 304 throttled [83s]
[2026-08-06 23:41:48]   Batch 7/20: +41 ok, +58 THROTTLED, +0 limit, + err | cumulative: 316 ok, 362 throttled [97s]
[2026-08-06 23:42:03]   Batch 8/20: +44 ok, +56 THROTTLED, +0 limit, + err | cumulative: 360 ok, 418 throttled [112s]
[2026-08-06 23:42:16]   Batch 9/20: +41 ok, +59 THROTTLED, +0 limit, + err | cumulative: 401 ok, 477 throttled [125s]
[2026-08-06 23:42:32]   Batch 10/20: +46 ok, +52 THROTTLED, +0 limit, + err | cumulative: 447 ok, 529 throttled [141s]
[2026-08-06 23:42:46]   Batch 11/20: +47 ok, +52 THROTTLED, +0 limit, + err | cumulative: 494 ok, 581 throttled [155s]
[2026-08-06 23:43:01]   Batch 12/20: +18 ok, +51 THROTTLED, +0 limit, + err | cumulative: 512 ok, 632 throttled [170s]
[2026-08-06 23:43:15]   Batch 13/20: +0 ok, + THROTTLED, + limit, + err | cumulative: 512 ok, 632 throttled [184s]
[2026-08-06 23:43:30]   Batch 14/20: +0 ok, + THROTTLED, + limit, + err | cumulative: 512 ok, 632 throttled [199s]
[2026-08-06 23:43:44]   Batch 15/20: +0 ok, + THROTTLED, + limit, + err | cumulative: 512 ok, 632 throttled [213s]
[2026-08-06 23:43:58]   Batch 16/20: +0 ok, + THROTTLED, + limit, + err | cumulative: 512 ok, 632 throttled [227s]
[2026-08-06 23:44:12]   Batch 17/20: +0 ok, + THROTTLED, + limit, + err | cumulative: 512 ok, 632 throttled [241s]
[2026-08-06 23:44:27]   Batch 18/20: +0 ok, + THROTTLED, + limit, + err | cumulative: 512 ok, 632 throttled [256s]
[2026-08-06 23:44:42]   Batch 19/20: +0 ok, + THROTTLED, + limit, + err | cumulative: 512 ok, 632 throttled [271s]
[2026-08-06 23:44:56]   Batch 20/20: +0 ok, + THROTTLED, + limit, + err | cumulative: 512 ok, 632 throttled [285s]
[2026-08-06 23:44:56] 
[2026-08-06 23:44:56] Wave 1 complete in 285s:
[2026-08-06 23:44:56]   ✓ Success:    512
[2026-08-06 23:44:56]   ⚡ Throttled:  632  ← THIS IS THE SIGNAL AWS SEES
[2026-08-06 23:44:56]   🚫 Limit hit:  0
[2026-08-06 23:44:56]   ✗ Errors:     0
[2026-08-06 23:44:56]   Rate:         4.0 calls/s
[2026-08-06 23:44:56] 
[2026-08-06 23:44:56] Terminating 512 created VMs...
[2026-08-06 23:46:19] Terminated 512 VMs in 83s
[2026-08-06 23:46:19] Waiting 6m 10s until next wave (randomized 5-7 min)...
[2026-08-06 23:52:29] ━━━━━━━━━━━━━━━━━━━━━━━━━━━━━━━━━━━━━━━━━━━━━━━━━━━━━━━━━━
[2026-08-06 23:52:29] WAVE 2/20 — 100 parallel × 20 batches = 2000 calls
[2026-08-06 23:52:29] ━━━━━━━━━━━━━━━━━━━━━━━━━━━━━━━━━━━━━━━━━━━━━━━━━━━━━━━━━━
[2026-08-06 23:52:42]   Batch 1/20: +44 ok, +54 THROTTLED, +0 limit, + err | cumulative: 44 ok, 54 throttled [13s]
[2026-08-06 23:52:56]   Batch 2/20: +49 ok, +51 THROTTLED, +0 limit, + err | cumulative: 93 ok, 105 throttled [27s]
[2026-08-06 23:53:11]   Batch 3/20: +44 ok, +52 THROTTLED, +0 limit, + err | cumulative: 137 ok, 157 throttled [42s]
[2026-08-06 23:53:25]   Batch 4/20: +43 ok, +54 THROTTLED, +0 limit, + err | cumulative: 180 ok, 211 throttled [56s]
[2026-08-06 23:53:40]   Batch 5/20: +49 ok, +50 THROTTLED, +0 limit, + err | cumulative: 229 ok, 261 throttled [71s]
[2026-08-06 23:53:54]   Batch 6/20: +48 ok, +52 THROTTLED, +0 limit, + err | cumulative: 277 ok, 313 throttled [85s]
[2026-08-06 23:54:08]   Batch 7/20: +54 ok, +43 THROTTLED, +0 limit, + err | cumulative: 331 ok, 356 throttled [99s]
[2026-08-06 23:54:22]   Batch 8/20: +56 ok, +44 THROTTLED, +0 limit, + err | cumulative: 387 ok, 400 throttled [113s]
[2026-08-06 23:54:37]   Batch 9/20: +42 ok, +53 THROTTLED, +0 limit, + err | cumulative: 429 ok, 453 throttled [128s]
[2026-08-06 23:54:52]   Batch 10/20: +45 ok, +54 THROTTLED, +0 limit, + err | cumulative: 474 ok, 507 throttled [143s]
[2026-08-06 23:55:06]   Batch 11/20: +38 ok, +57 THROTTLED, +0 limit, + err | cumulative: 512 ok, 564 throttled [157s]
[2026-08-06 23:55:20]   Batch 12/20: +0 ok, + THROTTLED, + limit, + err | cumulative: 512 ok, 564 throttled [171s]
[2026-08-06 23:55:34]   Batch 13/20: +0 ok, + THROTTLED, + limit, + err | cumulative: 512 ok, 564 throttled [185s]
[2026-08-06 23:55:48]   Batch 14/20: +0 ok, + THROTTLED, + limit, + err | cumulative: 512 ok, 564 throttled [199s]
[2026-08-06 23:56:03]   Batch 15/20: +0 ok, + THROTTLED, + limit, + err | cumulative: 512 ok, 564 throttled [214s]
[2026-08-06 23:56:18]   Batch 16/20: +0 ok, + THROTTLED, + limit, + err | cumulative: 512 ok, 564 throttled [229s]
[2026-08-06 23:56:32]   Batch 17/20: +0 ok, + THROTTLED, + limit, + err | cumulative: 512 ok, 564 throttled [243s]
[2026-08-06 23:56:47]   Batch 18/20: +0 ok, + THROTTLED, + limit, + err | cumulative: 512 ok, 564 throttled [258s]
[2026-08-06 23:57:01]   Batch 19/20: +0 ok, + THROTTLED, + limit, + err | cumulative: 512 ok, 564 throttled [272s]
[2026-08-06 23:57:15]   Batch 20/20: +0 ok, + THROTTLED, + limit, + err | cumulative: 512 ok, 564 throttled [286s]
[2026-08-06 23:57:15] 
[2026-08-06 23:57:15] Wave 2 complete in 286s:
[2026-08-06 23:57:15]   ✓ Success:    512
[2026-08-06 23:57:16]   ⚡ Throttled:  564  ← THIS IS THE SIGNAL AWS SEES
[2026-08-06 23:57:16]   🚫 Limit hit:  0
[2026-08-06 23:57:16]   ✗ Errors:     0
[2026-08-06 23:57:16]   Rate:         3.7 calls/s
[2026-08-06 23:57:16] 
[2026-08-06 23:57:16] Terminating 512 created VMs...
[2026-08-06 23:58:30] Terminated 512 VMs in 74s
[2026-08-06 23:58:30] Waiting 6m 36s until next wave (randomized 5-7 min)...
[2026-08-07 00:05:06] ━━━━━━━━━━━━━━━━━━━━━━━━━━━━━━━━━━━━━━━━━━━━━━━━━━━━━━━━━━
[2026-08-07 00:05:06] WAVE 3/20 — 100 parallel × 20 batches = 2000 calls
[2026-08-07 00:05:06] ━━━━━━━━━━━━━━━━━━━━━━━━━━━━━━━━━━━━━━━━━━━━━━━━━━━━━━━━━━
[2026-08-07 00:05:18]   Batch 1/20: +41 ok, +57 THROTTLED, +0 limit, + err | cumulative: 41 ok, 57 throttled [12s]
[2026-08-07 00:05:33]   Batch 2/20: +51 ok, +48 THROTTLED, +0 limit, + err | cumulative: 92 ok, 105 throttled [27s]
[2026-08-07 00:05:48]   Batch 3/20: +42 ok, +58 THROTTLED, +0 limit, + err | cumulative: 134 ok, 163 throttled [42s]
[2026-08-07 00:06:02]   Batch 4/20: +45 ok, +55 THROTTLED, +0 limit, + err | cumulative: 179 ok, 218 throttled [56s]
[2026-08-07 00:06:16]   Batch 5/20: +44 ok, +51 THROTTLED, +0 limit, + err | cumulative: 223 ok, 269 throttled [70s]
[2026-08-07 00:06:31]   Batch 6/20: +44 ok, +53 THROTTLED, +0 limit, + err | cumulative: 267 ok, 322 throttled [85s]
[2026-08-07 00:06:44]   Batch 7/20: +39 ok, +61 THROTTLED, +0 limit, + err | cumulative: 306 ok, 383 throttled [98s]
[2026-08-07 00:06:58]   Batch 8/20: +40 ok, +57 THROTTLED, +0 limit, + err | cumulative: 346 ok, 440 throttled [112s]
[2026-08-07 00:07:14]   Batch 9/20: +47 ok, +52 THROTTLED, +0 limit, + err | cumulative: 393 ok, 492 throttled [128s]
[2026-08-07 00:07:28]   Batch 10/20: +44 ok, +55 THROTTLED, +0 limit, + err | cumulative: 437 ok, 547 throttled [142s]
[2026-08-07 00:07:42]   Batch 11/20: +40 ok, +60 THROTTLED, +0 limit, + err | cumulative: 477 ok, 607 throttled [156s]
[2026-08-07 00:07:56]   Batch 12/20: +35 ok, +60 THROTTLED, +0 limit, + err | cumulative: 512 ok, 667 throttled [170s]
[2026-08-07 00:08:11]   Batch 13/20: +0 ok, + THROTTLED, + limit, + err | cumulative: 512 ok, 667 throttled [185s]
[2026-08-07 00:08:25]   Batch 14/20: +0 ok, + THROTTLED, + limit, + err | cumulative: 512 ok, 667 throttled [199s]
[2026-08-07 00:08:39]   Batch 15/20: +0 ok, + THROTTLED, + limit, + err | cumulative: 512 ok, 667 throttled [213s]
[2026-08-07 00:08:53]   Batch 16/20: +0 ok, + THROTTLED, + limit, + err | cumulative: 512 ok, 667 throttled [227s]
[2026-08-07 00:09:08]   Batch 17/20: +0 ok, + THROTTLED, + limit, + err | cumulative: 512 ok, 667 throttled [242s]
[2026-08-07 00:09:22]   Batch 18/20: +0 ok, + THROTTLED, + limit, + err | cumulative: 512 ok, 667 throttled [256s]
[2026-08-07 00:09:36]   Batch 19/20: +0 ok, + THROTTLED, + limit, + err | cumulative: 512 ok, 667 throttled [270s]
[2026-08-07 00:09:51]   Batch 20/20: +0 ok, + THROTTLED, + limit, + err | cumulative: 512 ok, 667 throttled [285s]
[2026-08-07 00:09:51] 
[2026-08-07 00:09:51] Wave 3 complete in 285s:
[2026-08-07 00:09:51]   ✓ Success:    512
[2026-08-07 00:09:51]   ⚡ Throttled:  667  ← THIS IS THE SIGNAL AWS SEES
[2026-08-07 00:09:51]   🚫 Limit hit:  0
[2026-08-07 00:09:51]   ✗ Errors:     0
[2026-08-07 00:09:51]   Rate:         4.1 calls/s
[2026-08-07 00:09:51] 
[2026-08-07 00:09:51] Terminating 512 created VMs...
[2026-08-07 00:11:01] Terminated 512 VMs in 70s
[2026-08-07 00:11:01] Waiting 5m 16s until next wave (randomized 5-7 min)...
[2026-08-07 00:16:17] ━━━━━━━━━━━━━━━━━━━━━━━━━━━━━━━━━━━━━━━━━━━━━━━━━━━━━━━━━━
[2026-08-07 00:16:17] WAVE 4/20 — 100 parallel × 20 batches = 2000 calls
[2026-08-07 00:16:17] ━━━━━━━━━━━━━━━━━━━━━━━━━━━━━━━━━━━━━━━━━━━━━━━━━━━━━━━━━━
[2026-08-07 00:16:30]   Batch 1/20: +42 ok, +55 THROTTLED, +0 limit, + err | cumulative: 42 ok, 55 throttled [13s]
[2026-08-07 00:16:44]   Batch 2/20: +42 ok, +57 THROTTLED, +0 limit, + err | cumulative: 84 ok, 112 throttled [27s]
[2026-08-07 00:16:59]   Batch 3/20: +40 ok, +58 THROTTLED, +0 limit, + err | cumulative: 124 ok, 170 throttled [42s]
[2026-08-07 00:17:13]   Batch 4/20: +59 ok, +41 THROTTLED, +0 limit, + err | cumulative: 183 ok, 211 throttled [56s]
[2026-08-07 00:17:28]   Batch 5/20: +43 ok, +55 THROTTLED, +0 limit, + err | cumulative: 226 ok, 266 throttled [71s]
[2026-08-07 00:17:42]   Batch 6/20: +45 ok, +55 THROTTLED, +0 limit, + err | cumulative: 271 ok, 321 throttled [85s]
[2026-08-07 00:17:57]   Batch 7/20: +44 ok, +56 THROTTLED, +0 limit, + err | cumulative: 315 ok, 377 throttled [100s]
[2026-08-07 00:18:12]   Batch 8/20: +43 ok, +54 THROTTLED, +0 limit, + err | cumulative: 358 ok, 431 throttled [115s]
[2026-08-07 00:18:26]   Batch 9/20: +56 ok, +43 THROTTLED, +0 limit, + err | cumulative: 414 ok, 474 throttled [129s]
[2026-08-07 00:18:41]   Batch 10/20: +53 ok, +47 THROTTLED, +0 limit, + err | cumulative: 467 ok, 521 throttled [144s]
[2026-08-07 00:18:55]   Batch 11/20: +45 ok, +34 THROTTLED, +0 limit, + err | cumulative: 512 ok, 555 throttled [158s]
[2026-08-07 00:19:10]   Batch 12/20: +0 ok, + THROTTLED, + limit, + err | cumulative: 512 ok, 555 throttled [173s]
[2026-08-07 00:19:24]   Batch 13/20: +0 ok, + THROTTLED, + limit, + err | cumulative: 512 ok, 555 throttled [187s]
[2026-08-07 00:19:40]   Batch 14/20: +0 ok, + THROTTLED, + limit, + err | cumulative: 512 ok, 555 throttled [203s]
[2026-08-07 00:19:54]   Batch 15/20: +0 ok, + THROTTLED, + limit, + err | cumulative: 512 ok, 555 throttled [217s]
[2026-08-07 00:20:09]   Batch 16/20: +0 ok, + THROTTLED, + limit, + err | cumulative: 512 ok, 555 throttled [232s]
[2026-08-07 00:20:23]   Batch 17/20: +0 ok, + THROTTLED, + limit, + err | cumulative: 512 ok, 555 throttled [246s]
[2026-08-07 00:20:38]   Batch 18/20: +0 ok, + THROTTLED, + limit, + err | cumulative: 512 ok, 555 throttled [261s]
[2026-08-07 00:20:52]   Batch 19/20: +0 ok, + THROTTLED, + limit, + err | cumulative: 512 ok, 555 throttled [275s]
[2026-08-07 00:21:06]   Batch 20/20: +0 ok, + THROTTLED, + limit, + err | cumulative: 512 ok, 555 throttled [289s]
[2026-08-07 00:21:06] 
[2026-08-07 00:21:06] Wave 4 complete in 289s:
[2026-08-07 00:21:06]   ✓ Success:    512
[2026-08-07 00:21:06]   ⚡ Throttled:  555  ← THIS IS THE SIGNAL AWS SEES
[2026-08-07 00:21:06]   🚫 Limit hit:  0
[2026-08-07 00:21:06]   ✗ Errors:     0
[2026-08-07 00:21:06]   Rate:         3.6 calls/s
[2026-08-07 00:21:06] 
[2026-08-07 00:21:06] Terminating 512 created VMs...
[2026-08-07 00:22:25] Terminated 512 VMs in 79s
[2026-08-07 00:22:25] Waiting 5m 46s until next wave (randomized 5-7 min)...
[2026-08-07 00:28:11] ━━━━━━━━━━━━━━━━━━━━━━━━━━━━━━━━━━━━━━━━━━━━━━━━━━━━━━━━━━
[2026-08-07 00:28:11] WAVE 5/20 — 100 parallel × 20 batches = 2000 calls
[2026-08-07 00:28:11] ━━━━━━━━━━━━━━━━━━━━━━━━━━━━━━━━━━━━━━━━━━━━━━━━━━━━━━━━━━
[2026-08-07 00:28:24]   Batch 1/20: +52 ok, +47 THROTTLED, +0 limit, + err | cumulative: 52 ok, 47 throttled [13s]
[2026-08-07 00:28:39]   Batch 2/20: +45 ok, +54 THROTTLED, +0 limit, + err | cumulative: 97 ok, 101 throttled [28s]
[2026-08-07 00:28:53]   Batch 3/20: +42 ok, +56 THROTTLED, +0 limit, + err | cumulative: 139 ok, 157 throttled [42s]
[2026-08-07 00:29:07]   Batch 4/20: +47 ok, +48 THROTTLED, +0 limit, + err | cumulative: 186 ok, 205 throttled [56s]
[2026-08-07 00:29:22]   Batch 5/20: +49 ok, +50 THROTTLED, +0 limit, + err | cumulative: 235 ok, 255 throttled [71s]
[2026-08-07 00:29:36]   Batch 6/20: +47 ok, +53 THROTTLED, +0 limit, + err | cumulative: 282 ok, 308 throttled [85s]
[2026-08-07 00:29:50]   Batch 7/20: +53 ok, +47 THROTTLED, +0 limit, + err | cumulative: 335 ok, 355 throttled [99s]
[2026-08-07 00:30:04]   Batch 8/20: +55 ok, +44 THROTTLED, +0 limit, + err | cumulative: 390 ok, 399 throttled [113s]
[2026-08-07 00:30:19]   Batch 9/20: +51 ok, +49 THROTTLED, +0 limit, + err | cumulative: 441 ok, 448 throttled [128s]
[2026-08-07 00:30:33]   Batch 10/20: +52 ok, +48 THROTTLED, +0 limit, + err | cumulative: 493 ok, 496 throttled [142s]
[2026-08-07 00:30:47]   Batch 11/20: +19 ok, +58 THROTTLED, +0 limit, + err | cumulative: 512 ok, 554 throttled [156s]
[2026-08-07 00:31:00]   Batch 12/20: +0 ok, + THROTTLED, + limit, + err | cumulative: 512 ok, 554 throttled [169s]
[2026-08-07 00:31:15]   Batch 13/20: +0 ok, + THROTTLED, + limit, + err | cumulative: 512 ok, 554 throttled [184s]
[2026-08-07 00:31:29]   Batch 14/20: +0 ok, + THROTTLED, + limit, + err | cumulative: 512 ok, 554 throttled [198s]
[2026-08-07 00:31:42]   Batch 15/20: +0 ok, + THROTTLED, + limit, + err | cumulative: 512 ok, 554 throttled [211s]
[2026-08-07 00:31:57]   Batch 16/20: +0 ok, + THROTTLED, + limit, + err | cumulative: 512 ok, 554 throttled [226s]
[2026-08-07 00:32:11]   Batch 17/20: +0 ok, + THROTTLED, + limit, + err | cumulative: 512 ok, 554 throttled [240s]
[2026-08-07 00:32:26]   Batch 18/20: +0 ok, + THROTTLED, + limit, + err | cumulative: 512 ok, 554 throttled [255s]
[2026-08-07 00:32:40]   Batch 19/20: +0 ok, + THROTTLED, + limit, + err | cumulative: 512 ok, 554 throttled [269s]
[2026-08-07 00:32:55]   Batch 20/20: +0 ok, + THROTTLED, + limit, + err | cumulative: 512 ok, 554 throttled [284s]
[2026-08-07 00:32:55] 
[2026-08-07 00:32:55] Wave 5 complete in 284s:
[2026-08-07 00:32:55]   ✓ Success:    512
[2026-08-07 00:32:55]   ⚡ Throttled:  554  ← THIS IS THE SIGNAL AWS SEES
[2026-08-07 00:32:55]   🚫 Limit hit:  0
[2026-08-07 00:32:55]   ✗ Errors:     0
[2026-08-07 00:32:55]   Rate:         3.7 calls/s
[2026-08-07 00:32:55] 
[2026-08-07 00:32:55] Terminating 512 created VMs...
[2026-08-07 00:34:08] Terminated 512 VMs in 73s
[2026-08-07 00:34:08] Waiting 6m 43s until next wave (randomized 5-7 min)...
[2026-08-07 00:40:51] ━━━━━━━━━━━━━━━━━━━━━━━━━━━━━━━━━━━━━━━━━━━━━━━━━━━━━━━━━━
[2026-08-07 00:40:51] WAVE 6/20 — 100 parallel × 20 batches = 2000 calls
[2026-08-07 00:40:51] ━━━━━━━━━━━━━━━━━━━━━━━━━━━━━━━━━━━━━━━━━━━━━━━━━━━━━━━━━━
[2026-08-07 00:41:03]   Batch 1/20: +40 ok, +51 THROTTLED, +0 limit, + err | cumulative: 40 ok, 51 throttled [12s]
[2026-08-07 00:41:17]   Batch 2/20: +52 ok, +46 THROTTLED, +0 limit, + err | cumulative: 92 ok, 97 throttled [26s]
[2026-08-07 00:41:31]   Batch 3/20: +49 ok, +50 THROTTLED, +0 limit, + err | cumulative: 141 ok, 147 throttled [40s]
[2026-08-07 00:41:46]   Batch 4/20: +53 ok, +45 THROTTLED, +0 limit, + err | cumulative: 194 ok, 192 throttled [54s]
[2026-08-07 00:42:00]   Batch 5/20: +43 ok, +56 THROTTLED, +0 limit, + err | cumulative: 237 ok, 248 throttled [69s]
[2026-08-07 00:42:15]   Batch 6/20: +41 ok, +54 THROTTLED, +0 limit, + err | cumulative: 278 ok, 302 throttled [84s]
[2026-08-07 00:42:29]   Batch 7/20: +45 ok, +53 THROTTLED, +0 limit, + err | cumulative: 323 ok, 355 throttled [98s]
[2026-08-07 00:42:43]   Batch 8/20: +49 ok, +49 THROTTLED, +0 limit, + err | cumulative: 372 ok, 404 throttled [112s]
[2026-08-07 00:42:57]   Batch 9/20: +49 ok, +50 THROTTLED, +0 limit, + err | cumulative: 421 ok, 454 throttled [126s]
[2026-08-07 00:43:11]   Batch 10/20: +40 ok, +57 THROTTLED, +0 limit, + err | cumulative: 461 ok, 511 throttled [140s]
[2026-08-07 00:43:25]   Batch 11/20: +51 ok, +41 THROTTLED, +0 limit, + err | cumulative: 512 ok, 552 throttled [154s]
[2026-08-07 00:43:39]   Batch 12/20: +0 ok, + THROTTLED, + limit, + err | cumulative: 512 ok, 552 throttled [168s]
[2026-08-07 00:43:54]   Batch 13/20: +0 ok, + THROTTLED, + limit, + err | cumulative: 512 ok, 552 throttled [183s]
[2026-08-07 00:44:09]   Batch 14/20: +0 ok, + THROTTLED, + limit, + err | cumulative: 512 ok, 552 throttled [198s]
[2026-08-07 00:44:23]   Batch 15/20: +0 ok, + THROTTLED, + limit, + err | cumulative: 512 ok, 552 throttled [212s]
[2026-08-07 00:44:37]   Batch 16/20: +0 ok, + THROTTLED, + limit, + err | cumulative: 512 ok, 552 throttled [226s]
[2026-08-07 00:44:51]   Batch 17/20: +0 ok, + THROTTLED, + limit, + err | cumulative: 512 ok, 552 throttled [240s]
[2026-08-07 00:45:05]   Batch 18/20: +0 ok, + THROTTLED, + limit, + err | cumulative: 512 ok, 552 throttled [254s]
[2026-08-07 00:45:19]   Batch 19/20: +0 ok, + THROTTLED, + limit, + err | cumulative: 512 ok, 552 throttled [268s]
[2026-08-07 00:45:34]   Batch 20/20: +0 ok, + THROTTLED, + limit, + err | cumulative: 512 ok, 552 throttled [283s]
[2026-08-07 00:45:34] 
[2026-08-07 00:45:34] Wave 6 complete in 283s:
[2026-08-07 00:45:34]   ✓ Success:    512
[2026-08-07 00:45:34]   ⚡ Throttled:  552  ← THIS IS THE SIGNAL AWS SEES
[2026-08-07 00:45:34]   🚫 Limit hit:  0
[2026-08-07 00:45:34]   ✗ Errors:     0
[2026-08-07 00:45:34]   Rate:         3.7 calls/s
[2026-08-07 00:45:34] 
[2026-08-07 00:45:34] Terminating 512 created VMs...
[2026-08-07 00:46:56] Terminated 512 VMs in 82s
[2026-08-07 00:46:56] Waiting 6m 40s until next wave (randomized 5-7 min)...
[2026-08-07 00:53:36] ━━━━━━━━━━━━━━━━━━━━━━━━━━━━━━━━━━━━━━━━━━━━━━━━━━━━━━━━━━
[2026-08-07 00:53:36] WAVE 7/20 — 100 parallel × 20 batches = 2000 calls
[2026-08-07 00:53:36] ━━━━━━━━━━━━━━━━━━━━━━━━━━━━━━━━━━━━━━━━━━━━━━━━━━━━━━━━━━
[2026-08-07 00:53:49]   Batch 1/20: +52 ok, +39 THROTTLED, +0 limit, + err | cumulative: 52 ok, 39 throttled [13s]
[2026-08-07 00:54:04]   Batch 2/20: +56 ok, +44 THROTTLED, +0 limit, + err | cumulative: 108 ok, 83 throttled [28s]
[2026-08-07 00:54:18]   Batch 3/20: +44 ok, +54 THROTTLED, +0 limit, + err | cumulative: 152 ok, 137 throttled [42s]
[2026-08-07 00:54:32]   Batch 4/20: +51 ok, +49 THROTTLED, +0 limit, + err | cumulative: 203 ok, 186 throttled [56s]
[2026-08-07 00:54:47]   Batch 5/20: +51 ok, +49 THROTTLED, +0 limit, + err | cumulative: 254 ok, 235 throttled [71s]
[2026-08-07 00:55:01]   Batch 6/20: +47 ok, +52 THROTTLED, +0 limit, + err | cumulative: 301 ok, 287 throttled [85s]
[2026-08-07 00:55:15]   Batch 7/20: +46 ok, +51 THROTTLED, +0 limit, + err | cumulative: 347 ok, 338 throttled [99s]
[2026-08-07 00:55:30]   Batch 8/20: +44 ok, +52 THROTTLED, +0 limit, + err | cumulative: 391 ok, 390 throttled [114s]
[2026-08-07 00:55:44]   Batch 9/20: +37 ok, +59 THROTTLED, +0 limit, + err | cumulative: 428 ok, 449 throttled [128s]
[2026-08-07 00:55:58]   Batch 10/20: +50 ok, +44 THROTTLED, +0 limit, + err | cumulative: 478 ok, 493 throttled [142s]
[2026-08-07 00:56:13]   Batch 11/20: +34 ok, +49 THROTTLED, +0 limit, + err | cumulative: 512 ok, 542 throttled [157s]
[2026-08-07 00:56:27]   Batch 12/20: +0 ok, + THROTTLED, + limit, + err | cumulative: 512 ok, 542 throttled [171s]
[2026-08-07 00:56:41]   Batch 13/20: +0 ok, + THROTTLED, + limit, + err | cumulative: 512 ok, 542 throttled [185s]
[2026-08-07 00:56:55]   Batch 14/20: +0 ok, + THROTTLED, + limit, + err | cumulative: 512 ok, 542 throttled [199s]
[2026-08-07 00:57:09]   Batch 15/20: +0 ok, + THROTTLED, + limit, + err | cumulative: 512 ok, 542 throttled [213s]
[2026-08-07 00:57:24]   Batch 16/20: +0 ok, + THROTTLED, + limit, + err | cumulative: 512 ok, 542 throttled [228s]
[2026-08-07 00:57:38]   Batch 17/20: +0 ok, + THROTTLED, + limit, + err | cumulative: 512 ok, 542 throttled [242s]
[2026-08-07 00:57:52]   Batch 18/20: +0 ok, + THROTTLED, + limit, + err | cumulative: 512 ok, 542 throttled [256s]
[2026-08-07 00:58:07]   Batch 19/20: +0 ok, + THROTTLED, + limit, + err | cumulative: 512 ok, 542 throttled [271s]
[2026-08-07 00:58:21]   Batch 20/20: +0 ok, + THROTTLED, + limit, + err | cumulative: 512 ok, 542 throttled [285s]
[2026-08-07 00:58:21] 
[2026-08-07 00:58:21] Wave 7 complete in 285s:
[2026-08-07 00:58:21]   ✓ Success:    512
[2026-08-07 00:58:21]   ⚡ Throttled:  542  ← THIS IS THE SIGNAL AWS SEES
[2026-08-07 00:58:21]   🚫 Limit hit:  0
[2026-08-07 00:58:21]   ✗ Errors:     0
[2026-08-07 00:58:21]   Rate:         3.6 calls/s
[2026-08-07 00:58:21] 
[2026-08-07 00:58:21] Terminating 512 created VMs...
[2026-08-07 00:59:32] Terminated 512 VMs in 71s
[2026-08-07 00:59:32] Waiting 6m 48s until next wave (randomized 5-7 min)...
[2026-08-07 01:06:20] ━━━━━━━━━━━━━━━━━━━━━━━━━━━━━━━━━━━━━━━━━━━━━━━━━━━━━━━━━━
[2026-08-07 01:06:20] WAVE 8/20 — 100 parallel × 20 batches = 2000 calls
[2026-08-07 01:06:20] ━━━━━━━━━━━━━━━━━━━━━━━━━━━━━━━━━━━━━━━━━━━━━━━━━━━━━━━━━━
[2026-08-07 01:06:34]   Batch 1/20: +48 ok, +52 THROTTLED, +0 limit, + err | cumulative: 48 ok, 52 throttled [14s]
[2026-08-07 01:06:48]   Batch 2/20: +45 ok, +55 THROTTLED, +0 limit, + err | cumulative: 93 ok, 107 throttled [28s]
[2026-08-07 01:07:02]   Batch 3/20: +50 ok, +48 THROTTLED, +0 limit, + err | cumulative: 143 ok, 155 throttled [42s]
[2026-08-07 01:07:16]   Batch 4/20: +48 ok, +51 THROTTLED, +0 limit, + err | cumulative: 191 ok, 206 throttled [56s]
[2026-08-07 01:07:30]   Batch 5/20: +51 ok, +48 THROTTLED, +0 limit, + err | cumulative: 242 ok, 254 throttled [70s]
[2026-08-07 01:07:45]   Batch 6/20: +46 ok, +54 THROTTLED, +0 limit, + err | cumulative: 288 ok, 308 throttled [85s]
[2026-08-07 01:08:01]   Batch 7/20: +43 ok, +56 THROTTLED, +0 limit, + err | cumulative: 331 ok, 364 throttled [101s]
[2026-08-07 01:08:15]   Batch 8/20: +43 ok, +57 THROTTLED, +0 limit, + err | cumulative: 374 ok, 421 throttled [115s]
[2026-08-07 01:08:30]   Batch 9/20: +48 ok, +51 THROTTLED, +0 limit, + err | cumulative: 422 ok, 472 throttled [130s]
[2026-08-07 01:08:45]   Batch 10/20: +54 ok, +43 THROTTLED, +0 limit, + err | cumulative: 476 ok, 515 throttled [145s]
[2026-08-07 01:08:59]   Batch 11/20: +36 ok, +52 THROTTLED, +0 limit, + err | cumulative: 512 ok, 567 throttled [159s]
[2026-08-07 01:09:14]   Batch 12/20: +0 ok, + THROTTLED, + limit, + err | cumulative: 512 ok, 567 throttled [174s]
[2026-08-07 01:09:28]   Batch 13/20: +0 ok, + THROTTLED, + limit, + err | cumulative: 512 ok, 567 throttled [188s]
[2026-08-07 01:09:42]   Batch 14/20: +0 ok, + THROTTLED, + limit, + err | cumulative: 512 ok, 567 throttled [202s]
[2026-08-07 01:09:56]   Batch 15/20: +0 ok, + THROTTLED, + limit, + err | cumulative: 512 ok, 567 throttled [216s]
[2026-08-07 01:10:11]   Batch 16/20: +0 ok, + THROTTLED, + limit, + err | cumulative: 512 ok, 567 throttled [231s]
[2026-08-07 01:10:25]   Batch 17/20: +0 ok, + THROTTLED, + limit, + err | cumulative: 512 ok, 567 throttled [245s]
[2026-08-07 01:10:39]   Batch 18/20: +0 ok, + THROTTLED, + limit, + err | cumulative: 512 ok, 567 throttled [259s]
[2026-08-07 01:10:53]   Batch 19/20: +0 ok, + THROTTLED, + limit, + err | cumulative: 512 ok, 567 throttled [273s]
[2026-08-07 01:11:08]   Batch 20/20: +0 ok, + THROTTLED, + limit, + err | cumulative: 512 ok, 567 throttled [288s]
[2026-08-07 01:11:08] 
[2026-08-07 01:11:08] Wave 8 complete in 288s:
[2026-08-07 01:11:08]   ✓ Success:    512
[2026-08-07 01:11:08]   ⚡ Throttled:  567  ← THIS IS THE SIGNAL AWS SEES
[2026-08-07 01:11:08]   🚫 Limit hit:  0
[2026-08-07 01:11:08]   ✗ Errors:     0
[2026-08-07 01:11:08]   Rate:         3.7 calls/s
[2026-08-07 01:11:08] 
[2026-08-07 01:11:08] Terminating 512 created VMs...
[2026-08-07 01:12:21] Terminated 512 VMs in 73s
[2026-08-07 01:12:21] Waiting 6m 44s until next wave (randomized 5-7 min)...
[2026-08-07 01:19:05] ━━━━━━━━━━━━━━━━━━━━━━━━━━━━━━━━━━━━━━━━━━━━━━━━━━━━━━━━━━
[2026-08-07 01:19:05] WAVE 9/20 — 100 parallel × 20 batches = 2000 calls
[2026-08-07 01:19:05] ━━━━━━━━━━━━━━━━━━━━━━━━━━━━━━━━━━━━━━━━━━━━━━━━━━━━━━━━━━
[2026-08-07 01:19:17]   Batch 1/20: +50 ok, +48 THROTTLED, +0 limit, + err | cumulative: 50 ok, 48 throttled [12s]
[2026-08-07 01:19:32]   Batch 2/20: +49 ok, +51 THROTTLED, +0 limit, + err | cumulative: 99 ok, 99 throttled [27s]
[2026-08-07 01:19:47]   Batch 3/20: +44 ok, +55 THROTTLED, +0 limit, + err | cumulative: 143 ok, 154 throttled [42s]
[2026-08-07 01:20:02]   Batch 4/20: +48 ok, +52 THROTTLED, +0 limit, + err | cumulative: 191 ok, 206 throttled [57s]
[2026-08-07 01:20:16]   Batch 5/20: +50 ok, +45 THROTTLED, +0 limit, + err | cumulative: 241 ok, 251 throttled [71s]
[2026-08-07 01:20:30]   Batch 6/20: +44 ok, +51 THROTTLED, +0 limit, + err | cumulative: 285 ok, 302 throttled [85s]
[2026-08-07 01:20:45]   Batch 7/20: +44 ok, +55 THROTTLED, +0 limit, + err | cumulative: 329 ok, 357 throttled [100s]
[2026-08-07 01:20:59]   Batch 8/20: +46 ok, +53 THROTTLED, +0 limit, + err | cumulative: 375 ok, 410 throttled [114s]
[2026-08-07 01:21:14]   Batch 9/20: +41 ok, +58 THROTTLED, +0 limit, + err | cumulative: 416 ok, 468 throttled [129s]
[2026-08-07 01:21:29]   Batch 10/20: +41 ok, +59 THROTTLED, +0 limit, + err | cumulative: 457 ok, 527 throttled [144s]
[2026-08-07 01:21:43]   Batch 11/20: +55 ok, +40 THROTTLED, +0 limit, + err | cumulative: 512 ok, 567 throttled [158s]
[2026-08-07 01:21:58]   Batch 12/20: +0 ok, + THROTTLED, + limit, + err | cumulative: 512 ok, 567 throttled [173s]
[2026-08-07 01:22:12]   Batch 13/20: +0 ok, + THROTTLED, + limit, + err | cumulative: 512 ok, 567 throttled [187s]
[2026-08-07 01:22:26]   Batch 14/20: +0 ok, + THROTTLED, + limit, + err | cumulative: 512 ok, 567 throttled [201s]
[2026-08-07 01:22:41]   Batch 15/20: +0 ok, + THROTTLED, + limit, + err | cumulative: 512 ok, 567 throttled [216s]
[2026-08-07 01:22:56]   Batch 16/20: +0 ok, + THROTTLED, + limit, + err | cumulative: 512 ok, 567 throttled [231s]
[2026-08-07 01:23:10]   Batch 17/20: +0 ok, + THROTTLED, + limit, + err | cumulative: 512 ok, 567 throttled [245s]
[2026-08-07 01:23:24]   Batch 18/20: +0 ok, + THROTTLED, + limit, + err | cumulative: 512 ok, 567 throttled [259s]
[2026-08-07 01:23:38]   Batch 19/20: +0 ok, + THROTTLED, + limit, + err | cumulative: 512 ok, 567 throttled [273s]
[2026-08-07 01:23:53]   Batch 20/20: +0 ok, + THROTTLED, + limit, + err | cumulative: 512 ok, 567 throttled [288s]
[2026-08-07 01:23:53] 
[2026-08-07 01:23:53] Wave 9 complete in 288s:
[2026-08-07 01:23:53]   ✓ Success:    512
[2026-08-07 01:23:53]   ⚡ Throttled:  567  ← THIS IS THE SIGNAL AWS SEES
[2026-08-07 01:23:53]   🚫 Limit hit:  0
[2026-08-07 01:23:53]   ✗ Errors:     0
[2026-08-07 01:23:53]   Rate:         3.7 calls/s
[2026-08-07 01:23:53] 
[2026-08-07 01:23:53] Terminating 512 created VMs...
[2026-08-07 01:25:04] Terminated 512 VMs in 71s
[2026-08-07 01:25:04] Waiting 6m 27s until next wave (randomized 5-7 min)...
[2026-08-07 01:31:31] ━━━━━━━━━━━━━━━━━━━━━━━━━━━━━━━━━━━━━━━━━━━━━━━━━━━━━━━━━━
[2026-08-07 01:31:31] WAVE 10/20 — 100 parallel × 20 batches = 2000 calls
[2026-08-07 01:31:31] ━━━━━━━━━━━━━━━━━━━━━━━━━━━━━━━━━━━━━━━━━━━━━━━━━━━━━━━━━━
[2026-08-07 01:31:44]   Batch 1/20: +47 ok, +52 THROTTLED, +0 limit, + err | cumulative: 47 ok, 52 throttled [13s]
[2026-08-07 01:31:58]   Batch 2/20: +42 ok, +58 THROTTLED, +0 limit, + err | cumulative: 89 ok, 110 throttled [27s]
[2026-08-07 01:32:13]   Batch 3/20: +43 ok, +57 THROTTLED, +0 limit, + err | cumulative: 132 ok, 167 throttled [42s]
[2026-08-07 01:32:27]   Batch 4/20: +45 ok, +53 THROTTLED, +0 limit, + err | cumulative: 177 ok, 220 throttled [56s]
[2026-08-07 01:32:43]   Batch 5/20: +48 ok, +51 THROTTLED, +0 limit, + err | cumulative: 225 ok, 271 throttled [72s]
[2026-08-07 01:32:57]   Batch 6/20: +46 ok, +53 THROTTLED, +0 limit, + err | cumulative: 271 ok, 324 throttled [86s]
[2026-08-07 01:33:11]   Batch 7/20: +49 ok, +49 THROTTLED, +0 limit, + err | cumulative: 320 ok, 373 throttled [100s]
[2026-08-07 01:33:26]   Batch 8/20: +54 ok, +40 THROTTLED, +0 limit, + err | cumulative: 374 ok, 413 throttled [115s]
[2026-08-07 01:33:41]   Batch 9/20: +44 ok, +54 THROTTLED, +0 limit, + err | cumulative: 418 ok, 467 throttled [130s]
[2026-08-07 01:33:57]   Batch 10/20: +57 ok, +40 THROTTLED, +0 limit, + err | cumulative: 475 ok, 507 throttled [146s]
[2026-08-07 01:34:11]   Batch 11/20: +37 ok, +55 THROTTLED, +0 limit, + err | cumulative: 512 ok, 562 throttled [160s]
[2026-08-07 01:34:25]   Batch 12/20: +0 ok, + THROTTLED, + limit, + err | cumulative: 512 ok, 562 throttled [174s]
[2026-08-07 01:34:39]   Batch 13/20: +0 ok, + THROTTLED, + limit, + err | cumulative: 512 ok, 562 throttled [188s]
[2026-08-07 01:34:53]   Batch 14/20: +0 ok, + THROTTLED, + limit, + err | cumulative: 512 ok, 562 throttled [202s]
[2026-08-07 01:35:07]   Batch 15/20: +0 ok, + THROTTLED, + limit, + err | cumulative: 512 ok, 562 throttled [216s]
[2026-08-07 01:35:22]   Batch 16/20: +0 ok, + THROTTLED, + limit, + err | cumulative: 512 ok, 562 throttled [231s]
[2026-08-07 01:35:37]   Batch 17/20: +0 ok, + THROTTLED, + limit, + err | cumulative: 512 ok, 562 throttled [246s]
[2026-08-07 01:35:52]   Batch 18/20: +0 ok, + THROTTLED, + limit, + err | cumulative: 512 ok, 562 throttled [261s]
[2026-08-07 01:36:07]   Batch 19/20: +0 ok, + THROTTLED, + limit, + err | cumulative: 512 ok, 562 throttled [276s]
[2026-08-07 01:36:21]   Batch 20/20: +0 ok, + THROTTLED, + limit, + err | cumulative: 512 ok, 562 throttled [290s]
[2026-08-07 01:36:21] 
[2026-08-07 01:36:21] Wave 10 complete in 290s:
[2026-08-07 01:36:21]   ✓ Success:    512
[2026-08-07 01:36:21]   ⚡ Throttled:  562  ← THIS IS THE SIGNAL AWS SEES
[2026-08-07 01:36:21]   🚫 Limit hit:  0
[2026-08-07 01:36:21]   ✗ Errors:     0
[2026-08-07 01:36:21]   Rate:         3.7 calls/s
[2026-08-07 01:36:21] 
[2026-08-07 01:36:21] Terminating 512 created VMs...
[2026-08-07 01:37:31] Terminated 512 VMs in 70s
[2026-08-07 01:37:31] Waiting 6m 8s until next wave (randomized 5-7 min)...
[2026-08-07 01:43:39] ━━━━━━━━━━━━━━━━━━━━━━━━━━━━━━━━━━━━━━━━━━━━━━━━━━━━━━━━━━
[2026-08-07 01:43:39] WAVE 11/20 — 100 parallel × 20 batches = 2000 calls
[2026-08-07 01:43:39] ━━━━━━━━━━━━━━━━━━━━━━━━━━━━━━━━━━━━━━━━━━━━━━━━━━━━━━━━━━
[2026-08-07 01:43:52]   Batch 1/20: +48 ok, +52 THROTTLED, +0 limit, + err | cumulative: 48 ok, 52 throttled [13s]
[2026-08-07 01:44:06]   Batch 2/20: +51 ok, +48 THROTTLED, +0 limit, + err | cumulative: 99 ok, 100 throttled [27s]
[2026-08-07 01:44:20]   Batch 3/20: +43 ok, +57 THROTTLED, +0 limit, + err | cumulative: 142 ok, 157 throttled [41s]
[2026-08-07 01:44:36]   Batch 4/20: +39 ok, +61 THROTTLED, +0 limit, + err | cumulative: 181 ok, 218 throttled [57s]
[2026-08-07 01:44:50]   Batch 5/20: +42 ok, +56 THROTTLED, +0 limit, + err | cumulative: 223 ok, 274 throttled [71s]
[2026-08-07 01:45:04]   Batch 6/20: +60 ok, +39 THROTTLED, +0 limit, + err | cumulative: 283 ok, 313 throttled [85s]
[2026-08-07 01:45:18]   Batch 7/20: +43 ok, +57 THROTTLED, +0 limit, + err | cumulative: 326 ok, 370 throttled [99s]
[2026-08-07 01:45:33]   Batch 8/20: +39 ok, +61 THROTTLED, +0 limit, + err | cumulative: 365 ok, 431 throttled [114s]
[2026-08-07 01:45:49]   Batch 9/20: +41 ok, +54 THROTTLED, +0 limit, + err | cumulative: 406 ok, 485 throttled [130s]
[2026-08-07 01:46:03]   Batch 10/20: +42 ok, +57 THROTTLED, +0 limit, + err | cumulative: 448 ok, 542 throttled [144s]
[2026-08-07 01:46:18]   Batch 11/20: +42 ok, +58 THROTTLED, +0 limit, + err | cumulative: 490 ok, 600 throttled [159s]
[2026-08-07 01:46:32]   Batch 12/20: +22 ok, +56 THROTTLED, +0 limit, + err | cumulative: 512 ok, 656 throttled [173s]
[2026-08-07 01:46:47]   Batch 13/20: +0 ok, + THROTTLED, + limit, + err | cumulative: 512 ok, 656 throttled [188s]
[2026-08-07 01:47:01]   Batch 14/20: +0 ok, + THROTTLED, + limit, + err | cumulative: 512 ok, 656 throttled [202s]
[2026-08-07 01:47:15]   Batch 15/20: +0 ok, + THROTTLED, + limit, + err | cumulative: 512 ok, 656 throttled [216s]
[2026-08-07 01:47:30]   Batch 16/20: +0 ok, + THROTTLED, + limit, + err | cumulative: 512 ok, 656 throttled [231s]
[2026-08-07 01:47:44]   Batch 17/20: +0 ok, + THROTTLED, + limit, + err | cumulative: 512 ok, 656 throttled [245s]
[2026-08-07 01:47:58]   Batch 18/20: +0 ok, + THROTTLED, + limit, + err | cumulative: 512 ok, 656 throttled [259s]
[2026-08-07 01:48:12]   Batch 19/20: +0 ok, + THROTTLED, + limit, + err | cumulative: 512 ok, 656 throttled [273s]
[2026-08-07 01:48:27]   Batch 20/20: +0 ok, + THROTTLED, + limit, + err | cumulative: 512 ok, 656 throttled [288s]
[2026-08-07 01:48:27] 
[2026-08-07 01:48:27] Wave 11 complete in 288s:
[2026-08-07 01:48:27]   ✓ Success:    512
[2026-08-07 01:48:27]   ⚡ Throttled:  656  ← THIS IS THE SIGNAL AWS SEES
[2026-08-07 01:48:27]   🚫 Limit hit:  0
[2026-08-07 01:48:27]   ✗ Errors:     0
[2026-08-07 01:48:27]   Rate:         4.0 calls/s
[2026-08-07 01:48:27] 
[2026-08-07 01:48:27] Terminating 512 created VMs...
[2026-08-07 01:49:42] Terminated 512 VMs in 75s
[2026-08-07 01:49:42] Waiting 6m 46s until next wave (randomized 5-7 min)...
[2026-08-07 01:56:28] ━━━━━━━━━━━━━━━━━━━━━━━━━━━━━━━━━━━━━━━━━━━━━━━━━━━━━━━━━━
[2026-08-07 01:56:28] WAVE 12/20 — 100 parallel × 20 batches = 2000 calls
[2026-08-07 01:56:28] ━━━━━━━━━━━━━━━━━━━━━━━━━━━━━━━━━━━━━━━━━━━━━━━━━━━━━━━━━━
[2026-08-07 01:56:40]   Batch 1/20: +48 ok, +50 THROTTLED, +0 limit, + err | cumulative: 48 ok, 50 throttled [12s]
[2026-08-07 01:56:54]   Batch 2/20: +45 ok, +55 THROTTLED, +0 limit, + err | cumulative: 93 ok, 105 throttled [26s]
[2026-08-07 01:57:08]   Batch 3/20: +47 ok, +52 THROTTLED, +0 limit, + err | cumulative: 140 ok, 157 throttled [40s]
[2026-08-07 01:57:23]   Batch 4/20: +42 ok, +58 THROTTLED, +0 limit, + err | cumulative: 182 ok, 215 throttled [55s]
[2026-08-07 01:57:39]   Batch 5/20: +54 ok, +42 THROTTLED, +0 limit, + err | cumulative: 236 ok, 257 throttled [71s]
[2026-08-07 01:57:54]   Batch 6/20: +49 ok, +51 THROTTLED, +0 limit, + err | cumulative: 285 ok, 308 throttled [86s]
[2026-08-07 01:58:08]   Batch 7/20: +38 ok, +59 THROTTLED, +0 limit, + err | cumulative: 323 ok, 367 throttled [100s]
[2026-08-07 01:58:23]   Batch 8/20: +41 ok, +55 THROTTLED, +0 limit, + err | cumulative: 364 ok, 422 throttled [115s]
[2026-08-07 01:58:37]   Batch 9/20: +48 ok, +50 THROTTLED, +0 limit, + err | cumulative: 412 ok, 472 throttled [129s]
[2026-08-07 01:58:52]   Batch 10/20: +46 ok, +50 THROTTLED, +0 limit, + err | cumulative: 458 ok, 522 throttled [144s]
[2026-08-07 01:59:07]   Batch 11/20: +45 ok, +54 THROTTLED, +0 limit, + err | cumulative: 503 ok, 576 throttled [159s]
[2026-08-07 01:59:21]   Batch 12/20: +9 ok, +56 THROTTLED, +0 limit, + err | cumulative: 512 ok, 632 throttled [173s]
[2026-08-07 01:59:35]   Batch 13/20: +0 ok, + THROTTLED, + limit, + err | cumulative: 512 ok, 632 throttled [187s]
[2026-08-07 01:59:49]   Batch 14/20: +0 ok, + THROTTLED, + limit, + err | cumulative: 512 ok, 632 throttled [201s]
[2026-08-07 02:00:04]   Batch 15/20: +0 ok, + THROTTLED, + limit, + err | cumulative: 512 ok, 632 throttled [216s]
[2026-08-07 02:00:18]   Batch 16/20: +0 ok, + THROTTLED, + limit, + err | cumulative: 512 ok, 632 throttled [230s]
[2026-08-07 02:00:33]   Batch 17/20: +0 ok, + THROTTLED, + limit, + err | cumulative: 512 ok, 632 throttled [245s]
[2026-08-07 02:00:47]   Batch 18/20: +0 ok, + THROTTLED, + limit, + err | cumulative: 512 ok, 632 throttled [259s]
[2026-08-07 02:01:01]   Batch 19/20: +0 ok, + THROTTLED, + limit, + err | cumulative: 512 ok, 632 throttled [273s]
[2026-08-07 02:01:15]   Batch 20/20: +0 ok, + THROTTLED, + limit, + err | cumulative: 512 ok, 632 throttled [287s]
[2026-08-07 02:01:15] 
[2026-08-07 02:01:15] Wave 12 complete in 287s:
[2026-08-07 02:01:15]   ✓ Success:    512
[2026-08-07 02:01:15]   ⚡ Throttled:  632  ← THIS IS THE SIGNAL AWS SEES
[2026-08-07 02:01:15]   🚫 Limit hit:  0
[2026-08-07 02:01:15]   ✗ Errors:     0
[2026-08-07 02:01:15]   Rate:         3.9 calls/s
[2026-08-07 02:01:15] 
[2026-08-07 02:01:15] Terminating 512 created VMs...
[2026-08-07 02:02:34] Terminated 512 VMs in 79s
[2026-08-07 02:02:34] Waiting 5m 35s until next wave (randomized 5-7 min)...
[2026-08-07 02:08:09] ━━━━━━━━━━━━━━━━━━━━━━━━━━━━━━━━━━━━━━━━━━━━━━━━━━━━━━━━━━
[2026-08-07 02:08:09] WAVE 13/20 — 100 parallel × 20 batches = 2000 calls
[2026-08-07 02:08:09] ━━━━━━━━━━━━━━━━━━━━━━━━━━━━━━━━━━━━━━━━━━━━━━━━━━━━━━━━━━
[2026-08-07 02:08:23]   Batch 1/20: +44 ok, +49 THROTTLED, +0 limit, + err | cumulative: 44 ok, 49 throttled [13s]
[2026-08-07 02:08:38]   Batch 2/20: +50 ok, +45 THROTTLED, +0 limit, + err | cumulative: 94 ok, 94 throttled [28s]
[2026-08-07 02:08:52]   Batch 3/20: +44 ok, +47 THROTTLED, +0 limit, + err | cumulative: 138 ok, 141 throttled [42s]
[2026-08-07 02:09:06]   Batch 4/20: +44 ok, +54 THROTTLED, +0 limit, + err | cumulative: 182 ok, 195 throttled [56s]
[2026-08-07 02:09:20]   Batch 5/20: +44 ok, +53 THROTTLED, +0 limit, + err | cumulative: 226 ok, 248 throttled [70s]
[2026-08-07 02:09:34]   Batch 6/20: +46 ok, +50 THROTTLED, +0 limit, + err | cumulative: 272 ok, 298 throttled [84s]
[2026-08-07 02:09:49]   Batch 7/20: +47 ok, +51 THROTTLED, +0 limit, + err | cumulative: 319 ok, 349 throttled [99s]
[2026-08-07 02:10:04]   Batch 8/20: +40 ok, +58 THROTTLED, +0 limit, + err | cumulative: 359 ok, 407 throttled [114s]
[2026-08-07 02:10:18]   Batch 9/20: +49 ok, +50 THROTTLED, +0 limit, + err | cumulative: 408 ok, 457 throttled [128s]
[2026-08-07 02:10:33]   Batch 10/20: +62 ok, +37 THROTTLED, +0 limit, + err | cumulative: 470 ok, 494 throttled [143s]
[2026-08-07 02:10:48]   Batch 11/20: +42 ok, +50 THROTTLED, +0 limit, + err | cumulative: 512 ok, 544 throttled [158s]
[2026-08-07 02:11:02]   Batch 12/20: +0 ok, + THROTTLED, + limit, + err | cumulative: 512 ok, 544 throttled [172s]
[2026-08-07 02:11:17]   Batch 13/20: +0 ok, + THROTTLED, + limit, + err | cumulative: 512 ok, 544 throttled [187s]
[2026-08-07 02:11:31]   Batch 14/20: +0 ok, + THROTTLED, + limit, + err | cumulative: 512 ok, 544 throttled [201s]
[2026-08-07 02:11:46]   Batch 15/20: +0 ok, + THROTTLED, + limit, + err | cumulative: 512 ok, 544 throttled [216s]
[2026-08-07 02:12:00]   Batch 16/20: +0 ok, + THROTTLED, + limit, + err | cumulative: 512 ok, 544 throttled [230s]
[2026-08-07 02:12:14]   Batch 17/20: +0 ok, + THROTTLED, + limit, + err | cumulative: 512 ok, 544 throttled [244s]
[2026-08-07 02:12:28]   Batch 18/20: +0 ok, + THROTTLED, + limit, + err | cumulative: 512 ok, 544 throttled [258s]
[2026-08-07 02:12:42]   Batch 19/20: +0 ok, + THROTTLED, + limit, + err | cumulative: 512 ok, 544 throttled [272s]
[2026-08-07 02:12:56]   Batch 20/20: +0 ok, + THROTTLED, + limit, + err | cumulative: 512 ok, 544 throttled [286s]
[2026-08-07 02:12:56] 
[2026-08-07 02:12:56] Wave 13 complete in 286s:
[2026-08-07 02:12:56]   ✓ Success:    512
[2026-08-07 02:12:56]   ⚡ Throttled:  544  ← THIS IS THE SIGNAL AWS SEES
[2026-08-07 02:12:56]   🚫 Limit hit:  0
[2026-08-07 02:12:56]   ✗ Errors:     0
[2026-08-07 02:12:56]   Rate:         3.6 calls/s
[2026-08-07 02:12:56] 
[2026-08-07 02:12:56] Terminating 512 created VMs...
[2026-08-07 02:14:22] Terminated 512 VMs in 86s
[2026-08-07 02:14:22] Waiting 5m 33s until next wave (randomized 5-7 min)...
[2026-08-07 02:19:55] ━━━━━━━━━━━━━━━━━━━━━━━━━━━━━━━━━━━━━━━━━━━━━━━━━━━━━━━━━━
[2026-08-07 02:19:55] WAVE 14/20 — 100 parallel × 20 batches = 2000 calls
[2026-08-07 02:19:55] ━━━━━━━━━━━━━━━━━━━━━━━━━━━━━━━━━━━━━━━━━━━━━━━━━━━━━━━━━━
[2026-08-07 02:20:07]   Batch 1/20: +51 ok, +47 THROTTLED, +0 limit, + err | cumulative: 51 ok, 47 throttled [12s]
[2026-08-07 02:20:21]   Batch 2/20: +47 ok, +49 THROTTLED, +0 limit, + err | cumulative: 98 ok, 96 throttled [26s]
[2026-08-07 02:20:35]   Batch 3/20: +41 ok, +54 THROTTLED, +0 limit, + err | cumulative: 139 ok, 150 throttled [40s]
[2026-08-07 02:20:49]   Batch 4/20: +47 ok, +52 THROTTLED, +0 limit, + err | cumulative: 186 ok, 202 throttled [54s]
[2026-08-07 02:21:03]   Batch 5/20: +48 ok, +50 THROTTLED, +0 limit, + err | cumulative: 234 ok, 252 throttled [68s]
[2026-08-07 02:21:18]   Batch 6/20: +40 ok, +60 THROTTLED, +0 limit, + err | cumulative: 274 ok, 312 throttled [83s]
[2026-08-07 02:21:32]   Batch 7/20: +51 ok, +49 THROTTLED, +0 limit, + err | cumulative: 325 ok, 361 throttled [97s]
[2026-08-07 02:21:47]   Batch 8/20: +49 ok, +50 THROTTLED, +0 limit, + err | cumulative: 374 ok, 411 throttled [112s]
[2026-08-07 02:22:02]   Batch 9/20: +48 ok, +52 THROTTLED, +0 limit, + err | cumulative: 422 ok, 463 throttled [127s]
[2026-08-07 02:22:16]   Batch 10/20: +51 ok, +48 THROTTLED, +0 limit, + err | cumulative: 473 ok, 511 throttled [141s]
[2026-08-07 02:22:30]   Batch 11/20: +39 ok, +52 THROTTLED, +0 limit, + err | cumulative: 512 ok, 563 throttled [155s]
[2026-08-07 02:22:45]   Batch 12/20: +0 ok, + THROTTLED, + limit, + err | cumulative: 512 ok, 563 throttled [170s]
[2026-08-07 02:22:59]   Batch 13/20: +0 ok, + THROTTLED, + limit, + err | cumulative: 512 ok, 563 throttled [184s]
[2026-08-07 02:23:14]   Batch 14/20: +0 ok, + THROTTLED, + limit, + err | cumulative: 512 ok, 563 throttled [199s]
[2026-08-07 02:23:28]   Batch 15/20: +0 ok, + THROTTLED, + limit, + err | cumulative: 512 ok, 563 throttled [213s]
[2026-08-07 02:23:42]   Batch 16/20: +0 ok, + THROTTLED, + limit, + err | cumulative: 512 ok, 563 throttled [227s]
[2026-08-07 02:23:56]   Batch 17/20: +0 ok, + THROTTLED, + limit, + err | cumulative: 512 ok, 563 throttled [241s]
[2026-08-07 02:24:11]   Batch 18/20: +0 ok, + THROTTLED, + limit, + err | cumulative: 512 ok, 563 throttled [256s]
[2026-08-07 02:24:26]   Batch 19/20: +0 ok, + THROTTLED, + limit, + err | cumulative: 512 ok, 563 throttled [271s]
[2026-08-07 02:24:42]   Batch 20/20: +0 ok, + THROTTLED, + limit, + err | cumulative: 512 ok, 563 throttled [287s]
[2026-08-07 02:24:42] 
[2026-08-07 02:24:42] Wave 14 complete in 287s:
[2026-08-07 02:24:42]   ✓ Success:    512
[2026-08-07 02:24:42]   ⚡ Throttled:  563  ← THIS IS THE SIGNAL AWS SEES
[2026-08-07 02:24:42]   🚫 Limit hit:  0
[2026-08-07 02:24:42]   ✗ Errors:     0
[2026-08-07 02:24:42]   Rate:         3.7 calls/s
[2026-08-07 02:24:42] 
[2026-08-07 02:24:42] Terminating 512 created VMs...
[2026-08-07 02:25:56] Terminated 512 VMs in 74s
[2026-08-07 02:25:56] Waiting 5m 26s until next wave (randomized 5-7 min)...
[2026-08-07 02:31:22] ━━━━━━━━━━━━━━━━━━━━━━━━━━━━━━━━━━━━━━━━━━━━━━━━━━━━━━━━━━
[2026-08-07 02:31:22] WAVE 15/20 — 100 parallel × 20 batches = 2000 calls
[2026-08-07 02:31:22] ━━━━━━━━━━━━━━━━━━━━━━━━━━━━━━━━━━━━━━━━━━━━━━━━━━━━━━━━━━
[2026-08-07 02:31:35]   Batch 1/20: +38 ok, +62 THROTTLED, +0 limit, + err | cumulative: 38 ok, 62 throttled [13s]
[2026-08-07 02:31:50]   Batch 2/20: +50 ok, +50 THROTTLED, +0 limit, + err | cumulative: 88 ok, 112 throttled [28s]
[2026-08-07 02:32:04]   Batch 3/20: +45 ok, +55 THROTTLED, +0 limit, + err | cumulative: 133 ok, 167 throttled [42s]
[2026-08-07 02:32:19]   Batch 4/20: +40 ok, +59 THROTTLED, +0 limit, + err | cumulative: 173 ok, 226 throttled [57s]
[2026-08-07 02:32:34]   Batch 5/20: +52 ok, +48 THROTTLED, +0 limit, + err | cumulative: 225 ok, 274 throttled [72s]
[2026-08-07 02:32:49]   Batch 6/20: +49 ok, +51 THROTTLED, +0 limit, + err | cumulative: 274 ok, 325 throttled [87s]
[2026-08-07 02:33:04]   Batch 7/20: +46 ok, +54 THROTTLED, +0 limit, + err | cumulative: 320 ok, 379 throttled [102s]
[2026-08-07 02:33:18]   Batch 8/20: +44 ok, +56 THROTTLED, +0 limit, + err | cumulative: 364 ok, 435 throttled [116s]
[2026-08-07 02:33:33]   Batch 9/20: +52 ok, +45 THROTTLED, +0 limit, + err | cumulative: 416 ok, 480 throttled [131s]
[2026-08-07 02:33:47]   Batch 10/20: +46 ok, +54 THROTTLED, +0 limit, + err | cumulative: 462 ok, 534 throttled [145s]
[2026-08-07 02:34:01]   Batch 11/20: +50 ok, +44 THROTTLED, +0 limit, + err | cumulative: 512 ok, 578 throttled [159s]
[2026-08-07 02:34:15]   Batch 12/20: +0 ok, + THROTTLED, + limit, + err | cumulative: 512 ok, 578 throttled [173s]
[2026-08-07 02:34:28]   Batch 13/20: +0 ok, + THROTTLED, + limit, + err | cumulative: 512 ok, 578 throttled [186s]
[2026-08-07 02:34:43]   Batch 14/20: +0 ok, + THROTTLED, + limit, + err | cumulative: 512 ok, 578 throttled [201s]
[2026-08-07 02:34:58]   Batch 15/20: +0 ok, + THROTTLED, + limit, + err | cumulative: 512 ok, 578 throttled [216s]
[2026-08-07 02:35:13]   Batch 16/20: +0 ok, + THROTTLED, + limit, + err | cumulative: 512 ok, 578 throttled [231s]
[2026-08-07 02:35:27]   Batch 17/20: +0 ok, + THROTTLED, + limit, + err | cumulative: 512 ok, 578 throttled [245s]
[2026-08-07 02:35:42]   Batch 18/20: +0 ok, + THROTTLED, + limit, + err | cumulative: 512 ok, 578 throttled [260s]
[2026-08-07 02:35:56]   Batch 19/20: +0 ok, + THROTTLED, + limit, + err | cumulative: 512 ok, 578 throttled [274s]
[2026-08-07 02:36:10]   Batch 20/20: +0 ok, + THROTTLED, + limit, + err | cumulative: 512 ok, 578 throttled [288s]
[2026-08-07 02:36:10] 
[2026-08-07 02:36:10] Wave 15 complete in 288s:
[2026-08-07 02:36:10]   ✓ Success:    512
[2026-08-07 02:36:10]   ⚡ Throttled:  578  ← THIS IS THE SIGNAL AWS SEES
[2026-08-07 02:36:10]   🚫 Limit hit:  0
[2026-08-07 02:36:10]   ✗ Errors:     0
[2026-08-07 02:36:10]   Rate:         3.7 calls/s
[2026-08-07 02:36:10] 
[2026-08-07 02:36:10] Terminating 512 created VMs...
[2026-08-07 02:37:23] Terminated 512 VMs in 73s
[2026-08-07 02:37:23] Waiting 5m 11s until next wave (randomized 5-7 min)...
[2026-08-07 02:42:34] ━━━━━━━━━━━━━━━━━━━━━━━━━━━━━━━━━━━━━━━━━━━━━━━━━━━━━━━━━━
[2026-08-07 02:42:34] WAVE 16/20 — 100 parallel × 20 batches = 2000 calls
[2026-08-07 02:42:34] ━━━━━━━━━━━━━━━━━━━━━━━━━━━━━━━━━━━━━━━━━━━━━━━━━━━━━━━━━━
[2026-08-07 02:42:47]   Batch 1/20: +46 ok, +54 THROTTLED, +0 limit, + err | cumulative: 46 ok, 54 throttled [13s]
[2026-08-07 02:43:01]   Batch 2/20: +41 ok, +53 THROTTLED, +0 limit, + err | cumulative: 87 ok, 107 throttled [27s]
[2026-08-07 02:43:15]   Batch 3/20: +44 ok, +56 THROTTLED, +0 limit, + err | cumulative: 131 ok, 163 throttled [41s]
[2026-08-07 02:43:29]   Batch 4/20: +45 ok, +52 THROTTLED, +0 limit, + err | cumulative: 176 ok, 215 throttled [55s]
[2026-08-07 02:43:43]   Batch 5/20: +54 ok, +45 THROTTLED, +0 limit, + err | cumulative: 230 ok, 260 throttled [69s]
[2026-08-07 02:43:57]   Batch 6/20: +42 ok, +56 THROTTLED, +0 limit, + err | cumulative: 272 ok, 316 throttled [83s]
[2026-08-07 02:44:11]   Batch 7/20: +48 ok, +51 THROTTLED, +0 limit, + err | cumulative: 320 ok, 367 throttled [97s]
[2026-08-07 02:44:26]   Batch 8/20: +46 ok, +54 THROTTLED, +0 limit, + err | cumulative: 366 ok, 421 throttled [112s]
[2026-08-07 02:44:42]   Batch 9/20: +52 ok, +47 THROTTLED, +0 limit, + err | cumulative: 418 ok, 468 throttled [128s]
[2026-08-07 02:44:57]   Batch 10/20: +51 ok, +48 THROTTLED, +0 limit, + err | cumulative: 469 ok, 516 throttled [143s]
[2026-08-07 02:45:12]   Batch 11/20: +43 ok, +53 THROTTLED, +0 limit, + err | cumulative: 512 ok, 569 throttled [158s]
[2026-08-07 02:45:26]   Batch 12/20: +0 ok, + THROTTLED, + limit, + err | cumulative: 512 ok, 569 throttled [172s]
[2026-08-07 02:45:41]   Batch 13/20: +0 ok, + THROTTLED, + limit, + err | cumulative: 512 ok, 569 throttled [187s]
[2026-08-07 02:45:55]   Batch 14/20: +0 ok, + THROTTLED, + limit, + err | cumulative: 512 ok, 569 throttled [201s]
[2026-08-07 02:46:09]   Batch 15/20: +0 ok, + THROTTLED, + limit, + err | cumulative: 512 ok, 569 throttled [215s]
[2026-08-07 02:46:24]   Batch 16/20: +0 ok, + THROTTLED, + limit, + err | cumulative: 512 ok, 569 throttled [230s]
[2026-08-07 02:46:39]   Batch 17/20: +0 ok, + THROTTLED, + limit, + err | cumulative: 512 ok, 569 throttled [245s]
[2026-08-07 02:46:53]   Batch 18/20: +0 ok, + THROTTLED, + limit, + err | cumulative: 512 ok, 569 throttled [259s]
[2026-08-07 02:47:08]   Batch 19/20: +0 ok, + THROTTLED, + limit, + err | cumulative: 512 ok, 569 throttled [274s]
[2026-08-07 02:47:23]   Batch 20/20: +0 ok, + THROTTLED, + limit, + err | cumulative: 512 ok, 569 throttled [289s]
[2026-08-07 02:47:23] 
[2026-08-07 02:47:23] Wave 16 complete in 289s:
[2026-08-07 02:47:23]   ✓ Success:    512
[2026-08-07 02:47:23]   ⚡ Throttled:  569  ← THIS IS THE SIGNAL AWS SEES
[2026-08-07 02:47:23]   🚫 Limit hit:  0
[2026-08-07 02:47:23]   ✗ Errors:     0
[2026-08-07 02:47:23]   Rate:         3.7 calls/s
[2026-08-07 02:47:23] 
[2026-08-07 02:47:23] Terminating 512 created VMs...
[2026-08-07 02:48:34] Terminated 512 VMs in 71s
[2026-08-07 02:48:34] Waiting 5m 33s until next wave (randomized 5-7 min)...
[2026-08-07 02:54:07] ━━━━━━━━━━━━━━━━━━━━━━━━━━━━━━━━━━━━━━━━━━━━━━━━━━━━━━━━━━
[2026-08-07 02:54:07] WAVE 17/20 — 100 parallel × 20 batches = 2000 calls
[2026-08-07 02:54:07] ━━━━━━━━━━━━━━━━━━━━━━━━━━━━━━━━━━━━━━━━━━━━━━━━━━━━━━━━━━
[2026-08-07 02:54:19]   Batch 1/20: +53 ok, +43 THROTTLED, +0 limit, + err | cumulative: 53 ok, 43 throttled [12s]
[2026-08-07 02:54:34]   Batch 2/20: +51 ok, +42 THROTTLED, +0 limit, + err | cumulative: 104 ok, 85 throttled [27s]
[2026-08-07 02:54:48]   Batch 3/20: +47 ok, +49 THROTTLED, +0 limit, + err | cumulative: 151 ok, 134 throttled [41s]
[2026-08-07 02:55:03]   Batch 4/20: +43 ok, +56 THROTTLED, +0 limit, + err | cumulative: 194 ok, 190 throttled [56s]
[2026-08-07 02:55:17]   Batch 5/20: +56 ok, +41 THROTTLED, +0 limit, + err | cumulative: 250 ok, 231 throttled [70s]
[2026-08-07 02:55:30]   Batch 6/20: +47 ok, +53 THROTTLED, +0 limit, + err | cumulative: 297 ok, 284 throttled [83s]
[2026-08-07 02:55:45]   Batch 7/20: +43 ok, +57 THROTTLED, +0 limit, + err | cumulative: 340 ok, 341 throttled [98s]
[2026-08-07 02:55:58]   Batch 8/20: +44 ok, +56 THROTTLED, +0 limit, + err | cumulative: 384 ok, 397 throttled [111s]
[2026-08-07 02:56:12]   Batch 9/20: +47 ok, +39 THROTTLED, +0 limit, + err | cumulative: 431 ok, 436 throttled [125s]
[2026-08-07 02:56:27]   Batch 10/20: +42 ok, +49 THROTTLED, +0 limit, + err | cumulative: 473 ok, 485 throttled [140s]
[2026-08-07 02:56:41]   Batch 11/20: +39 ok, +44 THROTTLED, +0 limit, + err | cumulative: 512 ok, 529 throttled [154s]
[2026-08-07 02:56:56]   Batch 12/20: +0 ok, + THROTTLED, + limit, + err | cumulative: 512 ok, 529 throttled [169s]
[2026-08-07 02:57:11]   Batch 13/20: +0 ok, + THROTTLED, + limit, + err | cumulative: 512 ok, 529 throttled [184s]
[2026-08-07 02:57:25]   Batch 14/20: +0 ok, + THROTTLED, + limit, + err | cumulative: 512 ok, 529 throttled [198s]
[2026-08-07 02:57:39]   Batch 15/20: +0 ok, + THROTTLED, + limit, + err | cumulative: 512 ok, 529 throttled [212s]
[2026-08-07 02:57:54]   Batch 16/20: +0 ok, + THROTTLED, + limit, + err | cumulative: 512 ok, 529 throttled [227s]
[2026-08-07 02:58:09]   Batch 17/20: +0 ok, + THROTTLED, + limit, + err | cumulative: 512 ok, 529 throttled [242s]
[2026-08-07 02:58:23]   Batch 18/20: +0 ok, + THROTTLED, + limit, + err | cumulative: 512 ok, 529 throttled [256s]
[2026-08-07 02:58:39]   Batch 19/20: +0 ok, + THROTTLED, + limit, + err | cumulative: 512 ok, 529 throttled [272s]
[2026-08-07 02:58:53]   Batch 20/20: +0 ok, + THROTTLED, + limit, + err | cumulative: 512 ok, 529 throttled [286s]
[2026-08-07 02:58:53] 
[2026-08-07 02:58:53] Wave 17 complete in 286s:
[2026-08-07 02:58:53]   ✓ Success:    512
[2026-08-07 02:58:53]   ⚡ Throttled:  529  ← THIS IS THE SIGNAL AWS SEES
[2026-08-07 02:58:53]   🚫 Limit hit:  0
[2026-08-07 02:58:53]   ✗ Errors:     0
[2026-08-07 02:58:53]   Rate:         3.6 calls/s
[2026-08-07 02:58:53] 
[2026-08-07 02:58:53] Terminating 512 created VMs...
[2026-08-07 03:00:05] Terminated 512 VMs in 72s
[2026-08-07 03:00:05] Waiting 6m 18s until next wave (randomized 5-7 min)...
[2026-08-07 03:06:23] ━━━━━━━━━━━━━━━━━━━━━━━━━━━━━━━━━━━━━━━━━━━━━━━━━━━━━━━━━━
[2026-08-07 03:06:23] WAVE 18/20 — 100 parallel × 20 batches = 2000 calls
[2026-08-07 03:06:23] ━━━━━━━━━━━━━━━━━━━━━━━━━━━━━━━━━━━━━━━━━━━━━━━━━━━━━━━━━━
[2026-08-07 03:06:36]   Batch 1/20: +44 ok, +55 THROTTLED, +0 limit, + err | cumulative: 44 ok, 55 throttled [13s]
[2026-08-07 03:06:51]   Batch 2/20: +51 ok, +48 THROTTLED, +0 limit, + err | cumulative: 95 ok, 103 throttled [28s]
[2026-08-07 03:07:05]   Batch 3/20: +45 ok, +54 THROTTLED, +0 limit, + err | cumulative: 140 ok, 157 throttled [42s]
[2026-08-07 03:07:19]   Batch 4/20: +45 ok, +53 THROTTLED, +0 limit, + err | cumulative: 185 ok, 210 throttled [56s]
[2026-08-07 03:07:33]   Batch 5/20: +50 ok, +49 THROTTLED, +0 limit, + err | cumulative: 235 ok, 259 throttled [70s]
[2026-08-07 03:07:47]   Batch 6/20: +42 ok, +53 THROTTLED, +0 limit, + err | cumulative: 277 ok, 312 throttled [84s]
[2026-08-07 03:08:03]   Batch 7/20: +51 ok, +49 THROTTLED, +0 limit, + err | cumulative: 328 ok, 361 throttled [100s]
[2026-08-07 03:08:17]   Batch 8/20: +53 ok, +46 THROTTLED, +0 limit, + err | cumulative: 381 ok, 407 throttled [114s]
[2026-08-07 03:08:32]   Batch 9/20: +44 ok, +55 THROTTLED, +0 limit, + err | cumulative: 425 ok, 462 throttled [129s]
[2026-08-07 03:08:48]   Batch 10/20: +46 ok, +52 THROTTLED, +0 limit, + err | cumulative: 471 ok, 514 throttled [145s]
[2026-08-07 03:09:02]   Batch 11/20: +41 ok, +56 THROTTLED, +0 limit, + err | cumulative: 512 ok, 570 throttled [159s]
[2026-08-07 03:09:17]   Batch 12/20: +0 ok, + THROTTLED, + limit, + err | cumulative: 512 ok, 570 throttled [174s]
[2026-08-07 03:09:32]   Batch 13/20: +0 ok, + THROTTLED, + limit, + err | cumulative: 512 ok, 570 throttled [189s]
[2026-08-07 03:09:47]   Batch 14/20: +0 ok, + THROTTLED, + limit, + err | cumulative: 512 ok, 570 throttled [204s]
[2026-08-07 03:10:01]   Batch 15/20: +0 ok, + THROTTLED, + limit, + err | cumulative: 512 ok, 570 throttled [218s]
[2026-08-07 03:10:16]   Batch 16/20: +0 ok, + THROTTLED, + limit, + err | cumulative: 512 ok, 570 throttled [233s]
[2026-08-07 03:10:30]   Batch 17/20: +0 ok, + THROTTLED, + limit, + err | cumulative: 512 ok, 570 throttled [247s]
[2026-08-07 03:10:45]   Batch 18/20: +0 ok, + THROTTLED, + limit, + err | cumulative: 512 ok, 570 throttled [262s]
[2026-08-07 03:10:59]   Batch 19/20: +0 ok, + THROTTLED, + limit, + err | cumulative: 512 ok, 570 throttled [276s]
[2026-08-07 03:11:13]   Batch 20/20: +0 ok, + THROTTLED, + limit, + err | cumulative: 512 ok, 570 throttled [290s]
[2026-08-07 03:11:13] 
[2026-08-07 03:11:13] Wave 18 complete in 290s:
[2026-08-07 03:11:13]   ✓ Success:    512
[2026-08-07 03:11:13]   ⚡ Throttled:  570  ← THIS IS THE SIGNAL AWS SEES
[2026-08-07 03:11:13]   🚫 Limit hit:  0
[2026-08-07 03:11:13]   ✗ Errors:     0
[2026-08-07 03:11:13]   Rate:         3.7 calls/s
[2026-08-07 03:11:13] 
[2026-08-07 03:11:13] Terminating 512 created VMs...
[2026-08-07 03:12:20] Terminated 512 VMs in 67s
[2026-08-07 03:12:20] Waiting 5m 52s until next wave (randomized 5-7 min)...
[2026-08-07 03:18:12] ━━━━━━━━━━━━━━━━━━━━━━━━━━━━━━━━━━━━━━━━━━━━━━━━━━━━━━━━━━
[2026-08-07 03:18:12] WAVE 19/20 — 100 parallel × 20 batches = 2000 calls
[2026-08-07 03:18:12] ━━━━━━━━━━━━━━━━━━━━━━━━━━━━━━━━━━━━━━━━━━━━━━━━━━━━━━━━━━
[2026-08-07 03:18:26]   Batch 1/20: +49 ok, +51 THROTTLED, +0 limit, + err | cumulative: 49 ok, 51 throttled [14s]
[2026-08-07 03:18:41]   Batch 2/20: +45 ok, +55 THROTTLED, +0 limit, + err | cumulative: 94 ok, 106 throttled [29s]
[2026-08-07 03:18:56]   Batch 3/20: +45 ok, +54 THROTTLED, +0 limit, + err | cumulative: 139 ok, 160 throttled [44s]
[2026-08-07 03:19:10]   Batch 4/20: +52 ok, +48 THROTTLED, +0 limit, + err | cumulative: 191 ok, 208 throttled [58s]
[2026-08-07 03:19:25]   Batch 5/20: +41 ok, +58 THROTTLED, +0 limit, + err | cumulative: 232 ok, 266 throttled [73s]
[2026-08-07 03:19:40]   Batch 6/20: +56 ok, +44 THROTTLED, +0 limit, + err | cumulative: 288 ok, 310 throttled [88s]
[2026-08-07 03:19:54]   Batch 7/20: +36 ok, +63 THROTTLED, +0 limit, + err | cumulative: 324 ok, 373 throttled [102s]
[2026-08-07 03:20:09]   Batch 8/20: +39 ok, +58 THROTTLED, +0 limit, + err | cumulative: 363 ok, 431 throttled [117s]
[2026-08-07 03:20:22]   Batch 9/20: +49 ok, +47 THROTTLED, +0 limit, + err | cumulative: 412 ok, 478 throttled [130s]
[2026-08-07 03:20:37]   Batch 10/20: +46 ok, +51 THROTTLED, +0 limit, + err | cumulative: 458 ok, 529 throttled [145s]
[2026-08-07 03:20:51]   Batch 11/20: +44 ok, +49 THROTTLED, +0 limit, + err | cumulative: 502 ok, 578 throttled [159s]
[2026-08-07 03:21:06]   Batch 12/20: +10 ok, +46 THROTTLED, +0 limit, + err | cumulative: 512 ok, 624 throttled [174s]
[2026-08-07 03:21:20]   Batch 13/20: +0 ok, + THROTTLED, + limit, + err | cumulative: 512 ok, 624 throttled [188s]
[2026-08-07 03:21:33]   Batch 14/20: +0 ok, + THROTTLED, + limit, + err | cumulative: 512 ok, 624 throttled [201s]
[2026-08-07 03:21:47]   Batch 15/20: +0 ok, + THROTTLED, + limit, + err | cumulative: 512 ok, 624 throttled [215s]
[2026-08-07 03:22:02]   Batch 16/20: +0 ok, + THROTTLED, + limit, + err | cumulative: 512 ok, 624 throttled [230s]
[2026-08-07 03:22:16]   Batch 17/20: +0 ok, + THROTTLED, + limit, + err | cumulative: 512 ok, 624 throttled [244s]
[2026-08-07 03:22:30]   Batch 18/20: +0 ok, + THROTTLED, + limit, + err | cumulative: 512 ok, 624 throttled [258s]
[2026-08-07 03:22:44]   Batch 19/20: +0 ok, + THROTTLED, + limit, + err | cumulative: 512 ok, 624 throttled [272s]
[2026-08-07 03:22:59]   Batch 20/20: +0 ok, + THROTTLED, + limit, + err | cumulative: 512 ok, 624 throttled [287s]
[2026-08-07 03:22:59] 
[2026-08-07 03:22:59] Wave 19 complete in 287s:
[2026-08-07 03:22:59]   ✓ Success:    512
[2026-08-07 03:22:59]   ⚡ Throttled:  624  ← THIS IS THE SIGNAL AWS SEES
[2026-08-07 03:22:59]   🚫 Limit hit:  0
[2026-08-07 03:22:59]   ✗ Errors:     0
[2026-08-07 03:22:59]   Rate:         3.9 calls/s
[2026-08-07 03:22:59] 
[2026-08-07 03:22:59] Terminating 512 created VMs...
[2026-08-07 03:24:13] Terminated 512 VMs in 74s
[2026-08-07 03:24:13] Waiting 5m 30s until next wave (randomized 5-7 min)...
[2026-08-07 03:29:43] ━━━━━━━━━━━━━━━━━━━━━━━━━━━━━━━━━━━━━━━━━━━━━━━━━━━━━━━━━━
[2026-08-07 03:29:43] WAVE 20/20 — 100 parallel × 20 batches = 2000 calls
[2026-08-07 03:29:43] ━━━━━━━━━━━━━━━━━━━━━━━━━━━━━━━━━━━━━━━━━━━━━━━━━━━━━━━━━━
[2026-08-07 03:29:56]   Batch 1/20: +46 ok, +53 THROTTLED, +0 limit, + err | cumulative: 46 ok, 53 throttled [13s]
[2026-08-07 03:30:10]   Batch 2/20: +48 ok, +48 THROTTLED, +0 limit, + err | cumulative: 94 ok, 101 throttled [27s]
[2026-08-07 03:30:24]   Batch 3/20: +45 ok, +54 THROTTLED, +0 limit, + err | cumulative: 139 ok, 155 throttled [41s]
[2026-08-07 03:30:39]   Batch 4/20: +47 ok, +51 THROTTLED, +0 limit, + err | cumulative: 186 ok, 206 throttled [56s]
[2026-08-07 03:30:54]   Batch 5/20: +51 ok, +48 THROTTLED, +0 limit, + err | cumulative: 237 ok, 254 throttled [71s]
[2026-08-07 03:31:08]   Batch 6/20: +43 ok, +57 THROTTLED, +0 limit, + err | cumulative: 280 ok, 311 throttled [85s]
[2026-08-07 03:31:23]   Batch 7/20: +45 ok, +54 THROTTLED, +0 limit, + err | cumulative: 325 ok, 365 throttled [100s]
[2026-08-07 03:31:36]   Batch 8/20: +42 ok, +58 THROTTLED, +0 limit, + err | cumulative: 367 ok, 423 throttled [113s]
[2026-08-07 03:31:51]   Batch 9/20: +44 ok, +56 THROTTLED, +0 limit, + err | cumulative: 411 ok, 479 throttled [128s]
[2026-08-07 03:32:05]   Batch 10/20: +50 ok, +49 THROTTLED, +0 limit, + err | cumulative: 461 ok, 528 throttled [142s]
[2026-08-07 03:32:19]   Batch 11/20: +49 ok, +50 THROTTLED, +0 limit, + err | cumulative: 510 ok, 578 throttled [156s]
[2026-08-07 03:32:33]   Batch 12/20: +2 ok, +59 THROTTLED, +0 limit, + err | cumulative: 512 ok, 637 throttled [170s]
[2026-08-07 03:32:48]   Batch 13/20: +0 ok, + THROTTLED, + limit, + err | cumulative: 512 ok, 637 throttled [185s]
[2026-08-07 03:33:03]   Batch 14/20: +0 ok, + THROTTLED, + limit, + err | cumulative: 512 ok, 637 throttled [200s]
[2026-08-07 03:33:17]   Batch 15/20: +0 ok, + THROTTLED, + limit, + err | cumulative: 512 ok, 637 throttled [214s]
[2026-08-07 03:33:31]   Batch 16/20: +0 ok, + THROTTLED, + limit, + err | cumulative: 512 ok, 637 throttled [228s]
[2026-08-07 03:33:45]   Batch 17/20: +0 ok, + THROTTLED, + limit, + err | cumulative: 512 ok, 637 throttled [242s]
[2026-08-07 03:34:00]   Batch 18/20: +0 ok, + THROTTLED, + limit, + err | cumulative: 512 ok, 637 throttled [257s]
[2026-08-07 03:34:14]   Batch 19/20: +0 ok, + THROTTLED, + limit, + err | cumulative: 512 ok, 637 throttled [271s]
[2026-08-07 03:34:29]   Batch 20/20: +0 ok, + THROTTLED, + limit, + err | cumulative: 512 ok, 637 throttled [286s]
[2026-08-07 03:34:29] 
[2026-08-07 03:34:29] Wave 20 complete in 286s:
[2026-08-07 03:34:29]   ✓ Success:    512
[2026-08-07 03:34:29]   ⚡ Throttled:  637  ← THIS IS THE SIGNAL AWS SEES
[2026-08-07 03:34:29]   🚫 Limit hit:  0
[2026-08-07 03:34:29]   ✗ Errors:     0
[2026-08-07 03:34:29]   Rate:         4.0 calls/s
[2026-08-07 03:34:29] 
[2026-08-07 03:34:29] Terminating 512 created VMs...
[2026-08-07 03:35:37] Terminated 512 VMs in 68s
[2026-08-07 03:35:37] 
[2026-08-07 03:35:37] ╔══════════════════════════════════════════════════════════════╗
[2026-08-07 03:35:37] ║              PRESSURE TEST COMPLETE                         ║
[2026-08-07 03:35:37] ╠══════════════════════════════════════════════════════════════╣
[2026-08-07 03:35:37] ║  Total API calls:   21904
[2026-08-07 03:35:37] ║  Successful:        10240
[2026-08-07 03:35:37] ║  THROTTLED (429):   11664  ← quota increase signal
[2026-08-07 03:35:37] ║  Limit hit:         0
[2026-08-07 03:35:37] ║  Errors:            0
[2026-08-07 03:35:37] ║  Waves completed:   20
[2026-08-07 03:35:37] ╠══════════════════════════════════════════════════════════════╣
[2026-08-07 03:35:37] ║  ATTACH THIS LOG TO AWS SUPPORT TICKET                     ║
[2026-08-07 03:35:37] ║  Evidence: sustained throttling = sustained demand          ║
[2026-08-07 03:35:37] ╚══════════════════════════════════════════════════════════════╝
[2026-08-07 03:35:37] Results: /home/ubuntu/projects/microvm/KubeMicroVM/uat/results/burst-warmup/20260806-234011-pressure
