[2026-08-06 18:33:45] ╔══════════════════════════════════════════════════════════════╗
[2026-08-06 18:33:45] ║     RunMicrovm API PRESSURE GENERATOR                       ║
[2026-08-06 18:33:45] ╠══════════════════════════════════════════════════════════════╣
[2026-08-06 18:33:45] ║  Parallel calls/batch: 100
[2026-08-06 18:33:45] ║  Batches per wave:     20
[2026-08-06 18:33:45] ║  Gap between batches:  2s
[2026-08-06 18:33:45] ║  Total calls/wave:     2000
[2026-08-06 18:33:45] ║  Waves:                6
[2026-08-06 18:33:45] ║  Wave interval:        35 min
[2026-08-06 18:33:45] ║  Region:               us-east-1
[2026-08-06 18:33:45] ║  Images:               3
[2026-08-06 18:33:45] ╚══════════════════════════════════════════════════════════════╝
[2026-08-06 18:33:45] 
[2026-08-06 18:33:45] ━━━━━━━━━━━━━━━━━━━━━━━━━━━━━━━━━━━━━━━━━━━━━━━━━━━━━━━━━━
[2026-08-06 18:33:45] WAVE 1/6 — 100 parallel × 20 batches = 2000 calls
[2026-08-06 18:33:45] ━━━━━━━━━━━━━━━━━━━━━━━━━━━━━━━━━━━━━━━━━━━━━━━━━━━━━━━━━━
[2026-08-06 18:33:57]   Batch 1/20: +53 ok, +45 THROTTLED, +0 limit, + err | cumulative: 53 ok, 45 throttled [12s]
[2026-08-06 18:34:11]   Batch 2/20: +45 ok, +54 THROTTLED, +0 limit, + err | cumulative: 98 ok, 99 throttled [26s]
[2026-08-06 18:34:25]   Batch 3/20: +43 ok, +57 THROTTLED, +0 limit, + err | cumulative: 141 ok, 156 throttled [40s]
[2026-08-06 18:34:39]   Batch 4/20: +44 ok, +55 THROTTLED, +0 limit, + err | cumulative: 185 ok, 211 throttled [54s]
[2026-08-06 18:34:53]   Batch 5/20: +45 ok, +54 THROTTLED, +0 limit, + err | cumulative: 230 ok, 265 throttled [68s]
[2026-08-06 18:35:08]   Batch 6/20: +43 ok, +57 THROTTLED, +0 limit, + err | cumulative: 273 ok, 322 throttled [83s]
[2026-08-06 18:35:22]   Batch 7/20: +47 ok, +53 THROTTLED, +0 limit, + err | cumulative: 320 ok, 375 throttled [97s]
[2026-08-06 18:35:37]   Batch 8/20: +45 ok, +54 THROTTLED, +0 limit, + err | cumulative: 365 ok, 429 throttled [112s]
[2026-08-06 18:35:51]   Batch 9/20: +41 ok, +59 THROTTLED, +0 limit, + err | cumulative: 406 ok, 488 throttled [126s]
[2026-08-06 18:36:05]   Batch 10/20: +47 ok, +53 THROTTLED, +0 limit, + err | cumulative: 453 ok, 541 throttled [140s]
[2026-08-06 18:36:19]   Batch 11/20: +42 ok, +57 THROTTLED, +0 limit, + err | cumulative: 495 ok, 598 throttled [154s]
[2026-08-06 18:36:33]   Batch 12/20: +17 ok, +48 THROTTLED, +0 limit, + err | cumulative: 512 ok, 646 throttled [168s]
[2026-08-06 18:36:48]   Batch 13/20: +0 ok, + THROTTLED, + limit, + err | cumulative: 512 ok, 646 throttled [183s]
[2026-08-06 18:37:02]   Batch 14/20: +0 ok, + THROTTLED, + limit, + err | cumulative: 512 ok, 646 throttled [197s]
[2026-08-06 18:37:16]   Batch 15/20: +0 ok, + THROTTLED, + limit, + err | cumulative: 512 ok, 646 throttled [211s]
[2026-08-06 18:37:31]   Batch 16/20: +0 ok, + THROTTLED, + limit, + err | cumulative: 512 ok, 646 throttled [226s]
[2026-08-06 18:37:45]   Batch 17/20: +0 ok, + THROTTLED, + limit, + err | cumulative: 512 ok, 646 throttled [240s]
[2026-08-06 18:38:01]   Batch 18/20: +0 ok, + THROTTLED, + limit, + err | cumulative: 512 ok, 646 throttled [256s]
[2026-08-06 18:38:15]   Batch 19/20: +0 ok, + THROTTLED, + limit, + err | cumulative: 512 ok, 646 throttled [270s]
[2026-08-06 18:38:29]   Batch 20/20: +0 ok, + THROTTLED, + limit, + err | cumulative: 512 ok, 646 throttled [284s]
[2026-08-06 18:38:29] 
[2026-08-06 18:38:29] Wave 1 complete in 284s:
[2026-08-06 18:38:29]   ✓ Success:    512
[2026-08-06 18:38:29]   ⚡ Throttled:  646  ← THIS IS THE SIGNAL AWS SEES
[2026-08-06 18:38:29]   🚫 Limit hit:  0
[2026-08-06 18:38:29]   ✗ Errors:     0
[2026-08-06 18:38:29]   Rate:         4.0 calls/s
[2026-08-06 18:38:29] 
[2026-08-06 18:38:29] Terminating 512 created VMs...
[2026-08-06 18:39:38] Terminated 512 VMs in 69s
[2026-08-06 18:39:38] Waiting 5m 10s until next wave (randomized 5-7 min)...
[2026-08-06 18:44:48] ━━━━━━━━━━━━━━━━━━━━━━━━━━━━━━━━━━━━━━━━━━━━━━━━━━━━━━━━━━
[2026-08-06 18:44:48] WAVE 2/6 — 100 parallel × 20 batches = 2000 calls
[2026-08-06 18:44:48] ━━━━━━━━━━━━━━━━━━━━━━━━━━━━━━━━━━━━━━━━━━━━━━━━━━━━━━━━━━
[2026-08-06 18:45:00]   Batch 1/20: +45 ok, +54 THROTTLED, +0 limit, + err | cumulative: 45 ok, 54 throttled [12s]
[2026-08-06 18:45:14]   Batch 2/20: +44 ok, +53 THROTTLED, +0 limit, + err | cumulative: 89 ok, 107 throttled [26s]
[2026-08-06 18:45:28]   Batch 3/20: +42 ok, +58 THROTTLED, +0 limit, + err | cumulative: 131 ok, 165 throttled [40s]
[2026-08-06 18:45:42]   Batch 4/20: +46 ok, +49 THROTTLED, +0 limit, + err | cumulative: 177 ok, 214 throttled [54s]
[2026-08-06 18:45:56]   Batch 5/20: +42 ok, +53 THROTTLED, +0 limit, + err | cumulative: 219 ok, 267 throttled [68s]
[2026-08-06 18:46:10]   Batch 6/20: +39 ok, +56 THROTTLED, +0 limit, + err | cumulative: 258 ok, 323 throttled [82s]
[2026-08-06 18:46:24]   Batch 7/20: +47 ok, +47 THROTTLED, +0 limit, + err | cumulative: 305 ok, 370 throttled [96s]
[2026-08-06 18:46:39]   Batch 8/20: +46 ok, +53 THROTTLED, +0 limit, + err | cumulative: 351 ok, 423 throttled [111s]
[2026-08-06 18:46:53]   Batch 9/20: +51 ok, +47 THROTTLED, +0 limit, + err | cumulative: 402 ok, 470 throttled [125s]
[2026-08-06 18:47:08]   Batch 10/20: +45 ok, +49 THROTTLED, +0 limit, + err | cumulative: 447 ok, 519 throttled [140s]
[2026-08-06 18:47:23]   Batch 11/20: +52 ok, +47 THROTTLED, +0 limit, + err | cumulative: 499 ok, 566 throttled [155s]
[2026-08-06 18:47:38]   Batch 12/20: +13 ok, +56 THROTTLED, +0 limit, + err | cumulative: 512 ok, 622 throttled [170s]
[2026-08-06 18:47:52]   Batch 13/20: +0 ok, + THROTTLED, + limit, + err | cumulative: 512 ok, 622 throttled [184s]
[2026-08-06 18:48:07]   Batch 14/20: +0 ok, + THROTTLED, + limit, + err | cumulative: 512 ok, 622 throttled [199s]
[2026-08-06 18:48:22]   Batch 15/20: +0 ok, + THROTTLED, + limit, + err | cumulative: 512 ok, 622 throttled [214s]
[2026-08-06 18:48:36]   Batch 16/20: +0 ok, + THROTTLED, + limit, + err | cumulative: 512 ok, 622 throttled [228s]
[2026-08-06 18:48:51]   Batch 17/20: +0 ok, + THROTTLED, + limit, + err | cumulative: 512 ok, 622 throttled [243s]
[2026-08-06 18:49:06]   Batch 18/20: +0 ok, + THROTTLED, + limit, + err | cumulative: 512 ok, 622 throttled [258s]
[2026-08-06 18:49:20]   Batch 19/20: +0 ok, + THROTTLED, + limit, + err | cumulative: 512 ok, 622 throttled [272s]
[2026-08-06 18:49:35]   Batch 20/20: +0 ok, + THROTTLED, + limit, + err | cumulative: 512 ok, 622 throttled [287s]
[2026-08-06 18:49:35] 
[2026-08-06 18:49:35] Wave 2 complete in 287s:
[2026-08-06 18:49:35]   ✓ Success:    512
[2026-08-06 18:49:35]   ⚡ Throttled:  622  ← THIS IS THE SIGNAL AWS SEES
[2026-08-06 18:49:35]   🚫 Limit hit:  0
[2026-08-06 18:49:35]   ✗ Errors:     0
[2026-08-06 18:49:35]   Rate:         3.9 calls/s
[2026-08-06 18:49:35] 
[2026-08-06 18:49:35] Terminating 512 created VMs...
[2026-08-06 18:50:45] Terminated 512 VMs in 70s
[2026-08-06 18:50:45] Waiting 5m 20s until next wave (randomized 5-7 min)...
[2026-08-06 18:56:05] ━━━━━━━━━━━━━━━━━━━━━━━━━━━━━━━━━━━━━━━━━━━━━━━━━━━━━━━━━━
[2026-08-06 18:56:05] WAVE 3/6 — 100 parallel × 20 batches = 2000 calls
[2026-08-06 18:56:05] ━━━━━━━━━━━━━━━━━━━━━━━━━━━━━━━━━━━━━━━━━━━━━━━━━━━━━━━━━━
[2026-08-06 18:56:17]   Batch 1/20: +38 ok, +62 THROTTLED, +0 limit, + err | cumulative: 38 ok, 62 throttled [12s]
[2026-08-06 18:56:31]   Batch 2/20: +44 ok, +55 THROTTLED, +0 limit, + err | cumulative: 82 ok, 117 throttled [26s]
[2026-08-06 18:56:46]   Batch 3/20: +46 ok, +54 THROTTLED, +0 limit, + err | cumulative: 128 ok, 171 throttled [41s]
[2026-08-06 18:57:00]   Batch 4/20: +42 ok, +53 THROTTLED, +0 limit, + err | cumulative: 170 ok, 224 throttled [55s]
[2026-08-06 18:57:14]   Batch 5/20: +48 ok, +49 THROTTLED, +0 limit, + err | cumulative: 218 ok, 273 throttled [69s]
[2026-08-06 18:57:29]   Batch 6/20: +44 ok, +56 THROTTLED, +0 limit, + err | cumulative: 262 ok, 329 throttled [84s]
[2026-08-06 18:57:43]   Batch 7/20: +44 ok, +54 THROTTLED, +0 limit, + err | cumulative: 306 ok, 383 throttled [98s]
[2026-08-06 18:57:57]   Batch 8/20: +44 ok, +55 THROTTLED, +0 limit, + err | cumulative: 350 ok, 438 throttled [112s]
[2026-08-06 18:58:11]   Batch 9/20: +41 ok, +58 THROTTLED, +0 limit, + err | cumulative: 391 ok, 496 throttled [126s]
[2026-08-06 18:58:26]   Batch 10/20: +43 ok, +57 THROTTLED, +0 limit, + err | cumulative: 434 ok, 553 throttled [141s]
[2026-08-06 18:58:41]   Batch 11/20: +45 ok, +54 THROTTLED, +0 limit, + err | cumulative: 479 ok, 607 throttled [156s]
[2026-08-06 18:58:55]   Batch 12/20: +33 ok, +55 THROTTLED, +0 limit, + err | cumulative: 512 ok, 662 throttled [170s]
[2026-08-06 18:59:10]   Batch 13/20: +0 ok, + THROTTLED, + limit, + err | cumulative: 512 ok, 662 throttled [185s]
[2026-08-06 18:59:24]   Batch 14/20: +0 ok, + THROTTLED, + limit, + err | cumulative: 512 ok, 662 throttled [199s]
[2026-08-06 18:59:39]   Batch 15/20: +0 ok, + THROTTLED, + limit, + err | cumulative: 512 ok, 662 throttled [214s]
[2026-08-06 18:59:53]   Batch 16/20: +0 ok, + THROTTLED, + limit, + err | cumulative: 512 ok, 662 throttled [228s]
[2026-08-06 19:00:06]   Batch 17/20: +0 ok, + THROTTLED, + limit, + err | cumulative: 512 ok, 662 throttled [241s]
[2026-08-06 19:00:21]   Batch 18/20: +0 ok, + THROTTLED, + limit, + err | cumulative: 512 ok, 662 throttled [256s]
[2026-08-06 19:00:35]   Batch 19/20: +0 ok, + THROTTLED, + limit, + err | cumulative: 512 ok, 662 throttled [270s]
[2026-08-06 19:00:50]   Batch 20/20: +0 ok, + THROTTLED, + limit, + err | cumulative: 512 ok, 662 throttled [285s]
[2026-08-06 19:00:50] 
[2026-08-06 19:00:50] Wave 3 complete in 285s:
[2026-08-06 19:00:50]   ✓ Success:    512
[2026-08-06 19:00:50]   ⚡ Throttled:  662  ← THIS IS THE SIGNAL AWS SEES
[2026-08-06 19:00:50]   🚫 Limit hit:  0
[2026-08-06 19:00:50]   ✗ Errors:     0
[2026-08-06 19:00:50]   Rate:         4.1 calls/s
[2026-08-06 19:00:50] 
[2026-08-06 19:00:50] Terminating 512 created VMs...
[2026-08-06 19:01:57] Terminated 512 VMs in 67s
[2026-08-06 19:01:57] Waiting 5m 38s until next wave (randomized 5-7 min)...
[2026-08-06 19:07:35] ━━━━━━━━━━━━━━━━━━━━━━━━━━━━━━━━━━━━━━━━━━━━━━━━━━━━━━━━━━
[2026-08-06 19:07:35] WAVE 4/6 — 100 parallel × 20 batches = 2000 calls
[2026-08-06 19:07:35] ━━━━━━━━━━━━━━━━━━━━━━━━━━━━━━━━━━━━━━━━━━━━━━━━━━━━━━━━━━
[2026-08-06 19:07:49]   Batch 1/20: +44 ok, +54 THROTTLED, +0 limit, + err | cumulative: 44 ok, 54 throttled [14s]
[2026-08-06 19:08:03]   Batch 2/20: +41 ok, +55 THROTTLED, +0 limit, + err | cumulative: 85 ok, 109 throttled [28s]
[2026-08-06 19:08:18]   Batch 3/20: +45 ok, +53 THROTTLED, +0 limit, + err | cumulative: 130 ok, 162 throttled [43s]
[2026-08-06 19:08:33]   Batch 4/20: +43 ok, +54 THROTTLED, +0 limit, + err | cumulative: 173 ok, 216 throttled [58s]
[2026-08-06 19:08:47]   Batch 5/20: +43 ok, +55 THROTTLED, +0 limit, + err | cumulative: 216 ok, 271 throttled [72s]
[2026-08-06 19:09:03]   Batch 6/20: +54 ok, +45 THROTTLED, +0 limit, + err | cumulative: 270 ok, 316 throttled [88s]
[2026-08-06 19:09:17]   Batch 7/20: +45 ok, +54 THROTTLED, +0 limit, + err | cumulative: 315 ok, 370 throttled [102s]
[2026-08-06 19:09:31]   Batch 8/20: +45 ok, +53 THROTTLED, +0 limit, + err | cumulative: 360 ok, 423 throttled [116s]
[2026-08-06 19:09:45]   Batch 9/20: +45 ok, +55 THROTTLED, +0 limit, + err | cumulative: 405 ok, 478 throttled [130s]
[2026-08-06 19:09:59]   Batch 10/20: +44 ok, +55 THROTTLED, +0 limit, + err | cumulative: 449 ok, 533 throttled [144s]
[2026-08-06 19:10:14]   Batch 11/20: +50 ok, +48 THROTTLED, +0 limit, + err | cumulative: 499 ok, 581 throttled [159s]
[2026-08-06 19:10:29]   Batch 12/20: +13 ok, +51 THROTTLED, +0 limit, + err | cumulative: 512 ok, 632 throttled [174s]
[2026-08-06 19:10:43]   Batch 13/20: +0 ok, + THROTTLED, + limit, + err | cumulative: 512 ok, 632 throttled [188s]
[2026-08-06 19:10:57]   Batch 14/20: +0 ok, + THROTTLED, + limit, + err | cumulative: 512 ok, 632 throttled [202s]
[2026-08-06 19:11:11]   Batch 15/20: +0 ok, + THROTTLED, + limit, + err | cumulative: 512 ok, 632 throttled [216s]
[2026-08-06 19:11:25]   Batch 16/20: +0 ok, + THROTTLED, + limit, + err | cumulative: 512 ok, 632 throttled [230s]
[2026-08-06 19:11:40]   Batch 17/20: +0 ok, + THROTTLED, + limit, + err | cumulative: 512 ok, 632 throttled [245s]
[2026-08-06 19:11:54]   Batch 18/20: +0 ok, + THROTTLED, + limit, + err | cumulative: 512 ok, 632 throttled [259s]
[2026-08-06 19:12:09]   Batch 19/20: +0 ok, + THROTTLED, + limit, + err | cumulative: 512 ok, 632 throttled [274s]
[2026-08-06 19:12:23]   Batch 20/20: +0 ok, + THROTTLED, + limit, + err | cumulative: 512 ok, 632 throttled [288s]
[2026-08-06 19:12:23] 
[2026-08-06 19:12:23] Wave 4 complete in 288s:
[2026-08-06 19:12:23]   ✓ Success:    512
[2026-08-06 19:12:23]   ⚡ Throttled:  632  ← THIS IS THE SIGNAL AWS SEES
[2026-08-06 19:12:23]   🚫 Limit hit:  0
[2026-08-06 19:12:23]   ✗ Errors:     0
[2026-08-06 19:12:23]   Rate:         3.9 calls/s
[2026-08-06 19:12:23] 
[2026-08-06 19:12:23] Terminating 512 created VMs...
[2026-08-06 19:13:28] Terminated 512 VMs in 65s
[2026-08-06 19:13:28] Waiting 5m 52s until next wave (randomized 5-7 min)...
[2026-08-06 19:19:20] ━━━━━━━━━━━━━━━━━━━━━━━━━━━━━━━━━━━━━━━━━━━━━━━━━━━━━━━━━━
[2026-08-06 19:19:20] WAVE 5/6 — 100 parallel × 20 batches = 2000 calls
[2026-08-06 19:19:20] ━━━━━━━━━━━━━━━━━━━━━━━━━━━━━━━━━━━━━━━━━━━━━━━━━━━━━━━━━━
[2026-08-06 19:19:32]   Batch 1/20: +46 ok, +53 THROTTLED, +0 limit, + err | cumulative: 46 ok, 53 throttled [12s]
[2026-08-06 19:19:46]   Batch 2/20: +50 ok, +49 THROTTLED, +0 limit, + err | cumulative: 96 ok, 102 throttled [26s]
[2026-08-06 19:20:00]   Batch 3/20: +36 ok, +61 THROTTLED, +0 limit, + err | cumulative: 132 ok, 163 throttled [40s]
[2026-08-06 19:20:14]   Batch 4/20: +41 ok, +58 THROTTLED, +0 limit, + err | cumulative: 173 ok, 221 throttled [54s]
[2026-08-06 19:20:28]   Batch 5/20: +47 ok, +53 THROTTLED, +0 limit, + err | cumulative: 220 ok, 274 throttled [68s]
[2026-08-06 19:20:43]   Batch 6/20: +50 ok, +48 THROTTLED, +0 limit, + err | cumulative: 270 ok, 322 throttled [83s]
[2026-08-06 19:20:58]   Batch 7/20: +46 ok, +49 THROTTLED, +0 limit, + err | cumulative: 316 ok, 371 throttled [98s]
[2026-08-06 19:21:11]   Batch 8/20: +47 ok, +50 THROTTLED, +0 limit, + err | cumulative: 363 ok, 421 throttled [111s]
[2026-08-06 19:21:26]   Batch 9/20: +41 ok, +57 THROTTLED, +0 limit, + err | cumulative: 404 ok, 478 throttled [126s]
[2026-08-06 19:21:40]   Batch 10/20: +55 ok, +41 THROTTLED, +0 limit, + err | cumulative: 459 ok, 519 throttled [140s]
[2026-08-06 19:21:53]   Batch 11/20: +48 ok, +50 THROTTLED, +0 limit, + err | cumulative: 507 ok, 569 throttled [153s]
[2026-08-06 19:22:07]   Batch 12/20: +5 ok, +52 THROTTLED, +0 limit, + err | cumulative: 512 ok, 621 throttled [167s]
[2026-08-06 19:22:21]   Batch 13/20: +0 ok, + THROTTLED, + limit, + err | cumulative: 512 ok, 621 throttled [181s]
[2026-08-06 19:22:36]   Batch 14/20: +0 ok, + THROTTLED, + limit, + err | cumulative: 512 ok, 621 throttled [196s]
[2026-08-06 19:22:50]   Batch 15/20: +0 ok, + THROTTLED, + limit, + err | cumulative: 512 ok, 621 throttled [210s]
[2026-08-06 19:23:05]   Batch 16/20: +0 ok, + THROTTLED, + limit, + err | cumulative: 512 ok, 621 throttled [225s]
[2026-08-06 19:23:20]   Batch 17/20: +0 ok, + THROTTLED, + limit, + err | cumulative: 512 ok, 621 throttled [240s]
[2026-08-06 19:23:34]   Batch 18/20: +0 ok, + THROTTLED, + limit, + err | cumulative: 512 ok, 621 throttled [254s]
[2026-08-06 19:23:48]   Batch 19/20: +0 ok, + THROTTLED, + limit, + err | cumulative: 512 ok, 621 throttled [268s]
[2026-08-06 19:24:02]   Batch 20/20: +0 ok, + THROTTLED, + limit, + err | cumulative: 512 ok, 621 throttled [282s]
[2026-08-06 19:24:02] 
[2026-08-06 19:24:02] Wave 5 complete in 282s:
[2026-08-06 19:24:02]   ✓ Success:    512
[2026-08-06 19:24:02]   ⚡ Throttled:  621  ← THIS IS THE SIGNAL AWS SEES
[2026-08-06 19:24:02]   🚫 Limit hit:  0
[2026-08-06 19:24:02]   ✗ Errors:     0
[2026-08-06 19:24:02]   Rate:         4.0 calls/s
[2026-08-06 19:24:02] 
[2026-08-06 19:24:02] Terminating 512 created VMs...
[2026-08-06 19:25:14] Terminated 512 VMs in 72s
[2026-08-06 19:25:14] Waiting 6m 54s until next wave (randomized 5-7 min)...
[2026-08-06 19:32:08] ━━━━━━━━━━━━━━━━━━━━━━━━━━━━━━━━━━━━━━━━━━━━━━━━━━━━━━━━━━
[2026-08-06 19:32:08] WAVE 6/6 — 100 parallel × 20 batches = 2000 calls
[2026-08-06 19:32:08] ━━━━━━━━━━━━━━━━━━━━━━━━━━━━━━━━━━━━━━━━━━━━━━━━━━━━━━━━━━
[2026-08-06 19:32:20]   Batch 1/20: +46 ok, +52 THROTTLED, +0 limit, + err | cumulative: 46 ok, 52 throttled [12s]
[2026-08-06 19:32:34]   Batch 2/20: +53 ok, +47 THROTTLED, +0 limit, + err | cumulative: 99 ok, 99 throttled [26s]
[2026-08-06 19:32:49]   Batch 3/20: +48 ok, +52 THROTTLED, +0 limit, + err | cumulative: 147 ok, 151 throttled [41s]
[2026-08-06 19:33:03]   Batch 4/20: +44 ok, +55 THROTTLED, +0 limit, + err | cumulative: 191 ok, 206 throttled [55s]
[2026-08-06 19:33:17]   Batch 5/20: +42 ok, +56 THROTTLED, +0 limit, + err | cumulative: 233 ok, 262 throttled [69s]
[2026-08-06 19:33:32]   Batch 6/20: +48 ok, +49 THROTTLED, +0 limit, + err | cumulative: 281 ok, 311 throttled [84s]
[2026-08-06 19:33:45]   Batch 7/20: +38 ok, +60 THROTTLED, +0 limit, + err | cumulative: 319 ok, 371 throttled [97s]
[2026-08-06 19:34:00]   Batch 8/20: +52 ok, +47 THROTTLED, +0 limit, + err | cumulative: 371 ok, 418 throttled [112s]
[2026-08-06 19:34:14]   Batch 9/20: +46 ok, +54 THROTTLED, +0 limit, + err | cumulative: 417 ok, 472 throttled [126s]
[2026-08-06 19:34:28]   Batch 10/20: +41 ok, +59 THROTTLED, +0 limit, + err | cumulative: 458 ok, 531 throttled [140s]
[2026-08-06 19:34:42]   Batch 11/20: +49 ok, +51 THROTTLED, +0 limit, + err | cumulative: 507 ok, 582 throttled [154s]
[2026-08-06 19:34:57]   Batch 12/20: +5 ok, +48 THROTTLED, +0 limit, + err | cumulative: 512 ok, 630 throttled [169s]
[2026-08-06 19:35:11]   Batch 13/20: +0 ok, + THROTTLED, + limit, + err | cumulative: 512 ok, 630 throttled [183s]
[2026-08-06 19:35:26]   Batch 14/20: +0 ok, + THROTTLED, + limit, + err | cumulative: 512 ok, 630 throttled [198s]
[2026-08-06 19:35:40]   Batch 15/20: +0 ok, + THROTTLED, + limit, + err | cumulative: 512 ok, 630 throttled [212s]
[2026-08-06 19:35:55]   Batch 16/20: +0 ok, + THROTTLED, + limit, + err | cumulative: 512 ok, 630 throttled [227s]
[2026-08-06 19:36:09]   Batch 17/20: +0 ok, + THROTTLED, + limit, + err | cumulative: 512 ok, 630 throttled [241s]
[2026-08-06 19:36:23]   Batch 18/20: +0 ok, + THROTTLED, + limit, + err | cumulative: 512 ok, 630 throttled [255s]
[2026-08-06 19:36:37]   Batch 19/20: +0 ok, + THROTTLED, + limit, + err | cumulative: 512 ok, 630 throttled [269s]
[2026-08-06 19:36:52]   Batch 20/20: +0 ok, + THROTTLED, + limit, + err | cumulative: 512 ok, 630 throttled [284s]
[2026-08-06 19:36:52] 
[2026-08-06 19:36:52] Wave 6 complete in 284s:
[2026-08-06 19:36:52]   ✓ Success:    512
[2026-08-06 19:36:52]   ⚡ Throttled:  630  ← THIS IS THE SIGNAL AWS SEES
[2026-08-06 19:36:52]   🚫 Limit hit:  0
[2026-08-06 19:36:52]   ✗ Errors:     0
[2026-08-06 19:36:52]   Rate:         4.0 calls/s
[2026-08-06 19:36:52] 
[2026-08-06 19:36:52] Terminating 512 created VMs...
[2026-08-06 19:38:06] Terminated 512 VMs in 74s
[2026-08-06 19:38:06] 
[2026-08-06 19:38:06] ╔══════════════════════════════════════════════════════════════╗
[2026-08-06 19:38:06] ║              PRESSURE TEST COMPLETE                         ║
[2026-08-06 19:38:06] ╠══════════════════════════════════════════════════════════════╣
[2026-08-06 19:38:06] ║  Total API calls:   6885
[2026-08-06 19:38:06] ║  Successful:        3072
[2026-08-06 19:38:06] ║  THROTTLED (429):   3813  ← quota increase signal
[2026-08-06 19:38:06] ║  Limit hit:         0
[2026-08-06 19:38:06] ║  Errors:            0
[2026-08-06 19:38:06] ║  Waves completed:   6
[2026-08-06 19:38:06] ╠══════════════════════════════════════════════════════════════╣
[2026-08-06 19:38:06] ║  ATTACH THIS LOG TO AWS SUPPORT TICKET                     ║
[2026-08-06 19:38:06] ║  Evidence: sustained throttling = sustained demand          ║
[2026-08-06 19:38:06] ╚══════════════════════════════════════════════════════════════╝
[2026-08-06 19:38:06] Results: /home/ubuntu/projects/microvm/KubeMicroVM/uat/results/burst-warmup/20260806-183345-pressure
